
> petrobras-quest-ai@1.0.0 build C:\Workspace\petrobras-quest
> next build

Ôû▓ Next.js 16.1.6 (Turbopack)
- Environments: .env.local

  Creating an optimized production build ...
node.exe : 
No C:\Program Files\nodejs\pnpm.ps1:16 
caractere:5
+     & "$basedir/node$exe"  
"$basedir/node_modules/corepack/dist/pnpm. 
...
+     ~~~~~~~~~~~~~~~~~~~~~~~~~~~~~~~~~~~~~~~
~~~~~~~~~~~~~~~~~~~~~~~~~~
    + CategoryInfo          : NotSpecified:  
   (:String) [], RemoteException
    + FullyQualifiedErrorId : NativeCommandE 
   rror
 
> Build error occurred
Error: Turbopack build failed with 59 errors:
./src/app/(dashboard)/pages/[id]/page.tsx:7:1
Module not found: Can't resolve 
'@/app/actions/pages'
[0m [90m  5 |[39m [36mimport[39m 
[33mLink[39m [36mfrom[39m 
[32m'next/link'[39m[33m;[39m
 [90m  6 |[39m [36mimport[39m { 
[33mPageForm[39m[33m,[39m type 
[33mPageFormData[39m } [36mfrom[39m [32m
'@/components/pages/page-form'[39m[33m;[39
m
[31m[1m>[22m[39m[90m  7 |[39m 
[36mimport[39m { updatePage[33m,[39m 
type [33mPageActionResponse[39m } 
[36mfrom[39m 
[32m'@/app/actions/pages'[39m[33m;[39m
 [90m    |[39m [31m[1m^[22m[39m[31m[1
m^[22m[39m[31m[1m^[22m[39m[31m[1m^[2
2m[39m[31m[1m^[22m[39m[31m[1m^[22m[3
9m[31m[1m^[22m[39m[31m[1m^[22m[39m[3
1m[1m^[22m[39m[31m[1m^[22m[39m[31m[1
m^[22m[39m[31m[1m^[22m[39m[31m[1m^[2
2m[39m[31m[1m^[22m[39m[31m[1m^[22m[3
9m[31m[1m^[22m[39m[31m[1m^[22m[39m[3
1m[1m^[22m[39m[31m[1m^[22m[39m[31m[1
m^[22m[39m[31m[1m^[22m[39m[31m[1m^[2
2m[39m[31m[1m^[22m[39m[31m[1m^[22m[3
9m[31m[1m^[22m[39m[31m[1m^[22m[39m[3
1m[1m^[22m[39m[31m[1m^[22m[39m[31m[1
m^[22m[39m[31m[1m^[22m[39m[31m[1m^[2
2m[39m[31m[1m^[22m[39m[31m[1m^[22m[3
9m[31m[1m^[22m[39m[31m[1m^[22m[39m[3
1m[1m^[22m[39m[31m[1m^[22m[39m[31m[1
m^[22m[39m[31m[1m^[22m[39m[31m[1m^[2
2m[39m[31m[1m^[22m[39m[31m[1m^[22m[3
9m[31m[1m^[22m[39m[31m[1m^[22m[39m[3
1m[1m^[22m[39m[31m[1m^[22m[39m[31m[1
m^[22m[39m[31m[1m^[22m[39m[31m[1m^[2
2m[39m[31m[1m^[22m[39m[31m[1m^[22m[3
9m[31m[1m^[22m[39m[31m[1m^[22m[39m[3
1m[1m^[22m[39m[31m[1m^[22m[39m[31m[1
m^[22m[39m[31m[1m^[22m[39m[31m[1m^[2
2m[39m[31m[1m^[22m[39m[31m[1m^[22m[3
9m[31m[1m^[22m[39m[31m[1m^[22m[39m[3
1m[1m^[22m[39m[31m[1m^[22m[39m[31m[1
m^[22m[39m[31m[1m^[22m[39m[31m[1m^[2
2m[39m[31m[1m^[22m[39m[31m[1m^[22m[3
9m[31m[1m^[22m[39m[31m[1m^[22m[39m[3
1m[1m^[22m[39m[31m[1m^[22m[39m[31m[1
m^[22m[39m
 [90m  8 |[39m [36mimport[39m { 
useEffectEventHandler } [36mfrom[39m [32m'
@/lib/hooks/useEffectEventHandler'[39m[33m;
[39m
 [90m  9 |[39m
 [90m 10 |[39m [36mconst[39m 
parentOptions [33m=[39m [[0m

Import map: aliased to relative 
'./src/app/actions/pages' inside of 
[project]/ | aliased to relative 
'./admin-template/app/actions/pages' inside 
of [project]/ | aliased to relative 
'./app/actions/pages' inside of [project]/


Import traces:
  Client Component Browser:
    
./src/app/(dashboard)/pages/[id]/page.tsx 
[Client Component Browser]
    
./src/app/(dashboard)/pages/[id]/page.tsx 
[Server Component]

  Client Component SSR:
    
./src/app/(dashboard)/pages/[id]/page.tsx 
[Client Component SSR]
    
./src/app/(dashboard)/pages/[id]/page.tsx 
[Server Component]

https://nextjs.org/docs/messages/module-not-f
ound


./src/app/(dashboard)/pages/new/page.tsx:7:1
Module not found: Can't resolve 
'@/app/actions/pages'
[0m [90m  5 |[39m [36mimport[39m 
[33mLink[39m [36mfrom[39m 
[32m'next/link'[39m[33m;[39m
 [90m  6 |[39m [36mimport[39m { 
[33mPageForm[39m[33m,[39m type 
[33mPageFormData[39m } [36mfrom[39m [32m
'@/components/pages/page-form'[39m[33m;[39
m
[31m[1m>[22m[39m[90m  7 |[39m 
[36mimport[39m { createPage[33m,[39m 
type [33mPageActionResponse[39m } 
[36mfrom[39m 
[32m'@/app/actions/pages'[39m[33m;[39m
 [90m    |[39m [31m[1m^[22m[39m[31m[1
m^[22m[39m[31m[1m^[22m[39m[31m[1m^[2
2m[39m[31m[1m^[22m[39m[31m[1m^[22m[3
9m[31m[1m^[22m[39m[31m[1m^[22m[39m[3
1m[1m^[22m[39m[31m[1m^[22m[39m[31m[1
m^[22m[39m[31m[1m^[22m[39m[31m[1m^[2
2m[39m[31m[1m^[22m[39m[31m[1m^[22m[3
9m[31m[1m^[22m[39m[31m[1m^[22m[39m[3
1m[1m^[22m[39m[31m[1m^[22m[39m[31m[1
m^[22m[39m[31m[1m^[22m[39m[31m[1m^[2
2m[39m[31m[1m^[22m[39m[31m[1m^[22m[3
9m[31m[1m^[22m[39m[31m[1m^[22m[39m[3
1m[1m^[22m[39m[31m[1m^[22m[39m[31m[1
m^[22m[39m[31m[1m^[22m[39m[31m[1m^[2
2m[39m[31m[1m^[22m[39m[31m[1m^[22m[3
9m[31m[1m^[22m[39m[31m[1m^[22m[39m[3
1m[1m^[22m[39m[31m[1m^[22m[39m[31m[1
m^[22m[39m[31m[1m^[22m[39m[31m[1m^[2
2m[39m[31m[1m^[22m[39m[31m[1m^[22m[3
9m[31m[1m^[22m[39m[31m[1m^[22m[39m[3
1m[1m^[22m[39m[31m[1m^[22m[39m[31m[1
m^[22m[39m[31m[1m^[22m[39m[31m[1m^[2
2m[39m[31m[1m^[22m[39m[31m[1m^[22m[3
9m[31m[1m^[22m[39m[31m[1m^[22m[39m[3
1m[1m^[22m[39m[31m[1m^[22m[39m[31m[1
m^[22m[39m[31m[1m^[22m[39m[31m[1m^[2
2m[39m[31m[1m^[22m[39m[31m[1m^[22m[3
9m[31m[1m^[22m[39m[31m[1m^[22m[39m[3
1m[1m^[22m[39m[31m[1m^[22m[39m[31m[1
m^[22m[39m[31m[1m^[22m[39m[31m[1m^[2
2m[39m[31m[1m^[22m[39m[31m[1m^[22m[3
9m[31m[1m^[22m[39m[31m[1m^[22m[39m[3
1m[1m^[22m[39m[31m[1m^[22m[39m[31m[1
m^[22m[39m
 [90m  8 |[39m [36mimport[39m { 
useEffectEventHandler } [36mfrom[39m [32m'
@/lib/hooks/useEffectEventHandler'[39m[33m;
[39m
 [90m  9 |[39m
 [90m 10 |[39m [36mconst[39m 
parentOptions [33m=[39m [[0m

Import map: aliased to relative 
'./src/app/actions/pages' inside of 
[project]/ | aliased to relative 
'./admin-template/app/actions/pages' inside 
of [project]/ | aliased to relative 
'./app/actions/pages' inside of [project]/


Import traces:
  Client Component Browser:
    ./src/app/(dashboard)/pages/new/page.tsx 
[Client Component Browser]
    ./src/app/(dashboard)/pages/new/page.tsx 
[Server Component]

  Client Component SSR:
    ./src/app/(dashboard)/pages/new/page.tsx 
[Client Component SSR]
    ./src/app/(dashboard)/pages/new/page.tsx 
[Server Component]

https://nextjs.org/docs/messages/module-not-f
ound


./src/app/(dashboard)/pages/page.tsx:11:1
Module not found: Can't resolve 
'@/app/actions/pages'
[0m [90m  9 |[39m [36mimport[39m { 
[33mPaginationControls[39m } 
[36mfrom[39m [32m'@/components/ui/paginati
on-controls'[39m[33m;[39m
 [90m 10 |[39m [36mimport[39m { 
[33mPageFormModal[39m } [36mfrom[39m [32
m'@/components/pages/page-form-modal'[39m[3
3m;[39m
[31m[1m>[22m[39m[90m 11 |[39m 
[36mimport[39m { 
 [90m    |[39m [31m[1m^[22m[39m[31m[1
m^[22m[39m[31m[1m^[22m[39m[31m[1m^[2
2m[39m[31m[1m^[22m[39m[31m[1m^[22m[3
9m[31m[1m^[22m[39m[31m[1m^[22m[39m[3
1m[1m^[22m[39m
[31m[1m>[22m[39m[90m 12 |[39m   
deletePage[33m,[39m 
 [90m    |[39m [31m[1m^[22m[39m[31m[1
m^[22m[39m[31m[1m^[22m[39m[31m[1m^[2
2m[39m[31m[1m^[22m[39m[31m[1m^[22m[3
9m[31m[1m^[22m[39m[31m[1m^[22m[39m[3
1m[1m^[22m[39m[31m[1m^[22m[39m[31m[1
m^[22m[39m[31m[1m^[22m[39m[31m[1m^[2
2m[39m[31m[1m^[22m[39m
[31m[1m>[22m[39m[90m 13 |[39m   
deletePagesBulk[33m,[39m
 [90m    |[39m [31m[1m^[22m[39m[31m[1
m^[22m[39m[31m[1m^[22m[39m[31m[1m^[2
2m[39m[31m[1m^[22m[39m[31m[1m^[22m[3
9m[31m[1m^[22m[39m[31m[1m^[22m[39m[3
1m[1m^[22m[39m[31m[1m^[22m[39m[31m[1
m^[22m[39m[31m[1m^[22m[39m[31m[1m^[2
2m[39m[31m[1m^[22m[39m
[31m[1m>[22m[39m[90m 14 |[39m   
listPages[33m,[39m 
 [90m    |[39m [31m[1m^[22m[39m[31m[1
m^[22m[39m[31m[1m^[22m[39m[31m[1m^[2
2m[39m[31m[1m^[22m[39m[31m[1m^[22m[3
9m[31m[1m^[22m[39m[31m[1m^[22m[39m[3
1m[1m^[22m[39m[31m[1m^[22m[39m[31m[1
m^[22m[39m[31m[1m^[22m[39m[31m[1m^[2
2m[39m[31m[1m^[22m[39m
[31m[1m>[22m[39m[90m 15 |[39m   
getPageStats[33m,[39m
 [90m    |[39m [31m[1m^[22m[39m[31m[1
m^[22m[39m[31m[1m^[22m[39m[31m[1m^[2
2m[39m[31m[1m^[22m[39m[31m[1m^[22m[3
9m[31m[1m^[22m[39m[31m[1m^[22m[39m[3
1m[1m^[22m[39m[31m[1m^[22m[39m[31m[1
m^[22m[39m[31m[1m^[22m[39m[31m[1m^[2
2m[39m[31m[1m^[22m[39m
[31m[1m>[22m[39m[90m 16 |[39m   
selectAllPageIds[33m,[39m
 [90m    |[39m [31m[1m^[22m[39m[31m[1
m^[22m[39m[31m[1m^[22m[39m[31m[1m^[2
2m[39m[31m[1m^[22m[39m[31m[1m^[22m[3
9m[31m[1m^[22m[39m[31m[1m^[22m[39m[3
1m[1m^[22m[39m[31m[1m^[22m[39m[31m[1
m^[22m[39m[31m[1m^[22m[39m[31m[1m^[2
2m[39m[31m[1m^[22m[39m
[31m[1m>[22m[39m[90m 17 |[39m   type 
[33mPageActionResponse[39m[33m,[39m
 [90m    |[39m [31m[1m^[22m[39m[31m[1
m^[22m[39m[31m[1m^[22m[39m[31m[1m^[2
2m[39m[31m[1m^[22m[39m[31m[1m^[22m[3
9m[31m[1m^[22m[39m[31m[1m^[22m[39m[3
1m[1m^[22m[39m[31m[1m^[22m[39m[31m[1
m^[22m[39m[31m[1m^[22m[39m[31m[1m^[2
2m[39m[31m[1m^[22m[39m
[31m[1m>[22m[39m[90m 18 |[39m   type 
[33mPageListItem[39m[33m,[39m
 [90m    |[39m [31m[1m^[22m[39m[31m[1
m^[22m[39m[31m[1m^[22m[39m[31m[1m^[2
2m[39m[31m[1m^[22m[39m[31m[1m^[22m[3
9m[31m[1m^[22m[39m[31m[1m^[22m[39m[3
1m[1m^[22m[39m[31m[1m^[22m[39m[31m[1
m^[22m[39m[31m[1m^[22m[39m[31m[1m^[2
2m[39m[31m[1m^[22m[39m
[31m[1m>[22m[39m[90m 19 |[39m } 
[36mfrom[39m 
[32m'@/app/actions/pages'[39m[33m;[39m
 [90m    |[39m [31m[1m^[22m[39m[31m[1
m^[22m[39m[31m[1m^[22m[39m[31m[1m^[2
2m[39m[31m[1m^[22m[39m[31m[1m^[22m[3
9m[31m[1m^[22m[39m[31m[1m^[22m[39m[3
1m[1m^[22m[39m[31m[1m^[22m[39m[31m[1
m^[22m[39m[31m[1m^[22m[39m[31m[1m^[2
2m[39m[31m[1m^[22m[39m[31m[1m^[22m[3
9m[31m[1m^[22m[39m[31m[1m^[22m[39m[3
1m[1m^[22m[39m[31m[1m^[22m[39m[31m[1
m^[22m[39m[31m[1m^[22m[39m[31m[1m^[2
2m[39m[31m[1m^[22m[39m[31m[1m^[22m[3
9m[31m[1m^[22m[39m[31m[1m^[22m[39m[3
1m[1m^[22m[39m[31m[1m^[22m[39m[31m[1
m^[22m[39m[31m[1m^[22m[39m
 [90m 20 |[39m
 [90m 21 |[39m [36minterface[39m 
[33mDeleteState[39m {
 [90m 22 |[39m   isDeletingId[33m:[39m 
string [33m|[39m 
[36mnull[39m[33m;[39m[0m

Import map: aliased to relative 
'./src/app/actions/pages' inside of 
[project]/ | aliased to relative 
'./admin-template/app/actions/pages' inside 
of [project]/ | aliased to relative 
'./app/actions/pages' inside of [project]/


Import traces:
  Client Component Browser:
    ./src/app/(dashboard)/pages/page.tsx 
[Client Component Browser]
    ./src/app/(dashboard)/pages/page.tsx 
[Server Component]

  Client Component SSR:
    ./src/app/(dashboard)/pages/page.tsx 
[Client Component SSR]
    ./src/app/(dashboard)/pages/page.tsx 
[Server Component]

https://nextjs.org/docs/messages/module-not-f
ound


./src/app/(dashboard)/backups/page.tsx:1:1
Module not found: Can't resolve 
'@/app/admin/backups/actions'
[0m[31m[1m>[22m[39m[90m 1 |[39m 
[36mimport[39m { listBackupPolicies } 
[36mfrom[39m [32m'@/app/admin/backups/acti
ons'[39m[33m;[39m
 [90m   |[39m [31m[1m^[22m[39m[31m[1m
^[22m[39m[31m[1m^[22m[39m[31m[1m^[22
m[39m[31m[1m^[22m[39m[31m[1m^[22m[39
m[31m[1m^[22m[39m[31m[1m^[22m[39m[31
m[1m^[22m[39m[31m[1m^[22m[39m[31m[1m
^[22m[39m[31m[1m^[22m[39m[31m[1m^[22
m[39m[31m[1m^[22m[39m[31m[1m^[22m[39
m[31m[1m^[22m[39m[31m[1m^[22m[39m[31
m[1m^[22m[39m[31m[1m^[22m[39m[31m[1m
^[22m[39m[31m[1m^[22m[39m[31m[1m^[22
m[39m[31m[1m^[22m[39m[31m[1m^[22m[39
m[31m[1m^[22m[39m[31m[1m^[22m[39m[31
m[1m^[22m[39m[31m[1m^[22m[39m[31m[1m
^[22m[39m[31m[1m^[22m[39m[31m[1m^[22
m[39m[31m[1m^[22m[39m[31m[1m^[22m[39
m[31m[1m^[22m[39m[31m[1m^[22m[39m[31
m[1m^[22m[39m[31m[1m^[22m[39m[31m[1m
^[22m[39m[31m[1m^[22m[39m[31m[1m^[22
m[39m[31m[1m^[22m[39m[31m[1m^[22m[39
m[31m[1m^[22m[39m[31m[1m^[22m[39m[31
m[1m^[22m[39m[31m[1m^[22m[39m[31m[1m
^[22m[39m[31m[1m^[22m[39m[31m[1m^[22
m[39m[31m[1m^[22m[39m[31m[1m^[22m[39
m[31m[1m^[22m[39m[31m[1m^[22m[39m[31
m[1m^[22m[39m[31m[1m^[22m[39m[31m[1m
^[22m[39m[31m[1m^[22m[39m[31m[1m^[22
m[39m[31m[1m^[22m[39m[31m[1m^[22m[39
m[31m[1m^[22m[39m[31m[1m^[22m[39m[31
m[1m^[22m[39m[31m[1m^[22m[39m[31m[1m
^[22m[39m
 [90m 2 |[39m [36mimport[39m { 
[33mBackupPageClient[39m } [36mfrom[39m 
[32m'@/app/admin/backups/backups-page-client'
[39m[33m;[39m
 [90m 3 |[39m
 [90m 4 |[39m [36mexport[39m 
[36mconst[39m revalidate [33m=[39m 
[35m0[39m[33m;[39m[0m

Import map: aliased to relative 
'./src/app/admin/backups/actions' inside of 
[project]/ | aliased to relative 
'./admin-template/app/admin/backups/actions' 
inside of [project]/ | aliased to relative 
'./app/admin/backups/actions' inside of 
[project]/


https://nextjs.org/docs/messages/module-not-f
ound


./src/app/(dashboard)/backups/page.tsx:2:1
Module not found: Can't resolve 
'@/app/admin/backups/backups-page-client'
[0m [90m 1 |[39m [36mimport[39m { 
listBackupPolicies } [36mfrom[39m [32m'@/a
pp/admin/backups/actions'[39m[33m;[39m
[31m[1m>[22m[39m[90m 2 |[39m 
[36mimport[39m { 
[33mBackupPageClient[39m } [36mfrom[39m 
[32m'@/app/admin/backups/backups-page-client'
[39m[33m;[39m
 [90m   |[39m [31m[1m^[22m[39m[31m[1m
^[22m[39m[31m[1m^[22m[39m[31m[1m^[22
m[39m[31m[1m^[22m[39m[31m[1m^[22m[39
m[31m[1m^[22m[39m[31m[1m^[22m[39m[31
m[1m^[22m[39m[31m[1m^[22m[39m[31m[1m
^[22m[39m[31m[1m^[22m[39m[31m[1m^[22
m[39m[31m[1m^[22m[39m[31m[1m^[22m[39
m[31m[1m^[22m[39m[31m[1m^[22m[39m[31
m[1m^[22m[39m[31m[1m^[22m[39m[31m[1m
^[22m[39m[31m[1m^[22m[39m[31m[1m^[22
m[39m[31m[1m^[22m[39m[31m[1m^[22m[39
m[31m[1m^[22m[39m[31m[1m^[22m[39m[31
m[1m^[22m[39m[31m[1m^[22m[39m[31m[1m
^[22m[39m[31m[1m^[22m[39m[31m[1m^[22
m[39m[31m[1m^[22m[39m[31m[1m^[22m[39
m[31m[1m^[22m[39m[31m[1m^[22m[39m[31
m[1m^[22m[39m[31m[1m^[22m[39m[31m[1m
^[22m[39m[31m[1m^[22m[39m[31m[1m^[22
m[39m[31m[1m^[22m[39m[31m[1m^[22m[39
m[31m[1m^[22m[39m[31m[1m^[22m[39m[31
m[1m^[22m[39m[31m[1m^[22m[39m[31m[1m
^[22m[39m[31m[1m^[22m[39m[31m[1m^[22
m[39m[31m[1m^[22m[39m[31m[1m^[22m[39
m[31m[1m^[22m[39m[31m[1m^[22m[39m[31
m[1m^[22m[39m[31m[1m^[22m[39m[31m[1m
^[22m[39m[31m[1m^[22m[39m[31m[1m^[22
m[39m[31m[1m^[22m[39m[31m[1m^[22m[39
m[31m[1m^[22m[39m[31m[1m^[22m[39m[31
m[1m^[22m[39m[31m[1m^[22m[39m[31m[1m
^[22m[39m[31m[1m^[22m[39m[31m[1m^[22
m[39m[31m[1m^[22m[39m[31m[1m^[22m[39
m[31m[1m^[22m[39m[31m[1m^[22m[39m[31
m[1m^[22m[39m[31m[1m^[22m[39m[31m[1m
^[22m[39m[31m[1m^[22m[39m
 [90m 3 |[39m
 [90m 4 |[39m [36mexport[39m 
[36mconst[39m revalidate [33m=[39m 
[35m0[39m[33m;[39m
 [90m 5 |[39m [36mexport[39m 
[36mconst[39m dynamic [33m=[39m 
[32m'force-dynamic'[39m[33m;[39m[0m

Import map: aliased to relative './src/app/ad
min/backups/backups-page-client' inside of 
[project]/ | aliased to relative './admin-tem
plate/app/admin/backups/backups-page-client' 
inside of [project]/ | aliased to relative 
'./app/admin/backups/backups-page-client' 
inside of [project]/


https://nextjs.org/docs/messages/module-not-f
ound


./src/app/(dashboard)/posts/[id]/page.tsx:7:1
Module not found: Can't resolve 
'@/app/admin/posts/actions'
[0m [90m  5 |[39m [36mimport[39m 
[33mLink[39m [36mfrom[39m 
[32m'next/link'[39m[33m;[39m
 [90m  6 |[39m [36mimport[39m { 
[33mPostForm[39m[33m,[39m type 
[33mPostFormSubmitData[39m } 
[36mfrom[39m [32m'@/components/posts/post-
form'[39m[33m;[39m
[31m[1m>[22m[39m[90m  7 |[39m 
[36mimport[39m { updatePost[33m,[39m 
getPost[33m,[39m type 
[33mPostListData[39m[33m,[39m type 
[33mPostActionError[39m } [36mfrom[39m [
32m'@/app/admin/posts/actions'[39m[33m;[39
m
 [90m    |[39m [31m[1m^[22m[39m[31m[1
m^[22m[39m[31m[1m^[22m[39m[31m[1m^[2
2m[39m[31m[1m^[22m[39m[31m[1m^[22m[3
9m[31m[1m^[22m[39m[31m[1m^[22m[39m[3
1m[1m^[22m[39m[31m[1m^[22m[39m[31m[1
m^[22m[39m[31m[1m^[22m[39m[31m[1m^[2
2m[39m[31m[1m^[22m[39m[31m[1m^[22m[3
9m[31m[1m^[22m[39m[31m[1m^[22m[39m[3
1m[1m^[22m[39m[31m[1m^[22m[39m[31m[1
m^[22m[39m[31m[1m^[22m[39m[31m[1m^[2
2m[39m[31m[1m^[22m[39m[31m[1m^[22m[3
9m[31m[1m^[22m[39m[31m[1m^[22m[39m[3
1m[1m^[22m[39m[31m[1m^[22m[39m[31m[1
m^[22m[39m[31m[1m^[22m[39m[31m[1m^[2
2m[39m[31m[1m^[22m[39m[31m[1m^[22m[3
9m[31m[1m^[22m[39m[31m[1m^[22m[39m[3
1m[1m^[22m[39m[31m[1m^[22m[39m[31m[1
m^[22m[39m[31m[1m^[22m[39m[31m[1m^[2
2m[39m[31m[1m^[22m[39m[31m[1m^[22m[3
9m[31m[1m^[22m[39m[31m[1m^[22m[39m[3
1m[1m^[22m[39m[31m[1m^[22m[39m[31m[1
m^[22m[39m[31m[1m^[22m[39m[31m[1m^[2
2m[39m[31m[1m^[22m[39m[31m[1m^[22m[3
9m[31m[1m^[22m[39m[31m[1m^[22m[39m[3
1m[1m^[22m[39m[31m[1m^[22m[39m[31m[1
m^[22m[39m[31m[1m^[22m[39m[31m[1m^[2
2m[39m[31m[1m^[22m[39m[31m[1m^[22m[3
9m[31m[1m^[22m[39m[31m[1m^[22m[39m[3
1m[1m^[22m[39m[31m[1m^[22m[39m[31m[1
m^[22m[39m[31m[1m^[22m[39m[31m[1m^[2
2m[39m[31m[1m^[22m[39m[31m[1m^[22m[3
9m[31m[1m^[22m[39m[31m[1m^[22m[39m[3
1m[1m^[22m[39m[31m[1m^[22m[39m[31m[1
m^[22m[39m[31m[1m^[22m[39m[31m[1m^[2
2m[39m[31m[1m^[22m[39m[31m[1m^[22m[3
9m[31m[1m^[22m[39m[31m[1m^[22m[39m[3
1m[1m^[22m[39m[31m[1m^[22m[39m[31m[1
m^[22m[39m[31m[1m^[22m[39m[31m[1m^[2
2m[39m[31m[1m^[22m[39m[31m[1m^[22m[3
9m[31m[1m^[22m[39m[31m[1m^[22m[39m[3
1m[1m^[22m[39m[31m[1m^[22m[39m[31m[1
m^[22m[39m[31m[1m^[22m[39m[31m[1m^[2
2m[39m[31m[1m^[22m[39m[31m[1m^[22m[3
9m[31m[1m^[22m[39m[31m[1m^[22m[39m[3
1m[1m^[22m[39m[31m[1m^[22m[39m[31m[1
m^[22m[39m[31m[1m^[22m[39m[31m[1m^[2
2m[39m[31m[1m^[22m[39m[31m[1m^[22m[3
9m
 [90m  8 |[39m [36mimport[39m { 
[33mLuLoader[39m } [36mfrom[39m 
[32m'react-icons/lu'[39m[33m;[39m
 [90m  9 |[39m [36mimport[39m { 
[33mFeaturedImagePicker[39m } 
[36mfrom[39m [32m'@/components/posts/featu
red-image-picker'[39m[33m;[39m
 [90m 10 |[39m [36mimport[39m type { 
[33mMediaAsset[39m } [36mfrom[39m [32m'@
/app/admin/media/actions'[39m[33m;[39m[0m

Import map: aliased to relative 
'./src/app/admin/posts/actions' inside of 
[project]/ | aliased to relative 
'./admin-template/app/admin/posts/actions' 
inside of [project]/ | aliased to relative 
'./app/admin/posts/actions' inside of 
[project]/


Import traces:
  Client Component Browser:
    
./src/app/(dashboard)/posts/[id]/page.tsx 
[Client Component Browser]
    
./src/app/(dashboard)/posts/[id]/page.tsx 
[Server Component]

  Client Component SSR:
    
./src/app/(dashboard)/posts/[id]/page.tsx 
[Client Component SSR]
    
./src/app/(dashboard)/posts/[id]/page.tsx 
[Server Component]

https://nextjs.org/docs/messages/module-not-f
ound


./src/app/(dashboard)/accordions/page-client.
tsx:17:1
Module not found: Can't resolve '@/components
/accordions/accordion-form-modal'
[0m [90m 15 |[39m } [36mfrom[39m 
[32m'./actions'[39m[33m;[39m
 [90m 16 |[39m [36mimport[39m { 
[33mAccordionTable[39m } [36mfrom[39m [3
2m'@/components/accordions/accordion-table'[
39m[33m;[39m
[31m[1m>[22m[39m[90m 17 |[39m 
[36mimport[39m { 
[33mAccordionFormModal[39m } 
[36mfrom[39m [32m'@/components/accordions/
accordion-form-modal'[39m[33m;[39m
 [90m    |[39m [31m[1m^[22m[39m[31m[1
m^[22m[39m[31m[1m^[22m[39m[31m[1m^[2
2m[39m[31m[1m^[22m[39m[31m[1m^[22m[3
9m[31m[1m^[22m[39m[31m[1m^[22m[39m[3
1m[1m^[22m[39m[31m[1m^[22m[39m[31m[1
m^[22m[39m[31m[1m^[22m[39m[31m[1m^[2
2m[39m[31m[1m^[22m[39m[31m[1m^[22m[3
9m[31m[1m^[22m[39m[31m[1m^[22m[39m[3
1m[1m^[22m[39m[31m[1m^[22m[39m[31m[1
m^[22m[39m[31m[1m^[22m[39m[31m[1m^[2
2m[39m[31m[1m^[22m[39m[31m[1m^[22m[3
9m[31m[1m^[22m[39m[31m[1m^[22m[39m[3
1m[1m^[22m[39m[31m[1m^[22m[39m[31m[1
m^[22m[39m[31m[1m^[22m[39m[31m[1m^[2
2m[39m[31m[1m^[22m[39m[31m[1m^[22m[3
9m[31m[1m^[22m[39m[31m[1m^[22m[39m[3
1m[1m^[22m[39m[31m[1m^[22m[39m[31m[1
m^[22m[39m[31m[1m^[22m[39m[31m[1m^[2
2m[39m[31m[1m^[22m[39m[31m[1m^[22m[3
9m[31m[1m^[22m[39m[31m[1m^[22m[39m[3
1m[1m^[22m[39m[31m[1m^[22m[39m[31m[1
m^[22m[39m[31m[1m^[22m[39m[31m[1m^[2
2m[39m[31m[1m^[22m[39m[31m[1m^[22m[3
9m[31m[1m^[22m[39m[31m[1m^[22m[39m[3
1m[1m^[22m[39m[31m[1m^[22m[39m[31m[1
m^[22m[39m[31m[1m^[22m[39m[31m[1m^[2
2m[39m[31m[1m^[22m[39m[31m[1m^[22m[3
9m[31m[1m^[22m[39m[31m[1m^[22m[39m[3
1m[1m^[22m[39m[31m[1m^[22m[39m[31m[1
m^[22m[39m[31m[1m^[22m[39m[31m[1m^[2
2m[39m[31m[1m^[22m[39m[31m[1m^[22m[3
9m[31m[1m^[22m[39m[31m[1m^[22m[39m[3
1m[1m^[22m[39m[31m[1m^[22m[39m[31m[1
m^[22m[39m[31m[1m^[22m[39m[31m[1m^[2
2m[39m[31m[1m^[22m[39m[31m[1m^[22m[3
9m[31m[1m^[22m[39m[31m[1m^[22m[39m[3
1m[1m^[22m[39m[31m[1m^[22m[39m
 [90m 18 |[39m [36mimport[39m { 
[33mAccordionPreview[39m } [36mfrom[39m 
[32m'@/components/accordions/accordion-previe
w'[39m[33m;[39m
 [90m 19 |[39m [36mimport[39m { 
getAccordionBlock[33m,[39m 
deleteAccordionBlock } [36mfrom[39m 
[32m'./actions'[39m[33m;[39m
 [90m 20 |[39m[0m

Import map: aliased to relative './src/compon
ents/accordions/accordion-form-modal' inside 
of [project]/ | aliased to relative './admin-
template/components/accordions/accordion-form
-modal' inside of [project]/ | aliased to 
relative './components/accordions/accordion-f
orm-modal' inside of [project]/


Import trace:
  Server Component:
    ./src/app/(dashboard)/accordions/page-cli
ent.tsx
    ./src/app/(dashboard)/accordions/page.tsx

https://nextjs.org/docs/messages/module-not-f
ound


./src/app/(dashboard)/accordions/page-client.
tsx:18:1
Module not found: Can't resolve 
'@/components/accordions/accordion-preview'
[0m [90m 16 |[39m [36mimport[39m { 
[33mAccordionTable[39m } [36mfrom[39m [3
2m'@/components/accordions/accordion-table'[
39m[33m;[39m
 [90m 17 |[39m [36mimport[39m { 
[33mAccordionFormModal[39m } 
[36mfrom[39m [32m'@/components/accordions/
accordion-form-modal'[39m[33m;[39m
[31m[1m>[22m[39m[90m 18 |[39m 
[36mimport[39m { 
[33mAccordionPreview[39m } [36mfrom[39m 
[32m'@/components/accordions/accordion-previe
w'[39m[33m;[39m
 [90m    |[39m [31m[1m^[22m[39m[31m[1
m^[22m[39m[31m[1m^[22m[39m[31m[1m^[2
2m[39m[31m[1m^[22m[39m[31m[1m^[22m[3
9m[31m[1m^[22m[39m[31m[1m^[22m[39m[3
1m[1m^[22m[39m[31m[1m^[22m[39m[31m[1
m^[22m[39m[31m[1m^[22m[39m[31m[1m^[2
2m[39m[31m[1m^[22m[39m[31m[1m^[22m[3
9m[31m[1m^[22m[39m[31m[1m^[22m[39m[3
1m[1m^[22m[39m[31m[1m^[22m[39m[31m[1
m^[22m[39m[31m[1m^[22m[39m[31m[1m^[2
2m[39m[31m[1m^[22m[39m[31m[1m^[22m[3
9m[31m[1m^[22m[39m[31m[1m^[22m[39m[3
1m[1m^[22m[39m[31m[1m^[22m[39m[31m[1
m^[22m[39m[31m[1m^[22m[39m[31m[1m^[2
2m[39m[31m[1m^[22m[39m[31m[1m^[22m[3
9m[31m[1m^[22m[39m[31m[1m^[22m[39m[3
1m[1m^[22m[39m[31m[1m^[22m[39m[31m[1
m^[22m[39m[31m[1m^[22m[39m[31m[1m^[2
2m[39m[31m[1m^[22m[39m[31m[1m^[22m[3
9m[31m[1m^[22m[39m[31m[1m^[22m[39m[3
1m[1m^[22m[39m[31m[1m^[22m[39m[31m[1
m^[22m[39m[31m[1m^[22m[39m[31m[1m^[2
2m[39m[31m[1m^[22m[39m[31m[1m^[22m[3
9m[31m[1m^[22m[39m[31m[1m^[22m[39m[3
1m[1m^[22m[39m[31m[1m^[22m[39m[31m[1
m^[22m[39m[31m[1m^[22m[39m[31m[1m^[2
2m[39m[31m[1m^[22m[39m[31m[1m^[22m[3
9m[31m[1m^[22m[39m[31m[1m^[22m[39m[3
1m[1m^[22m[39m[31m[1m^[22m[39m[31m[1
m^[22m[39m[31m[1m^[22m[39m[31m[1m^[2
2m[39m[31m[1m^[22m[39m[31m[1m^[22m[3
9m[31m[1m^[22m[39m[31m[1m^[22m[39m[3
1m[1m^[22m[39m[31m[1m^[22m[39m[31m[1
m^[22m[39m[31m[1m^[22m[39m[31m[1m^[2
2m[39m[31m[1m^[22m[39m
 [90m 19 |[39m [36mimport[39m { 
getAccordionBlock[33m,[39m 
deleteAccordionBlock } [36mfrom[39m 
[32m'./actions'[39m[33m;[39m
 [90m 20 |[39m
 [90m 21 |[39m [36minterface[39m 
[33mAccordionsData[39m {[0m

Import map: aliased to relative './src/compon
ents/accordions/accordion-preview' inside of 
[project]/ | aliased to relative './admin-tem
plate/components/accordions/accordion-preview
' inside of [project]/ | aliased to relative 
'./components/accordions/accordion-preview' 
inside of [project]/


Import trace:
  Server Component:
    ./src/app/(dashboard)/accordions/page-cli
ent.tsx
    ./src/app/(dashboard)/accordions/page.tsx

https://nextjs.org/docs/messages/module-not-f
ound


./src/app/(dashboard)/accordions/page-client.
tsx:16:1
Module not found: Can't resolve 
'@/components/accordions/accordion-table'
[0m [90m 14 |[39m   type 
[33mAccordionStats[39m[33m,[39m
 [90m 15 |[39m } [36mfrom[39m 
[32m'./actions'[39m[33m;[39m
[31m[1m>[22m[39m[90m 16 |[39m 
[36mimport[39m { [33mAccordionTable[39m 
} [36mfrom[39m [32m'@/components/accordion
s/accordion-table'[39m[33m;[39m
 [90m    |[39m [31m[1m^[22m[39m[31m[1
m^[22m[39m[31m[1m^[22m[39m[31m[1m^[2
2m[39m[31m[1m^[22m[39m[31m[1m^[22m[3
9m[31m[1m^[22m[39m[31m[1m^[22m[39m[3
1m[1m^[22m[39m[31m[1m^[22m[39m[31m[1
m^[22m[39m[31m[1m^[22m[39m[31m[1m^[2
2m[39m[31m[1m^[22m[39m[31m[1m^[22m[3
9m[31m[1m^[22m[39m[31m[1m^[22m[39m[3
1m[1m^[22m[39m[31m[1m^[22m[39m[31m[1
m^[22m[39m[31m[1m^[22m[39m[31m[1m^[2
2m[39m[31m[1m^[22m[39m[31m[1m^[22m[3
9m[31m[1m^[22m[39m[31m[1m^[22m[39m[3
1m[1m^[22m[39m[31m[1m^[22m[39m[31m[1
m^[22m[39m[31m[1m^[22m[39m[31m[1m^[2
2m[39m[31m[1m^[22m[39m[31m[1m^[22m[3
9m[31m[1m^[22m[39m[31m[1m^[22m[39m[3
1m[1m^[22m[39m[31m[1m^[22m[39m[31m[1
m^[22m[39m[31m[1m^[22m[39m[31m[1m^[2
2m[39m[31m[1m^[22m[39m[31m[1m^[22m[3
9m[31m[1m^[22m[39m[31m[1m^[22m[39m[3
1m[1m^[22m[39m[31m[1m^[22m[39m[31m[1
m^[22m[39m[31m[1m^[22m[39m[31m[1m^[2
2m[39m[31m[1m^[22m[39m[31m[1m^[22m[3
9m[31m[1m^[22m[39m[31m[1m^[22m[39m[3
1m[1m^[22m[39m[31m[1m^[22m[39m[31m[1
m^[22m[39m[31m[1m^[22m[39m[31m[1m^[2
2m[39m[31m[1m^[22m[39m[31m[1m^[22m[3
9m[31m[1m^[22m[39m[31m[1m^[22m[39m[3
1m[1m^[22m[39m[31m[1m^[22m[39m[31m[1
m^[22m[39m[31m[1m^[22m[39m[31m[1m^[2
2m[39m[31m[1m^[22m[39m[31m[1m^[22m[3
9m[31m[1m^[22m[39m[31m[1m^[22m[39m[3
1m[1m^[22m[39m[31m[1m^[22m[39m
 [90m 17 |[39m [36mimport[39m { 
[33mAccordionFormModal[39m } 
[36mfrom[39m [32m'@/components/accordions/
accordion-form-modal'[39m[33m;[39m
 [90m 18 |[39m [36mimport[39m { 
[33mAccordionPreview[39m } [36mfrom[39m 
[32m'@/components/accordions/accordion-previe
w'[39m[33m;[39m
 [90m 19 |[39m [36mimport[39m { 
getAccordionBlock[33m,[39m 
deleteAccordionBlock } [36mfrom[39m 
[32m'./actions'[39m[33m;[39m[0m

Import map: aliased to relative './src/compon
ents/accordions/accordion-table' inside of 
[project]/ | aliased to relative './admin-tem
plate/components/accordions/accordion-table' 
inside of [project]/ | aliased to relative 
'./components/accordions/accordion-table' 
inside of [project]/


Import trace:
  Server Component:
    ./src/app/(dashboard)/accordions/page-cli
ent.tsx
    ./src/app/(dashboard)/accordions/page.tsx

https://nextjs.org/docs/messages/module-not-f
ound


./src/app/(dashboard)/audit-logs/page.tsx:6:1
Module not found: Can't resolve '@/components
/audit-logs/audit-log-detail-dialog'
[0m [90m 4 |[39m [36mimport[39m { 
[33mLuActivity[39m[33m,[39m 
[33mLuShieldAlert[39m } [36mfrom[39m 
[32m'react-icons/lu'[39m[33m;[39m
 [90m 5 |[39m [36mimport[39m { 
[33mAuditLogTable[39m[33m,[39m type 
[33mFilterState[39m } [36mfrom[39m [32m'
@/components/audit-logs/audit-log-table'[39m
[33m;[39m
[31m[1m>[22m[39m[90m 6 |[39m 
[36mimport[39m { 
[33mAuditLogDetailDialog[39m } 
[36mfrom[39m [32m'@/components/audit-logs/
audit-log-detail-dialog'[39m[33m;[39m
 [90m   |[39m [31m[1m^[22m[39m[31m[1m
^[22m[39m[31m[1m^[22m[39m[31m[1m^[22
m[39m[31m[1m^[22m[39m[31m[1m^[22m[39
m[31m[1m^[22m[39m[31m[1m^[22m[39m[31
m[1m^[22m[39m[31m[1m^[22m[39m[31m[1m
^[22m[39m[31m[1m^[22m[39m[31m[1m^[22
m[39m[31m[1m^[22m[39m[31m[1m^[22m[39
m[31m[1m^[22m[39m[31m[1m^[22m[39m[31
m[1m^[22m[39m[31m[1m^[22m[39m[31m[1m
^[22m[39m[31m[1m^[22m[39m[31m[1m^[22
m[39m[31m[1m^[22m[39m[31m[1m^[22m[39
m[31m[1m^[22m[39m[31m[1m^[22m[39m[31
m[1m^[22m[39m[31m[1m^[22m[39m[31m[1m
^[22m[39m[31m[1m^[22m[39m[31m[1m^[22
m[39m[31m[1m^[22m[39m[31m[1m^[22m[39
m[31m[1m^[22m[39m[31m[1m^[22m[39m[31
m[1m^[22m[39m[31m[1m^[22m[39m[31m[1m
^[22m[39m[31m[1m^[22m[39m[31m[1m^[22
m[39m[31m[1m^[22m[39m[31m[1m^[22m[39
m[31m[1m^[22m[39m[31m[1m^[22m[39m[31
m[1m^[22m[39m[31m[1m^[22m[39m[31m[1m
^[22m[39m[31m[1m^[22m[39m[31m[1m^[22
m[39m[31m[1m^[22m[39m[31m[1m^[22m[39
m[31m[1m^[22m[39m[31m[1m^[22m[39m[31
m[1m^[22m[39m[31m[1m^[22m[39m[31m[1m
^[22m[39m[31m[1m^[22m[39m[31m[1m^[22
m[39m[31m[1m^[22m[39m[31m[1m^[22m[39
m[31m[1m^[22m[39m[31m[1m^[22m[39m[31
m[1m^[22m[39m[31m[1m^[22m[39m[31m[1m
^[22m[39m[31m[1m^[22m[39m[31m[1m^[22
m[39m[31m[1m^[22m[39m[31m[1m^[22m[39
m[31m[1m^[22m[39m[31m[1m^[22m[39m[31
m[1m^[22m[39m[31m[1m^[22m[39m[31m[1m
^[22m[39m[31m[1m^[22m[39m[31m[1m^[22
m[39m[31m[1m^[22m[39m[31m[1m^[22m[39
m[31m[1m^[22m[39m[31m[1m^[22m[39m[31
m[1m^[22m[39m[31m[1m^[22m[39m[31m[1m
^[22m[39m[31m[1m^[22m[39m[31m[1m^[22
m[39m[31m[1m^[22m[39m[31m[1m^[22m[39
m
 [90m 7 |[39m [36mimport[39m { 
[33mTextRoll[39m } [36mfrom[39m [32m'@/c
omponents/core/text-roll'[39m[33m;[39m
 [90m 8 |[39m [36mimport[39m {
 [90m 9 |[39m   
listAuditLogs[33m,[39m[0m

Import map: aliased to relative './src/compon
ents/audit-logs/audit-log-detail-dialog' 
inside of [project]/ | aliased to relative '.
/admin-template/components/audit-logs/audit-l
og-detail-dialog' inside of [project]/ | 
aliased to relative './components/audit-logs/
audit-log-detail-dialog' inside of [project]/


Import traces:
  Client Component Browser:
    
./src/app/(dashboard)/audit-logs/page.tsx 
[Client Component Browser]
    
./src/app/(dashboard)/audit-logs/page.tsx 
[Server Component]

  Client Component SSR:
    
./src/app/(dashboard)/audit-logs/page.tsx 
[Client Component SSR]
    
./src/app/(dashboard)/audit-logs/page.tsx 
[Server Component]

https://nextjs.org/docs/messages/module-not-f
ound


./src/app/(dashboard)/audit-logs/page.tsx:5:1
Module not found: Can't resolve 
'@/components/audit-logs/audit-log-table'
[0m [90m 3 |[39m [36mimport[39m { 
useState[33m,[39m useEffect[33m,[39m 
useCallback } [36mfrom[39m 
[32m'react'[39m[33m;[39m
 [90m 4 |[39m [36mimport[39m { 
[33mLuActivity[39m[33m,[39m 
[33mLuShieldAlert[39m } [36mfrom[39m 
[32m'react-icons/lu'[39m[33m;[39m
[31m[1m>[22m[39m[90m 5 |[39m 
[36mimport[39m { 
[33mAuditLogTable[39m[33m,[39m type 
[33mFilterState[39m } [36mfrom[39m [32m'
@/components/audit-logs/audit-log-table'[39m
[33m;[39m
 [90m   |[39m [31m[1m^[22m[39m[31m[1m
^[22m[39m[31m[1m^[22m[39m[31m[1m^[22
m[39m[31m[1m^[22m[39m[31m[1m^[22m[39
m[31m[1m^[22m[39m[31m[1m^[22m[39m[31
m[1m^[22m[39m[31m[1m^[22m[39m[31m[1m
^[22m[39m[31m[1m^[22m[39m[31m[1m^[22
m[39m[31m[1m^[22m[39m[31m[1m^[22m[39
m[31m[1m^[22m[39m[31m[1m^[22m[39m[31
m[1m^[22m[39m[31m[1m^[22m[39m[31m[1m
^[22m[39m[31m[1m^[22m[39m[31m[1m^[22
m[39m[31m[1m^[22m[39m[31m[1m^[22m[39
m[31m[1m^[22m[39m[31m[1m^[22m[39m[31
m[1m^[22m[39m[31m[1m^[22m[39m[31m[1m
^[22m[39m[31m[1m^[22m[39m[31m[1m^[22
m[39m[31m[1m^[22m[39m[31m[1m^[22m[39
m[31m[1m^[22m[39m[31m[1m^[22m[39m[31
m[1m^[22m[39m[31m[1m^[22m[39m[31m[1m
^[22m[39m[31m[1m^[22m[39m[31m[1m^[22
m[39m[31m[1m^[22m[39m[31m[1m^[22m[39
m[31m[1m^[22m[39m[31m[1m^[22m[39m[31
m[1m^[22m[39m[31m[1m^[22m[39m[31m[1m
^[22m[39m[31m[1m^[22m[39m[31m[1m^[22
m[39m[31m[1m^[22m[39m[31m[1m^[22m[39
m[31m[1m^[22m[39m[31m[1m^[22m[39m[31
m[1m^[22m[39m[31m[1m^[22m[39m[31m[1m
^[22m[39m[31m[1m^[22m[39m[31m[1m^[22
m[39m[31m[1m^[22m[39m[31m[1m^[22m[39
m[31m[1m^[22m[39m[31m[1m^[22m[39m[31
m[1m^[22m[39m[31m[1m^[22m[39m[31m[1m
^[22m[39m[31m[1m^[22m[39m[31m[1m^[22
m[39m[31m[1m^[22m[39m[31m[1m^[22m[39
m[31m[1m^[22m[39m[31m[1m^[22m[39m[31
m[1m^[22m[39m[31m[1m^[22m[39m[31m[1m
^[22m[39m[31m[1m^[22m[39m[31m[1m^[22
m[39m[31m[1m^[22m[39m[31m[1m^[22m[39
m[31m[1m^[22m[39m[31m[1m^[22m[39m[31
m[1m^[22m[39m[31m[1m^[22m[39m[31m[1m
^[22m[39m[31m[1m^[22m[39m[31m[1m^[22
m[39m[31m[1m^[22m[39m[31m[1m^[22m[39
m[31m[1m^[22m[39m[31m[1m^[22m[39m[31
m[1m^[22m[39m
 [90m 6 |[39m [36mimport[39m { 
[33mAuditLogDetailDialog[39m } 
[36mfrom[39m [32m'@/components/audit-logs/
audit-log-detail-dialog'[39m[33m;[39m
 [90m 7 |[39m [36mimport[39m { 
[33mTextRoll[39m } [36mfrom[39m [32m'@/c
omponents/core/text-roll'[39m[33m;[39m
 [90m 8 |[39m [36mimport[39m {[0m

Import map: aliased to relative './src/compon
ents/audit-logs/audit-log-table' inside of 
[project]/ | aliased to relative './admin-tem
plate/components/audit-logs/audit-log-table' 
inside of [project]/ | aliased to relative 
'./components/audit-logs/audit-log-table' 
inside of [project]/


Import traces:
  Client Component Browser:
    
./src/app/(dashboard)/audit-logs/page.tsx 
[Client Component Browser]
    
./src/app/(dashboard)/audit-logs/page.tsx 
[Server Component]

  Client Component SSR:
    
./src/app/(dashboard)/audit-logs/page.tsx 
[Client Component SSR]
    
./src/app/(dashboard)/audit-logs/page.tsx 
[Server Component]

https://nextjs.org/docs/messages/module-not-f
ound


./src/app/(dashboard)/categories/categories-h
ierarchy-client.tsx:6:1
Module not found: Can't resolve 
'@/components/categories/category-form-modal'
[0m [90m 4 |[39m [36mimport[39m { 
[33mLuFolderTree[39m[33m,[39m 
[33mLuCheck[39m[33m,[39m 
[33mLuFileText[39m[33m,[39m 
[33mLuLayers[39m[33m,[39m 
[33mLuPlus[39m[33m,[39m 
[33mLuLoader[39m[33m,[39m 
[33mLuFilter[39m } [36mfrom[39m 
[32m'react-icons/lu'[39m[33m;[39m
 [90m 5 |[39m [36mimport[39m { 
[33mCategoryHierarchyList[39m } 
[36mfrom[39m [32m'@/components/categories/
category-hierarchy-list'[39m[33m;[39m
[31m[1m>[22m[39m[90m 6 |[39m 
[36mimport[39m { 
[33mCategoryFormModal[39m } [36mfrom[39m 
[32m'@/components/categories/category-form-m
odal'[39m[33m;[39m
 [90m   |[39m [31m[1m^[22m[39m[31m[1m
^[22m[39m[31m[1m^[22m[39m[31m[1m^[22
m[39m[31m[1m^[22m[39m[31m[1m^[22m[39
m[31m[1m^[22m[39m[31m[1m^[22m[39m[31
m[1m^[22m[39m[31m[1m^[22m[39m[31m[1m
^[22m[39m[31m[1m^[22m[39m[31m[1m^[22
m[39m[31m[1m^[22m[39m[31m[1m^[22m[39
m[31m[1m^[22m[39m[31m[1m^[22m[39m[31
m[1m^[22m[39m[31m[1m^[22m[39m[31m[1m
^[22m[39m[31m[1m^[22m[39m[31m[1m^[22
m[39m[31m[1m^[22m[39m[31m[1m^[22m[39
m[31m[1m^[22m[39m[31m[1m^[22m[39m[31
m[1m^[22m[39m[31m[1m^[22m[39m[31m[1m
^[22m[39m[31m[1m^[22m[39m[31m[1m^[22
m[39m[31m[1m^[22m[39m[31m[1m^[22m[39
m[31m[1m^[22m[39m[31m[1m^[22m[39m[31
m[1m^[22m[39m[31m[1m^[22m[39m[31m[1m
^[22m[39m[31m[1m^[22m[39m[31m[1m^[22
m[39m[31m[1m^[22m[39m[31m[1m^[22m[39
m[31m[1m^[22m[39m[31m[1m^[22m[39m[31
m[1m^[22m[39m[31m[1m^[22m[39m[31m[1m
^[22m[39m[31m[1m^[22m[39m[31m[1m^[22
m[39m[31m[1m^[22m[39m[31m[1m^[22m[39
m[31m[1m^[22m[39m[31m[1m^[22m[39m[31
m[1m^[22m[39m[31m[1m^[22m[39m[31m[1m
^[22m[39m[31m[1m^[22m[39m[31m[1m^[22
m[39m[31m[1m^[22m[39m[31m[1m^[22m[39
m[31m[1m^[22m[39m[31m[1m^[22m[39m[31
m[1m^[22m[39m[31m[1m^[22m[39m[31m[1m
^[22m[39m[31m[1m^[22m[39m[31m[1m^[22
m[39m[31m[1m^[22m[39m[31m[1m^[22m[39
m[31m[1m^[22m[39m[31m[1m^[22m[39m[31
m[1m^[22m[39m[31m[1m^[22m[39m[31m[1m
^[22m[39m[31m[1m^[22m[39m[31m[1m^[22
m[39m[31m[1m^[22m[39m[31m[1m^[22m[39
m[31m[1m^[22m[39m[31m[1m^[22m[39m
 [90m 7 |[39m [36mimport[39m { 
[33mPaginationControls[39m } 
[36mfrom[39m [32m'@/components/ui/paginati
on-controls'[39m[33m;[39m
 [90m 8 |[39m [36mimport[39m {
 [90m 9 |[39m   
[33mCategoryData[39m[33m,[39m[0m

Import map: aliased to relative './src/compon
ents/categories/category-form-modal' inside 
of [project]/ | aliased to relative './admin-
template/components/categories/category-form-
modal' inside of [project]/ | aliased to 
relative './components/categories/category-fo
rm-modal' inside of [project]/


Import trace:
  Server Component:
    ./src/app/(dashboard)/categories/categori
es-hierarchy-client.tsx
    ./src/app/(dashboard)/categories/page.tsx

https://nextjs.org/docs/messages/module-not-f
ound


./src/app/(dashboard)/categories/categories-h
ierarchy-client.tsx:5:1
Module not found: Can't resolve '@/components
/categories/category-hierarchy-list'
[0m [90m 3 |[39m [36mimport[39m { 
useEffect[33m,[39m useMemo[33m,[39m 
useRef[33m,[39m useState[33m,[39m 
useCallback[33m,[39m useTransition } 
[36mfrom[39m [32m'react'[39m[33m;[39m
 [90m 4 |[39m [36mimport[39m { 
[33mLuFolderTree[39m[33m,[39m 
[33mLuCheck[39m[33m,[39m 
[33mLuFileText[39m[33m,[39m 
[33mLuLayers[39m[33m,[39m 
[33mLuPlus[39m[33m,[39m 
[33mLuLoader[39m[33m,[39m 
[33mLuFilter[39m } [36mfrom[39m 
[32m'react-icons/lu'[39m[33m;[39m
[31m[1m>[22m[39m[90m 5 |[39m 
[36mimport[39m { 
[33mCategoryHierarchyList[39m } 
[36mfrom[39m [32m'@/components/categories/
category-hierarchy-list'[39m[33m;[39m
 [90m   |[39m [31m[1m^[22m[39m[31m[1m
^[22m[39m[31m[1m^[22m[39m[31m[1m^[22
m[39m[31m[1m^[22m[39m[31m[1m^[22m[39
m[31m[1m^[22m[39m[31m[1m^[22m[39m[31
m[1m^[22m[39m[31m[1m^[22m[39m[31m[1m
^[22m[39m[31m[1m^[22m[39m[31m[1m^[22
m[39m[31m[1m^[22m[39m[31m[1m^[22m[39
m[31m[1m^[22m[39m[31m[1m^[22m[39m[31
m[1m^[22m[39m[31m[1m^[22m[39m[31m[1m
^[22m[39m[31m[1m^[22m[39m[31m[1m^[22
m[39m[31m[1m^[22m[39m[31m[1m^[22m[39
m[31m[1m^[22m[39m[31m[1m^[22m[39m[31
m[1m^[22m[39m[31m[1m^[22m[39m[31m[1m
^[22m[39m[31m[1m^[22m[39m[31m[1m^[22
m[39m[31m[1m^[22m[39m[31m[1m^[22m[39
m[31m[1m^[22m[39m[31m[1m^[22m[39m[31
m[1m^[22m[39m[31m[1m^[22m[39m[31m[1m
^[22m[39m[31m[1m^[22m[39m[31m[1m^[22
m[39m[31m[1m^[22m[39m[31m[1m^[22m[39
m[31m[1m^[22m[39m[31m[1m^[22m[39m[31
m[1m^[22m[39m[31m[1m^[22m[39m[31m[1m
^[22m[39m[31m[1m^[22m[39m[31m[1m^[22
m[39m[31m[1m^[22m[39m[31m[1m^[22m[39
m[31m[1m^[22m[39m[31m[1m^[22m[39m[31
m[1m^[22m[39m[31m[1m^[22m[39m[31m[1m
^[22m[39m[31m[1m^[22m[39m[31m[1m^[22
m[39m[31m[1m^[22m[39m[31m[1m^[22m[39
m[31m[1m^[22m[39m[31m[1m^[22m[39m[31
m[1m^[22m[39m[31m[1m^[22m[39m[31m[1m
^[22m[39m[31m[1m^[22m[39m[31m[1m^[22
m[39m[31m[1m^[22m[39m[31m[1m^[22m[39
m[31m[1m^[22m[39m[31m[1m^[22m[39m[31
m[1m^[22m[39m[31m[1m^[22m[39m[31m[1m
^[22m[39m[31m[1m^[22m[39m[31m[1m^[22
m[39m[31m[1m^[22m[39m[31m[1m^[22m[39
m[31m[1m^[22m[39m[31m[1m^[22m[39m[31
m[1m^[22m[39m[31m[1m^[22m[39m[31m[1m
^[22m[39m[31m[1m^[22m[39m[31m[1m^[22
m[39m[31m[1m^[22m[39m[31m[1m^[22m[39
m[31m[1m^[22m[39m
 [90m 6 |[39m [36mimport[39m { 
[33mCategoryFormModal[39m } [36mfrom[39m 
[32m'@/components/categories/category-form-m
odal'[39m[33m;[39m
 [90m 7 |[39m [36mimport[39m { 
[33mPaginationControls[39m } 
[36mfrom[39m [32m'@/components/ui/paginati
on-controls'[39m[33m;[39m
 [90m 8 |[39m [36mimport[39m {[0m

Import map: aliased to relative './src/compon
ents/categories/category-hierarchy-list' 
inside of [project]/ | aliased to relative '.
/admin-template/components/categories/categor
y-hierarchy-list' inside of [project]/ | 
aliased to relative './components/categories/
category-hierarchy-list' inside of [project]/


Import trace:
  Server Component:
    ./src/app/(dashboard)/categories/categori
es-hierarchy-client.tsx
    ./src/app/(dashboard)/categories/page.tsx

https://nextjs.org/docs/messages/module-not-f
ound


./src/app/(dashboard)/comments/page.tsx:13:1
Module not found: Can't resolve 
'@/components/comments/comment-table'
[0m [90m 11 |[39m [36mimport[39m { 
listComments[33m,[39m getCommentStats } 
[36mfrom[39m 
[32m'./actions'[39m[33m;[39m
 [90m 12 |[39m [36mimport[39m { 
[33mTextRoll[39m } [36mfrom[39m [32m'@/c
omponents/core/text-roll'[39m[33m;[39m
[31m[1m>[22m[39m[90m 13 |[39m 
[36mimport[39m { [33mCommentTable[39m } 
[36mfrom[39m [32m'@/components/comments/co
mment-table'[39m[33m;[39m
 [90m    |[39m [31m[1m^[22m[39m[31m[1
m^[22m[39m[31m[1m^[22m[39m[31m[1m^[2
2m[39m[31m[1m^[22m[39m[31m[1m^[22m[3
9m[31m[1m^[22m[39m[31m[1m^[22m[39m[3
1m[1m^[22m[39m[31m[1m^[22m[39m[31m[1
m^[22m[39m[31m[1m^[22m[39m[31m[1m^[2
2m[39m[31m[1m^[22m[39m[31m[1m^[22m[3
9m[31m[1m^[22m[39m[31m[1m^[22m[39m[3
1m[1m^[22m[39m[31m[1m^[22m[39m[31m[1
m^[22m[39m[31m[1m^[22m[39m[31m[1m^[2
2m[39m[31m[1m^[22m[39m[31m[1m^[22m[3
9m[31m[1m^[22m[39m[31m[1m^[22m[39m[3
1m[1m^[22m[39m[31m[1m^[22m[39m[31m[1
m^[22m[39m[31m[1m^[22m[39m[31m[1m^[2
2m[39m[31m[1m^[22m[39m[31m[1m^[22m[3
9m[31m[1m^[22m[39m[31m[1m^[22m[39m[3
1m[1m^[22m[39m[31m[1m^[22m[39m[31m[1
m^[22m[39m[31m[1m^[22m[39m[31m[1m^[2
2m[39m[31m[1m^[22m[39m[31m[1m^[22m[3
9m[31m[1m^[22m[39m[31m[1m^[22m[39m[3
1m[1m^[22m[39m[31m[1m^[22m[39m[31m[1
m^[22m[39m[31m[1m^[22m[39m[31m[1m^[2
2m[39m[31m[1m^[22m[39m[31m[1m^[22m[3
9m[31m[1m^[22m[39m[31m[1m^[22m[39m[3
1m[1m^[22m[39m[31m[1m^[22m[39m[31m[1
m^[22m[39m[31m[1m^[22m[39m[31m[1m^[2
2m[39m[31m[1m^[22m[39m[31m[1m^[22m[3
9m[31m[1m^[22m[39m[31m[1m^[22m[39m[3
1m[1m^[22m[39m[31m[1m^[22m[39m[31m[1
m^[22m[39m[31m[1m^[22m[39m[31m[1m^[2
2m[39m
 [90m 14 |[39m [36mimport[39m { 
[33mCommentsPagination[39m } 
[36mfrom[39m [32m'@/components/comments/co
mments-pagination'[39m[33m;[39m
 [90m 15 |[39m [36mimport[39m { 
[33mCommentsPageSizeControls[39m } 
[36mfrom[39m [32m'@/components/comments/co
mments-page-size-controls'[39m[33m;[39m
 [90m 16 |[39m[0m

Import map: aliased to relative 
'./src/components/comments/comment-table' 
inside of [project]/ | aliased to relative '.
/admin-template/components/comments/comment-t
able' inside of [project]/ | aliased to 
relative 
'./components/comments/comment-table' inside 
of [project]/


https://nextjs.org/docs/messages/module-not-f
ound


./src/app/(dashboard)/comments/page.tsx:15:1
Module not found: Can't resolve '@/components
/comments/comments-page-size-controls'
[0m [90m 13 |[39m [36mimport[39m { 
[33mCommentTable[39m } [36mfrom[39m [32m
'@/components/comments/comment-table'[39m[3
3m;[39m
 [90m 14 |[39m [36mimport[39m { 
[33mCommentsPagination[39m } 
[36mfrom[39m [32m'@/components/comments/co
mments-pagination'[39m[33m;[39m
[31m[1m>[22m[39m[90m 15 |[39m 
[36mimport[39m { 
[33mCommentsPageSizeControls[39m } 
[36mfrom[39m [32m'@/components/comments/co
mments-page-size-controls'[39m[33m;[39m
 [90m    |[39m [31m[1m^[22m[39m[31m[1
m^[22m[39m[31m[1m^[22m[39m[31m[1m^[2
2m[39m[31m[1m^[22m[39m[31m[1m^[22m[3
9m[31m[1m^[22m[39m[31m[1m^[22m[39m[3
1m[1m^[22m[39m[31m[1m^[22m[39m[31m[1
m^[22m[39m[31m[1m^[22m[39m[31m[1m^[2
2m[39m[31m[1m^[22m[39m[31m[1m^[22m[3
9m[31m[1m^[22m[39m[31m[1m^[22m[39m[3
1m[1m^[22m[39m[31m[1m^[22m[39m[31m[1
m^[22m[39m[31m[1m^[22m[39m[31m[1m^[2
2m[39m[31m[1m^[22m[39m[31m[1m^[22m[3
9m[31m[1m^[22m[39m[31m[1m^[22m[39m[3
1m[1m^[22m[39m[31m[1m^[22m[39m[31m[1
m^[22m[39m[31m[1m^[22m[39m[31m[1m^[2
2m[39m[31m[1m^[22m[39m[31m[1m^[22m[3
9m[31m[1m^[22m[39m[31m[1m^[22m[39m[3
1m[1m^[22m[39m[31m[1m^[22m[39m[31m[1
m^[22m[39m[31m[1m^[22m[39m[31m[1m^[2
2m[39m[31m[1m^[22m[39m[31m[1m^[22m[3
9m[31m[1m^[22m[39m[31m[1m^[22m[39m[3
1m[1m^[22m[39m[31m[1m^[22m[39m[31m[1
m^[22m[39m[31m[1m^[22m[39m[31m[1m^[2
2m[39m[31m[1m^[22m[39m[31m[1m^[22m[3
9m[31m[1m^[22m[39m[31m[1m^[22m[39m[3
1m[1m^[22m[39m[31m[1m^[22m[39m[31m[1
m^[22m[39m[31m[1m^[22m[39m[31m[1m^[2
2m[39m[31m[1m^[22m[39m[31m[1m^[22m[3
9m[31m[1m^[22m[39m[31m[1m^[22m[39m[3
1m[1m^[22m[39m[31m[1m^[22m[39m[31m[1
m^[22m[39m[31m[1m^[22m[39m[31m[1m^[2
2m[39m[31m[1m^[22m[39m[31m[1m^[22m[3
9m[31m[1m^[22m[39m[31m[1m^[22m[39m[3
1m[1m^[22m[39m[31m[1m^[22m[39m[31m[1
m^[22m[39m[31m[1m^[22m[39m[31m[1m^[2
2m[39m[31m[1m^[22m[39m[31m[1m^[22m[3
9m[31m[1m^[22m[39m[31m[1m^[22m[39m[3
1m[1m^[22m[39m[31m[1m^[22m[39m[31m[1
m^[22m[39m[31m[1m^[22m[39m[31m[1m^[2
2m[39m[31m[1m^[22m[39m[31m[1m^[22m[3
9m[31m[1m^[22m[39m[31m[1m^[22m[39m[3
1m[1m^[22m[39m[31m[1m^[22m[39m[31m[1
m^[22m[39m[31m[1m^[22m[39m
 [90m 16 |[39m
 [90m 17 |[39m [36mexport[39m 
[36mconst[39m dynamic [33m=[39m 
[32m'force-dynamic'[39m[33m;[39m
 [90m 18 |[39m [36mexport[39m 
[36mconst[39m revalidate [33m=[39m 
[35m0[39m[33m;[39m[0m

Import map: aliased to relative './src/compon
ents/comments/comments-page-size-controls' 
inside of [project]/ | aliased to relative '.
/admin-template/components/comments/comments-
page-size-controls' inside of [project]/ | 
aliased to relative './components/comments/co
mments-page-size-controls' inside of 
[project]/


https://nextjs.org/docs/messages/module-not-f
ound


./src/app/(dashboard)/comments/page.tsx:14:1
Module not found: Can't resolve 
'@/components/comments/comments-pagination'
[0m [90m 12 |[39m [36mimport[39m { 
[33mTextRoll[39m } [36mfrom[39m [32m'@/c
omponents/core/text-roll'[39m[33m;[39m
 [90m 13 |[39m [36mimport[39m { 
[33mCommentTable[39m } [36mfrom[39m [32m
'@/components/comments/comment-table'[39m[3
3m;[39m
[31m[1m>[22m[39m[90m 14 |[39m 
[36mimport[39m { 
[33mCommentsPagination[39m } 
[36mfrom[39m [32m'@/components/comments/co
mments-pagination'[39m[33m;[39m
 [90m    |[39m [31m[1m^[22m[39m[31m[1
m^[22m[39m[31m[1m^[22m[39m[31m[1m^[2
2m[39m[31m[1m^[22m[39m[31m[1m^[22m[3
9m[31m[1m^[22m[39m[31m[1m^[22m[39m[3
1m[1m^[22m[39m[31m[1m^[22m[39m[31m[1
m^[22m[39m[31m[1m^[22m[39m[31m[1m^[2
2m[39m[31m[1m^[22m[39m[31m[1m^[22m[3
9m[31m[1m^[22m[39m[31m[1m^[22m[39m[3
1m[1m^[22m[39m[31m[1m^[22m[39m[31m[1
m^[22m[39m[31m[1m^[22m[39m[31m[1m^[2
2m[39m[31m[1m^[22m[39m[31m[1m^[22m[3
9m[31m[1m^[22m[39m[31m[1m^[22m[39m[3
1m[1m^[22m[39m[31m[1m^[22m[39m[31m[1
m^[22m[39m[31m[1m^[22m[39m[31m[1m^[2
2m[39m[31m[1m^[22m[39m[31m[1m^[22m[3
9m[31m[1m^[22m[39m[31m[1m^[22m[39m[3
1m[1m^[22m[39m[31m[1m^[22m[39m[31m[1
m^[22m[39m[31m[1m^[22m[39m[31m[1m^[2
2m[39m[31m[1m^[22m[39m[31m[1m^[22m[3
9m[31m[1m^[22m[39m[31m[1m^[22m[39m[3
1m[1m^[22m[39m[31m[1m^[22m[39m[31m[1
m^[22m[39m[31m[1m^[22m[39m[31m[1m^[2
2m[39m[31m[1m^[22m[39m[31m[1m^[22m[3
9m[31m[1m^[22m[39m[31m[1m^[22m[39m[3
1m[1m^[22m[39m[31m[1m^[22m[39m[31m[1
m^[22m[39m[31m[1m^[22m[39m[31m[1m^[2
2m[39m[31m[1m^[22m[39m[31m[1m^[22m[3
9m[31m[1m^[22m[39m[31m[1m^[22m[39m[3
1m[1m^[22m[39m[31m[1m^[22m[39m[31m[1
m^[22m[39m[31m[1m^[22m[39m[31m[1m^[2
2m[39m[31m[1m^[22m[39m[31m[1m^[22m[3
9m[31m[1m^[22m[39m[31m[1m^[22m[39m[3
1m[1m^[22m[39m[31m[1m^[22m[39m[31m[1
m^[22m[39m[31m[1m^[22m[39m[31m[1m^[2
2m[39m[31m[1m^[22m[39m[31m[1m^[22m[3
9m[31m[1m^[22m[39m
 [90m 15 |[39m [36mimport[39m { 
[33mCommentsPageSizeControls[39m } 
[36mfrom[39m [32m'@/components/comments/co
mments-page-size-controls'[39m[33m;[39m
 [90m 16 |[39m
 [90m 17 |[39m [36mexport[39m 
[36mconst[39m dynamic [33m=[39m 
[32m'force-dynamic'[39m[33m;[39m[0m

Import map: aliased to relative './src/compon
ents/comments/comments-pagination' inside of 
[project]/ | aliased to relative './admin-tem
plate/components/comments/comments-pagination
' inside of [project]/ | aliased to relative 
'./components/comments/comments-pagination' 
inside of [project]/


https://nextjs.org/docs/messages/module-not-f
ound


./src/app/(dashboard)/accordions/page.tsx:3:1
Module not found: Can't resolve 
'@/components/core/text-roll'
[0m [90m 1 |[39m [36mimport[39m { 
[33mSuspense[39m } [36mfrom[39m 
[32m'react'[39m[33m;[39m
 [90m 2 |[39m [36mimport[39m { 
[33mLuSearch[39m } [36mfrom[39m 
[32m'react-icons/lu'[39m[33m;[39m
[31m[1m>[22m[39m[90m 3 |[39m 
[36mimport[39m { [33mTextRoll[39m } 
[36mfrom[39m [32m'@/components/core/text-r
oll'[39m[33m;[39m
 [90m   |[39m [31m[1m^[22m[39m[31m[1m
^[22m[39m[31m[1m^[22m[39m[31m[1m^[22
m[39m[31m[1m^[22m[39m[31m[1m^[22m[39
m[31m[1m^[22m[39m[31m[1m^[22m[39m[31
m[1m^[22m[39m[31m[1m^[22m[39m[31m[1m
^[22m[39m[31m[1m^[22m[39m[31m[1m^[22
m[39m[31m[1m^[22m[39m[31m[1m^[22m[39
m[31m[1m^[22m[39m[31m[1m^[22m[39m[31
m[1m^[22m[39m[31m[1m^[22m[39m[31m[1m
^[22m[39m[31m[1m^[22m[39m[31m[1m^[22
m[39m[31m[1m^[22m[39m[31m[1m^[22m[39
m[31m[1m^[22m[39m[31m[1m^[22m[39m[31
m[1m^[22m[39m[31m[1m^[22m[39m[31m[1m
^[22m[39m[31m[1m^[22m[39m[31m[1m^[22
m[39m[31m[1m^[22m[39m[31m[1m^[22m[39
m[31m[1m^[22m[39m[31m[1m^[22m[39m[31
m[1m^[22m[39m[31m[1m^[22m[39m[31m[1m
^[22m[39m[31m[1m^[22m[39m[31m[1m^[22
m[39m[31m[1m^[22m[39m[31m[1m^[22m[39
m[31m[1m^[22m[39m[31m[1m^[22m[39m[31
m[1m^[22m[39m[31m[1m^[22m[39m[31m[1m
^[22m[39m[31m[1m^[22m[39m[31m[1m^[22
m[39m[31m[1m^[22m[39m[31m[1m^[22m[39
m[31m[1m^[22m[39m[31m[1m^[22m[39m[31
m[1m^[22m[39m[31m[1m^[22m[39m
 [90m 4 |[39m [36mimport[39m { 
[33mAccordionsPageClient[39m } 
[36mfrom[39m 
[32m'./page-client'[39m[33m;[39m
 [90m 5 |[39m [36mimport[39m { 
getAccordionStats[33m,[39m 
listAccordionBlocks } [36mfrom[39m 
[32m'./actions'[39m[33m;[39m
 [90m 6 |[39m[0m

Import map: aliased to relative 
'./src/components/core/text-roll' inside of 
[project]/ | aliased to relative 
'./admin-template/components/core/text-roll' 
inside of [project]/ | aliased to relative 
'./components/core/text-roll' inside of 
[project]/


https://nextjs.org/docs/messages/module-not-f
ound


./src/app/(dashboard)/audit-logs/page.tsx:7:1
Module not found: Can't resolve 
'@/components/core/text-roll'
[0m [90m  5 |[39m [36mimport[39m { 
[33mAuditLogTable[39m[33m,[39m type 
[33mFilterState[39m } [36mfrom[39m [32m'
@/components/audit-logs/audit-log-table'[39m
[33m;[39m
 [90m  6 |[39m [36mimport[39m { 
[33mAuditLogDetailDialog[39m } 
[36mfrom[39m [32m'@/components/audit-logs/
audit-log-detail-dialog'[39m[33m;[39m
[31m[1m>[22m[39m[90m  7 |[39m 
[36mimport[39m { [33mTextRoll[39m } 
[36mfrom[39m [32m'@/components/core/text-r
oll'[39m[33m;[39m
 [90m    |[39m [31m[1m^[22m[39m[31m[1
m^[22m[39m[31m[1m^[22m[39m[31m[1m^[2
2m[39m[31m[1m^[22m[39m[31m[1m^[22m[3
9m[31m[1m^[22m[39m[31m[1m^[22m[39m[3
1m[1m^[22m[39m[31m[1m^[22m[39m[31m[1
m^[22m[39m[31m[1m^[22m[39m[31m[1m^[2
2m[39m[31m[1m^[22m[39m[31m[1m^[22m[3
9m[31m[1m^[22m[39m[31m[1m^[22m[39m[3
1m[1m^[22m[39m[31m[1m^[22m[39m[31m[1
m^[22m[39m[31m[1m^[22m[39m[31m[1m^[2
2m[39m[31m[1m^[22m[39m[31m[1m^[22m[3
9m[31m[1m^[22m[39m[31m[1m^[22m[39m[3
1m[1m^[22m[39m[31m[1m^[22m[39m[31m[1
m^[22m[39m[31m[1m^[22m[39m[31m[1m^[2
2m[39m[31m[1m^[22m[39m[31m[1m^[22m[3
9m[31m[1m^[22m[39m[31m[1m^[22m[39m[3
1m[1m^[22m[39m[31m[1m^[22m[39m[31m[1
m^[22m[39m[31m[1m^[22m[39m[31m[1m^[2
2m[39m[31m[1m^[22m[39m[31m[1m^[22m[3
9m[31m[1m^[22m[39m[31m[1m^[22m[39m[3
1m[1m^[22m[39m[31m[1m^[22m[39m[31m[1
m^[22m[39m[31m[1m^[22m[39m[31m[1m^[2
2m[39m[31m[1m^[22m[39m[31m[1m^[22m[3
9m[31m[1m^[22m[39m[31m[1m^[22m[39m[3
1m[1m^[22m[39m[31m[1m^[22m[39m
 [90m  8 |[39m [36mimport[39m {
 [90m  9 |[39m   listAuditLogs[33m,[39m
 [90m 10 |[39m   
getAuditLogFilters[33m,[39m[0m

Import map: aliased to relative 
'./src/components/core/text-roll' inside of 
[project]/ | aliased to relative 
'./admin-template/components/core/text-roll' 
inside of [project]/ | aliased to relative 
'./components/core/text-roll' inside of 
[project]/


Import traces:
  Client Component Browser:
    
./src/app/(dashboard)/audit-logs/page.tsx 
[Client Component Browser]
    
./src/app/(dashboard)/audit-logs/page.tsx 
[Server Component]

  Client Component SSR:
    
./src/app/(dashboard)/audit-logs/page.tsx 
[Client Component SSR]
    
./src/app/(dashboard)/audit-logs/page.tsx 
[Server Component]

https://nextjs.org/docs/messages/module-not-f
ound


./src/app/(dashboard)/categories/page.tsx:3:1
Module not found: Can't resolve 
'@/components/core/text-roll'
[0m [90m 1 |[39m [36mimport[39m { 
[33mSuspense[39m } [36mfrom[39m 
[32m'react'[39m[33m;[39m
 [90m 2 |[39m [36mimport[39m { 
listAllCategories[33m,[39m 
getCategoryStats } [36mfrom[39m 
[32m'./actions'[39m[33m;[39m
[31m[1m>[22m[39m[90m 3 |[39m 
[36mimport[39m { [33mTextRoll[39m } 
[36mfrom[39m [32m'@/components/core/text-r
oll'[39m[33m;[39m
 [90m   |[39m [31m[1m^[22m[39m[31m[1m
^[22m[39m[31m[1m^[22m[39m[31m[1m^[22
m[39m[31m[1m^[22m[39m[31m[1m^[22m[39
m[31m[1m^[22m[39m[31m[1m^[22m[39m[31
m[1m^[22m[39m[31m[1m^[22m[39m[31m[1m
^[22m[39m[31m[1m^[22m[39m[31m[1m^[22
m[39m[31m[1m^[22m[39m[31m[1m^[22m[39
m[31m[1m^[22m[39m[31m[1m^[22m[39m[31
m[1m^[22m[39m[31m[1m^[22m[39m[31m[1m
^[22m[39m[31m[1m^[22m[39m[31m[1m^[22
m[39m[31m[1m^[22m[39m[31m[1m^[22m[39
m[31m[1m^[22m[39m[31m[1m^[22m[39m[31
m[1m^[22m[39m[31m[1m^[22m[39m[31m[1m
^[22m[39m[31m[1m^[22m[39m[31m[1m^[22
m[39m[31m[1m^[22m[39m[31m[1m^[22m[39
m[31m[1m^[22m[39m[31m[1m^[22m[39m[31
m[1m^[22m[39m[31m[1m^[22m[39m[31m[1m
^[22m[39m[31m[1m^[22m[39m[31m[1m^[22
m[39m[31m[1m^[22m[39m[31m[1m^[22m[39
m[31m[1m^[22m[39m[31m[1m^[22m[39m[31
m[1m^[22m[39m[31m[1m^[22m[39m[31m[1m
^[22m[39m[31m[1m^[22m[39m[31m[1m^[22
m[39m[31m[1m^[22m[39m[31m[1m^[22m[39
m[31m[1m^[22m[39m[31m[1m^[22m[39m[31
m[1m^[22m[39m[31m[1m^[22m[39m
 [90m 4 |[39m [36mimport[39m { 
[33mCategoriesHierarchyClient[39m } 
[36mfrom[39m [32m'./categories-hierarchy-c
lient'[39m[33m;[39m
 [90m 5 |[39m [36mimport[39m { 
[33mCategoriesSearchClient[39m } 
[36mfrom[39m [32m'./categories-search-clie
nt'[39m[33m;[39m
 [90m 6 |[39m[0m

Import map: aliased to relative 
'./src/components/core/text-roll' inside of 
[project]/ | aliased to relative 
'./admin-template/components/core/text-roll' 
inside of [project]/ | aliased to relative 
'./components/core/text-roll' inside of 
[project]/


https://nextjs.org/docs/messages/module-not-f
ound


./src/app/(dashboard)/comments/page.tsx:12:1
Module not found: Can't resolve 
'@/components/core/text-roll'
[0m [90m 10 |[39m } [36mfrom[39m 
[32m'react-icons/lu'[39m[33m;[39m
 [90m 11 |[39m [36mimport[39m { 
listComments[33m,[39m getCommentStats } 
[36mfrom[39m 
[32m'./actions'[39m[33m;[39m
[31m[1m>[22m[39m[90m 12 |[39m 
[36mimport[39m { [33mTextRoll[39m } 
[36mfrom[39m [32m'@/components/core/text-r
oll'[39m[33m;[39m
 [90m    |[39m [31m[1m^[22m[39m[31m[1
m^[22m[39m[31m[1m^[22m[39m[31m[1m^[2
2m[39m[31m[1m^[22m[39m[31m[1m^[22m[3
9m[31m[1m^[22m[39m[31m[1m^[22m[39m[3
1m[1m^[22m[39m[31m[1m^[22m[39m[31m[1
m^[22m[39m[31m[1m^[22m[39m[31m[1m^[2
2m[39m[31m[1m^[22m[39m[31m[1m^[22m[3
9m[31m[1m^[22m[39m[31m[1m^[22m[39m[3
1m[1m^[22m[39m[31m[1m^[22m[39m[31m[1
m^[22m[39m[31m[1m^[22m[39m[31m[1m^[2
2m[39m[31m[1m^[22m[39m[31m[1m^[22m[3
9m[31m[1m^[22m[39m[31m[1m^[22m[39m[3
1m[1m^[22m[39m[31m[1m^[22m[39m[31m[1
m^[22m[39m[31m[1m^[22m[39m[31m[1m^[2
2m[39m[31m[1m^[22m[39m[31m[1m^[22m[3
9m[31m[1m^[22m[39m[31m[1m^[22m[39m[3
1m[1m^[22m[39m[31m[1m^[22m[39m[31m[1
m^[22m[39m[31m[1m^[22m[39m[31m[1m^[2
2m[39m[31m[1m^[22m[39m[31m[1m^[22m[3
9m[31m[1m^[22m[39m[31m[1m^[22m[39m[3
1m[1m^[22m[39m[31m[1m^[22m[39m[31m[1
m^[22m[39m[31m[1m^[22m[39m[31m[1m^[2
2m[39m[31m[1m^[22m[39m[31m[1m^[22m[3
9m[31m[1m^[22m[39m[31m[1m^[22m[39m[3
1m[1m^[22m[39m[31m[1m^[22m[39m
 [90m 13 |[39m [36mimport[39m { 
[33mCommentTable[39m } [36mfrom[39m [32m
'@/components/comments/comment-table'[39m[3
3m;[39m
 [90m 14 |[39m [36mimport[39m { 
[33mCommentsPagination[39m } 
[36mfrom[39m [32m'@/components/comments/co
mments-pagination'[39m[33m;[39m
 [90m 15 |[39m [36mimport[39m { 
[33mCommentsPageSizeControls[39m } 
[36mfrom[39m [32m'@/components/comments/co
mments-page-size-controls'[39m[33m;[39m[0
m

Import map: aliased to relative 
'./src/components/core/text-roll' inside of 
[project]/ | aliased to relative 
'./admin-template/components/core/text-roll' 
inside of [project]/ | aliased to relative 
'./components/core/text-roll' inside of 
[project]/


https://nextjs.org/docs/messages/module-not-f
ound


./src/app/(dashboard)/cta-popups/page.tsx:5:1
Module not found: Can't resolve 
'@/components/core/text-roll'
[0m [90m 3 |[39m [36mimport[39m { 
[33mCTAPopupsPageClient[39m } 
[36mfrom[39m 
[32m'./page-client'[39m[33m;[39m
 [90m 4 |[39m [36mimport[39m { 
listPopups[33m,[39m getPopupStats } 
[36mfrom[39m 
[32m'./actions'[39m[33m;[39m
[31m[1m>[22m[39m[90m 5 |[39m 
[36mimport[39m { [33mTextRoll[39m } 
[36mfrom[39m [32m'@/components/core/text-r
oll'[39m[33m;[39m
 [90m   |[39m [31m[1m^[22m[39m[31m[1m
^[22m[39m[31m[1m^[22m[39m[31m[1m^[22
m[39m[31m[1m^[22m[39m[31m[1m^[22m[39
m[31m[1m^[22m[39m[31m[1m^[22m[39m[31
m[1m^[22m[39m[31m[1m^[22m[39m[31m[1m
^[22m[39m[31m[1m^[22m[39m[31m[1m^[22
m[39m[31m[1m^[22m[39m[31m[1m^[22m[39
m[31m[1m^[22m[39m[31m[1m^[22m[39m[31
m[1m^[22m[39m[31m[1m^[22m[39m[31m[1m
^[22m[39m[31m[1m^[22m[39m[31m[1m^[22
m[39m[31m[1m^[22m[39m[31m[1m^[22m[39
m[31m[1m^[22m[39m[31m[1m^[22m[39m[31
m[1m^[22m[39m[31m[1m^[22m[39m[31m[1m
^[22m[39m[31m[1m^[22m[39m[31m[1m^[22
m[39m[31m[1m^[22m[39m[31m[1m^[22m[39
m[31m[1m^[22m[39m[31m[1m^[22m[39m[31
m[1m^[22m[39m[31m[1m^[22m[39m[31m[1m
^[22m[39m[31m[1m^[22m[39m[31m[1m^[22
m[39m[31m[1m^[22m[39m[31m[1m^[22m[39
m[31m[1m^[22m[39m[31m[1m^[22m[39m[31
m[1m^[22m[39m[31m[1m^[22m[39m[31m[1m
^[22m[39m[31m[1m^[22m[39m[31m[1m^[22
m[39m[31m[1m^[22m[39m[31m[1m^[22m[39
m[31m[1m^[22m[39m[31m[1m^[22m[39m[31
m[1m^[22m[39m[31m[1m^[22m[39m
 [90m 6 |[39m
 [90m 7 |[39m [36minterface[39m 
[33mPageProps[39m {
 [90m 8 |[39m   searchParams[33m:[39m 
[33mPromise[39m[33m<[39m{[0m

Import map: aliased to relative 
'./src/components/core/text-roll' inside of 
[project]/ | aliased to relative 
'./admin-template/components/core/text-roll' 
inside of [project]/ | aliased to relative 
'./components/core/text-roll' inside of 
[project]/


https://nextjs.org/docs/messages/module-not-f
ound


./src/app/(dashboard)/image-galleries/page.ts
x:6:1
Module not found: Can't resolve 
'@/components/core/text-roll'
[0m [90m 4 |[39m [36mimport[39m { 
[33mImageGalleriesPageClient[39m } 
[36mfrom[39m 
[32m'./page-client'[39m[33m;[39m
 [90m 5 |[39m [36mimport[39m { 
listGalleries[33m,[39m getGalleryStats } 
[36mfrom[39m 
[32m'./actions'[39m[33m;[39m
[31m[1m>[22m[39m[90m 6 |[39m 
[36mimport[39m { [33mTextRoll[39m } 
[36mfrom[39m [32m'@/components/core/text-r
oll'[39m[33m;[39m
 [90m   |[39m [31m[1m^[22m[39m[31m[1m
^[22m[39m[31m[1m^[22m[39m[31m[1m^[22
m[39m[31m[1m^[22m[39m[31m[1m^[22m[39
m[31m[1m^[22m[39m[31m[1m^[22m[39m[31
m[1m^[22m[39m[31m[1m^[22m[39m[31m[1m
^[22m[39m[31m[1m^[22m[39m[31m[1m^[22
m[39m[31m[1m^[22m[39m[31m[1m^[22m[39
m[31m[1m^[22m[39m[31m[1m^[22m[39m[31
m[1m^[22m[39m[31m[1m^[22m[39m[31m[1m
^[22m[39m[31m[1m^[22m[39m[31m[1m^[22
m[39m[31m[1m^[22m[39m[31m[1m^[22m[39
m[31m[1m^[22m[39m[31m[1m^[22m[39m[31
m[1m^[22m[39m[31m[1m^[22m[39m[31m[1m
^[22m[39m[31m[1m^[22m[39m[31m[1m^[22
m[39m[31m[1m^[22m[39m[31m[1m^[22m[39
m[31m[1m^[22m[39m[31m[1m^[22m[39m[31
m[1m^[22m[39m[31m[1m^[22m[39m[31m[1m
^[22m[39m[31m[1m^[22m[39m[31m[1m^[22
m[39m[31m[1m^[22m[39m[31m[1m^[22m[39
m[31m[1m^[22m[39m[31m[1m^[22m[39m[31
m[1m^[22m[39m[31m[1m^[22m[39m[31m[1m
^[22m[39m[31m[1m^[22m[39m[31m[1m^[22
m[39m[31m[1m^[22m[39m[31m[1m^[22m[39
m[31m[1m^[22m[39m[31m[1m^[22m[39m[31
m[1m^[22m[39m[31m[1m^[22m[39m
 [90m 7 |[39m
 [90m 8 |[39m [36minterface[39m 
[33mPageProps[39m {
 [90m 9 |[39m     searchParams[33m:[39m 
[33mPromise[39m[33m<[39m{[0m

Import map: aliased to relative 
'./src/components/core/text-roll' inside of 
[project]/ | aliased to relative 
'./admin-template/components/core/text-roll' 
inside of [project]/ | aliased to relative 
'./components/core/text-roll' inside of 
[project]/


https://nextjs.org/docs/messages/module-not-f
ound


./src/app/(dashboard)/media/page.tsx:5:1
Module not found: Can't resolve 
'@/components/core/text-roll'
[0m [90m 3 |[39m [36mimport[39m { 
listMedia[33m,[39m getMediaStats } 
[36mfrom[39m 
[32m'./actions'[39m[33m;[39m
 [90m 4 |[39m [36mimport[39m { 
[33mMediaLibraryClient[39m } 
[36mfrom[39m 
[32m'./media-library-client'[39m[33m;[39m
[31m[1m>[22m[39m[90m 5 |[39m 
[36mimport[39m { [33mTextRoll[39m } 
[36mfrom[39m [32m'@/components/core/text-r
oll'[39m[33m;[39m
 [90m   |[39m [31m[1m^[22m[39m[31m[1m
^[22m[39m[31m[1m^[22m[39m[31m[1m^[22
m[39m[31m[1m^[22m[39m[31m[1m^[22m[39
m[31m[1m^[22m[39m[31m[1m^[22m[39m[31
m[1m^[22m[39m[31m[1m^[22m[39m[31m[1m
^[22m[39m[31m[1m^[22m[39m[31m[1m^[22
m[39m[31m[1m^[22m[39m[31m[1m^[22m[39
m[31m[1m^[22m[39m[31m[1m^[22m[39m[31
m[1m^[22m[39m[31m[1m^[22m[39m[31m[1m
^[22m[39m[31m[1m^[22m[39m[31m[1m^[22
m[39m[31m[1m^[22m[39m[31m[1m^[22m[39
m[31m[1m^[22m[39m[31m[1m^[22m[39m[31
m[1m^[22m[39m[31m[1m^[22m[39m[31m[1m
^[22m[39m[31m[1m^[22m[39m[31m[1m^[22
m[39m[31m[1m^[22m[39m[31m[1m^[22m[39
m[31m[1m^[22m[39m[31m[1m^[22m[39m[31
m[1m^[22m[39m[31m[1m^[22m[39m[31m[1m
^[22m[39m[31m[1m^[22m[39m[31m[1m^[22
m[39m[31m[1m^[22m[39m[31m[1m^[22m[39
m[31m[1m^[22m[39m[31m[1m^[22m[39m[31
m[1m^[22m[39m[31m[1m^[22m[39m[31m[1m
^[22m[39m[31m[1m^[22m[39m[31m[1m^[22
m[39m[31m[1m^[22m[39m[31m[1m^[22m[39
m[31m[1m^[22m[39m[31m[1m^[22m[39m[31
m[1m^[22m[39m[31m[1m^[22m[39m
 [90m 6 |[39m [36mimport[39m { 
[33mMediaSearchClient[39m } [36mfrom[39m 
[32m'./media-search-client'[39m[33m;[39m
 [90m 7 |[39m
 [90m 8 |[39m [36minterface[39m 
[33mSearchParams[39m {[0m

Import map: aliased to relative 
'./src/components/core/text-roll' inside of 
[project]/ | aliased to relative 
'./admin-template/components/core/text-roll' 
inside of [project]/ | aliased to relative 
'./components/core/text-roll' inside of 
[project]/


https://nextjs.org/docs/messages/module-not-f
ound


./src/app/(dashboard)/menus/page.tsx:4:1
Module not found: Can't resolve 
'@/components/core/text-roll'
[0m [90m 2 |[39m [36mimport[39m { 
listMenus[33m,[39m getMenuStats } 
[36mfrom[39m 
[32m'./actions'[39m[33m;[39m
 [90m 3 |[39m [36mimport[39m { 
[33mMenusClient[39m } [36mfrom[39m 
[32m'./menus-client'[39m[33m;[39m
[31m[1m>[22m[39m[90m 4 |[39m 
[36mimport[39m { [33mTextRoll[39m } 
[36mfrom[39m [32m'@/components/core/text-r
oll'[39m[33m;[39m
 [90m   |[39m [31m[1m^[22m[39m[31m[1m
^[22m[39m[31m[1m^[22m[39m[31m[1m^[22
m[39m[31m[1m^[22m[39m[31m[1m^[22m[39
m[31m[1m^[22m[39m[31m[1m^[22m[39m[31
m[1m^[22m[39m[31m[1m^[22m[39m[31m[1m
^[22m[39m[31m[1m^[22m[39m[31m[1m^[22
m[39m[31m[1m^[22m[39m[31m[1m^[22m[39
m[31m[1m^[22m[39m[31m[1m^[22m[39m[31
m[1m^[22m[39m[31m[1m^[22m[39m[31m[1m
^[22m[39m[31m[1m^[22m[39m[31m[1m^[22
m[39m[31m[1m^[22m[39m[31m[1m^[22m[39
m[31m[1m^[22m[39m[31m[1m^[22m[39m[31
m[1m^[22m[39m[31m[1m^[22m[39m[31m[1m
^[22m[39m[31m[1m^[22m[39m[31m[1m^[22
m[39m[31m[1m^[22m[39m[31m[1m^[22m[39
m[31m[1m^[22m[39m[31m[1m^[22m[39m[31
m[1m^[22m[39m[31m[1m^[22m[39m[31m[1m
^[22m[39m[31m[1m^[22m[39m[31m[1m^[22
m[39m[31m[1m^[22m[39m[31m[1m^[22m[39
m[31m[1m^[22m[39m[31m[1m^[22m[39m[31
m[1m^[22m[39m[31m[1m^[22m[39m[31m[1m
^[22m[39m[31m[1m^[22m[39m[31m[1m^[22
m[39m[31m[1m^[22m[39m[31m[1m^[22m[39
m[31m[1m^[22m[39m[31m[1m^[22m[39m[31
m[1m^[22m[39m[31m[1m^[22m[39m
 [90m 5 |[39m [36mimport[39m { 
[33mLuSearch[39m } [36mfrom[39m 
[32m'react-icons/lu'[39m[33m;[39m
 [90m 6 |[39m
 [90m 7 |[39m [36mexport[39m 
[36mconst[39m dynamic [33m=[39m 
[32m'force-dynamic'[39m[33m;[39m[0m

Import map: aliased to relative 
'./src/components/core/text-roll' inside of 
[project]/ | aliased to relative 
'./admin-template/components/core/text-roll' 
inside of [project]/ | aliased to relative 
'./components/core/text-roll' inside of 
[project]/


https://nextjs.org/docs/messages/module-not-f
ound


./src/app/(dashboard)/pages/page.tsx:8:1
Module not found: Can't resolve 
'@/components/core/text-roll'
[0m [90m  6 |[39m [36mimport[39m { cn } 
[36mfrom[39m 
[32m'@/lib/utils'[39m[33m;[39m
 [90m  7 |[39m [36mimport[39m { 
[33mPageTable[39m[33m,[39m type 
[33mPage[39m } [36mfrom[39m [32m'@/compo
nents/pages/page-table'[39m[33m;[39m
[31m[1m>[22m[39m[90m  8 |[39m 
[36mimport[39m { [33mTextRoll[39m } 
[36mfrom[39m [32m'@/components/core/text-r
oll'[39m[33m;[39m
 [90m    |[39m [31m[1m^[22m[39m[31m[1
m^[22m[39m[31m[1m^[22m[39m[31m[1m^[2
2m[39m[31m[1m^[22m[39m[31m[1m^[22m[3
9m[31m[1m^[22m[39m[31m[1m^[22m[39m[3
1m[1m^[22m[39m[31m[1m^[22m[39m[31m[1
m^[22m[39m[31m[1m^[22m[39m[31m[1m^[2
2m[39m[31m[1m^[22m[39m[31m[1m^[22m[3
9m[31m[1m^[22m[39m[31m[1m^[22m[39m[3
1m[1m^[22m[39m[31m[1m^[22m[39m[31m[1
m^[22m[39m[31m[1m^[22m[39m[31m[1m^[2
2m[39m[31m[1m^[22m[39m[31m[1m^[22m[3
9m[31m[1m^[22m[39m[31m[1m^[22m[39m[3
1m[1m^[22m[39m[31m[1m^[22m[39m[31m[1
m^[22m[39m[31m[1m^[22m[39m[31m[1m^[2
2m[39m[31m[1m^[22m[39m[31m[1m^[22m[3
9m[31m[1m^[22m[39m[31m[1m^[22m[39m[3
1m[1m^[22m[39m[31m[1m^[22m[39m[31m[1
m^[22m[39m[31m[1m^[22m[39m[31m[1m^[2
2m[39m[31m[1m^[22m[39m[31m[1m^[22m[3
9m[31m[1m^[22m[39m[31m[1m^[22m[39m[3
1m[1m^[22m[39m[31m[1m^[22m[39m[31m[1
m^[22m[39m[31m[1m^[22m[39m[31m[1m^[2
2m[39m[31m[1m^[22m[39m[31m[1m^[22m[3
9m[31m[1m^[22m[39m[31m[1m^[22m[39m[3
1m[1m^[22m[39m[31m[1m^[22m[39m
 [90m  9 |[39m [36mimport[39m { 
[33mPaginationControls[39m } 
[36mfrom[39m [32m'@/components/ui/paginati
on-controls'[39m[33m;[39m
 [90m 10 |[39m [36mimport[39m { 
[33mPageFormModal[39m } [36mfrom[39m [32
m'@/components/pages/page-form-modal'[39m[3
3m;[39m
 [90m 11 |[39m [36mimport[39m { [0m

Import map: aliased to relative 
'./src/components/core/text-roll' inside of 
[project]/ | aliased to relative 
'./admin-template/components/core/text-roll' 
inside of [project]/ | aliased to relative 
'./components/core/text-roll' inside of 
[project]/


Import traces:
  Client Component Browser:
    ./src/app/(dashboard)/pages/page.tsx 
[Client Component Browser]
    ./src/app/(dashboard)/pages/page.tsx 
[Server Component]

  Client Component SSR:
    ./src/app/(dashboard)/pages/page.tsx 
[Client Component SSR]
    ./src/app/(dashboard)/pages/page.tsx 
[Server Component]

https://nextjs.org/docs/messages/module-not-f
ound


./src/app/(dashboard)/posts/page.tsx:13:1
Module not found: Can't resolve 
'@/components/core/text-roll'
[0m [90m 11 |[39m [36mimport[39m { 
deletePost[33m,[39m 
deletePostsBulk[33m,[39m 
listPosts[33m,[39m getPostStats[33m,[39m 
selectAllPostIds } [36mfrom[39m 
[32m'./actions'[39m[33m;[39m
 [90m 12 |[39m [36mimport[39m { 
[33mLuFileText[39m[33m,[39m 
[33mLuCheck[39m[33m,[39m 
[33mLuClock[39m[33m,[39m 
[33mLuArchive[39m } [36mfrom[39m 
[32m'react-icons/lu'[39m[33m;[39m
[31m[1m>[22m[39m[90m 13 |[39m 
[36mimport[39m { [33mTextRoll[39m } 
[36mfrom[39m [32m'@/components/core/text-r
oll'[39m[33m;[39m
 [90m    |[39m [31m[1m^[22m[39m[31m[1
m^[22m[39m[31m[1m^[22m[39m[31m[1m^[2
2m[39m[31m[1m^[22m[39m[31m[1m^[22m[3
9m[31m[1m^[22m[39m[31m[1m^[22m[39m[3
1m[1m^[22m[39m[31m[1m^[22m[39m[31m[1
m^[22m[39m[31m[1m^[22m[39m[31m[1m^[2
2m[39m[31m[1m^[22m[39m[31m[1m^[22m[3
9m[31m[1m^[22m[39m[31m[1m^[22m[39m[3
1m[1m^[22m[39m[31m[1m^[22m[39m[31m[1
m^[22m[39m[31m[1m^[22m[39m[31m[1m^[2
2m[39m[31m[1m^[22m[39m[31m[1m^[22m[3
9m[31m[1m^[22m[39m[31m[1m^[22m[39m[3
1m[1m^[22m[39m[31m[1m^[22m[39m[31m[1
m^[22m[39m[31m[1m^[22m[39m[31m[1m^[2
2m[39m[31m[1m^[22m[39m[31m[1m^[22m[3
9m[31m[1m^[22m[39m[31m[1m^[22m[39m[3
1m[1m^[22m[39m[31m[1m^[22m[39m[31m[1
m^[22m[39m[31m[1m^[22m[39m[31m[1m^[2
2m[39m[31m[1m^[22m[39m[31m[1m^[22m[3
9m[31m[1m^[22m[39m[31m[1m^[22m[39m[3
1m[1m^[22m[39m[31m[1m^[22m[39m[31m[1
m^[22m[39m[31m[1m^[22m[39m[31m[1m^[2
2m[39m[31m[1m^[22m[39m[31m[1m^[22m[3
9m[31m[1m^[22m[39m[31m[1m^[22m[39m[3
1m[1m^[22m[39m[31m[1m^[22m[39m
 [90m 14 |[39m
 [90m 15 |[39m [36minterface[39m 
[33mDeleteState[39m {
 [90m 16 |[39m   isDeletingId[33m:[39m 
string [33m|[39m 
[36mnull[39m[33m;[39m[0m

Import map: aliased to relative 
'./src/components/core/text-roll' inside of 
[project]/ | aliased to relative 
'./admin-template/components/core/text-roll' 
inside of [project]/ | aliased to relative 
'./components/core/text-roll' inside of 
[project]/


Import traces:
  Client Component Browser:
    ./src/app/(dashboard)/posts/page.tsx 
[Client Component Browser]
    ./src/app/(dashboard)/posts/page.tsx 
[Server Component]

  Client Component SSR:
    ./src/app/(dashboard)/posts/page.tsx 
[Client Component SSR]
    ./src/app/(dashboard)/posts/page.tsx 
[Server Component]

https://nextjs.org/docs/messages/module-not-f
ound


./src/app/(dashboard)/users/page-client.tsx:1
0:1
Module not found: Can't resolve 
'@/components/core/text-roll'
[0m [90m  8 |[39m [36mimport[39m { 
[33mUserTable[39m } [36mfrom[39m [32m'@/
components/users/user-table'[39m[33m;[39m
 [90m  9 |[39m [36mimport[39m { 
[33mUserFormModal[39m } [36mfrom[39m [32
m'@/components/users/user-form-modal'[39m[3
3m;[39m
[31m[1m>[22m[39m[90m 10 |[39m 
[36mimport[39m { [33mTextRoll[39m } 
[36mfrom[39m [32m'@/components/core/text-r
oll'[39m[33m;[39m
 [90m    |[39m [31m[1m^[22m[39m[31m[1
m^[22m[39m[31m[1m^[22m[39m[31m[1m^[2
2m[39m[31m[1m^[22m[39m[31m[1m^[22m[3
9m[31m[1m^[22m[39m[31m[1m^[22m[39m[3
1m[1m^[22m[39m[31m[1m^[22m[39m[31m[1
m^[22m[39m[31m[1m^[22m[39m[31m[1m^[2
2m[39m[31m[1m^[22m[39m[31m[1m^[22m[3
9m[31m[1m^[22m[39m[31m[1m^[22m[39m[3
1m[1m^[22m[39m[31m[1m^[22m[39m[31m[1
m^[22m[39m[31m[1m^[22m[39m[31m[1m^[2
2m[39m[31m[1m^[22m[39m[31m[1m^[22m[3
9m[31m[1m^[22m[39m[31m[1m^[22m[39m[3
1m[1m^[22m[39m[31m[1m^[22m[39m[31m[1
m^[22m[39m[31m[1m^[22m[39m[31m[1m^[2
2m[39m[31m[1m^[22m[39m[31m[1m^[22m[3
9m[31m[1m^[22m[39m[31m[1m^[22m[39m[3
1m[1m^[22m[39m[31m[1m^[22m[39m[31m[1
m^[22m[39m[31m[1m^[22m[39m[31m[1m^[2
2m[39m[31m[1m^[22m[39m[31m[1m^[22m[3
9m[31m[1m^[22m[39m[31m[1m^[22m[39m[3
1m[1m^[22m[39m[31m[1m^[22m[39m[31m[1
m^[22m[39m[31m[1m^[22m[39m[31m[1m^[2
2m[39m[31m[1m^[22m[39m[31m[1m^[22m[3
9m[31m[1m^[22m[39m[31m[1m^[22m[39m[3
1m[1m^[22m[39m[31m[1m^[22m[39m
 [90m 11 |[39m [36mimport[39m { 
[33mPaginationControls[39m } 
[36mfrom[39m [32m'@/components/ui/paginati
on-controls'[39m[33m;[39m
 [90m 12 |[39m [36mimport[39m type { 
[33mUserData[39m } [36mfrom[39m 
[32m'./actions'[39m[33m;[39m
 [90m 13 |[39m [36mimport[39m { 
deleteUsersBulk[33m,[39m selectAllUserIds 
} [36mfrom[39m 
[32m'./actions'[39m[33m;[39m[0m

Import map: aliased to relative 
'./src/components/core/text-roll' inside of 
[project]/ | aliased to relative 
'./admin-template/components/core/text-roll' 
inside of [project]/ | aliased to relative 
'./components/core/text-roll' inside of 
[project]/


Import trace:
  Server Component:
    
./src/app/(dashboard)/users/page-client.tsx
    ./src/app/(dashboard)/users/page.tsx

https://nextjs.org/docs/messages/module-not-f
ound


./src/app/(dashboard)/cta-popups/page-client.
tsx:9:1
Module not found: Can't resolve '@/components
/cta-popups/cta-popup-form-modal'
[0m [90m  7 |[39m [36mimport[39m { cn } 
[36mfrom[39m 
[32m'@/lib/utils'[39m[33m;[39m
 [90m  8 |[39m [36mimport[39m { 
[33mCTAPopupTable[39m } [36mfrom[39m [32
m'@/components/cta-popups/cta-popup-table'[3
9m[33m;[39m
[31m[1m>[22m[39m[90m  9 |[39m 
[36mimport[39m { 
[33mCTAPopupFormModal[39m } [36mfrom[39m 
[32m'@/components/cta-popups/cta-popup-form-
modal'[39m[33m;[39m
 [90m    |[39m [31m[1m^[22m[39m[31m[1
m^[22m[39m[31m[1m^[22m[39m[31m[1m^[2
2m[39m[31m[1m^[22m[39m[31m[1m^[22m[3
9m[31m[1m^[22m[39m[31m[1m^[22m[39m[3
1m[1m^[22m[39m[31m[1m^[22m[39m[31m[1
m^[22m[39m[31m[1m^[22m[39m[31m[1m^[2
2m[39m[31m[1m^[22m[39m[31m[1m^[22m[3
9m[31m[1m^[22m[39m[31m[1m^[22m[39m[3
1m[1m^[22m[39m[31m[1m^[22m[39m[31m[1
m^[22m[39m[31m[1m^[22m[39m[31m[1m^[2
2m[39m[31m[1m^[22m[39m[31m[1m^[22m[3
9m[31m[1m^[22m[39m[31m[1m^[22m[39m[3
1m[1m^[22m[39m[31m[1m^[22m[39m[31m[1
m^[22m[39m[31m[1m^[22m[39m[31m[1m^[2
2m[39m[31m[1m^[22m[39m[31m[1m^[22m[3
9m[31m[1m^[22m[39m[31m[1m^[22m[39m[3
1m[1m^[22m[39m[31m[1m^[22m[39m[31m[1
m^[22m[39m[31m[1m^[22m[39m[31m[1m^[2
2m[39m[31m[1m^[22m[39m[31m[1m^[22m[3
9m[31m[1m^[22m[39m[31m[1m^[22m[39m[3
1m[1m^[22m[39m[31m[1m^[22m[39m[31m[1
m^[22m[39m[31m[1m^[22m[39m[31m[1m^[2
2m[39m[31m[1m^[22m[39m[31m[1m^[22m[3
9m[31m[1m^[22m[39m[31m[1m^[22m[39m[3
1m[1m^[22m[39m[31m[1m^[22m[39m[31m[1
m^[22m[39m[31m[1m^[22m[39m[31m[1m^[2
2m[39m[31m[1m^[22m[39m[31m[1m^[22m[3
9m[31m[1m^[22m[39m[31m[1m^[22m[39m[3
1m[1m^[22m[39m[31m[1m^[22m[39m[31m[1
m^[22m[39m[31m[1m^[22m[39m[31m[1m^[2
2m[39m[31m[1m^[22m[39m[31m[1m^[22m[3
9m[31m[1m^[22m[39m[31m[1m^[22m[39m[3
1m[1m^[22m[39m[31m[1m^[22m[39m[31m[1
m^[22m[39m[31m[1m^[22m[39m[31m[1m^[2
2m[39m[31m[1m^[22m[39m[31m[1m^[22m[3
9m[31m[1m^[22m[39m[31m[1m^[22m[39m[3
1m[1m^[22m[39m
 [90m 10 |[39m [36mimport[39m { 
[33mCTAPopupPreview[39m } [36mfrom[39m [
32m'@/components/cta-popups/cta-popup-preview
'[39m[33m;[39m
 [90m 11 |[39m [36mimport[39m type { 
[33mCTAPopupData[39m } [36mfrom[39m 
[32m'./actions'[39m[33m;[39m
 [90m 12 |[39m [36mimport[39m { 
deletePopupsBulk[33m,[39m 
selectAllPopupIds } [36mfrom[39m 
[32m'./actions'[39m[33m;[39m[0m

Import map: aliased to relative './src/compon
ents/cta-popups/cta-popup-form-modal' inside 
of [project]/ | aliased to relative './admin-
template/components/cta-popups/cta-popup-form
-modal' inside of [project]/ | aliased to 
relative './components/cta-popups/cta-popup-f
orm-modal' inside of [project]/


Import trace:
  Server Component:
    ./src/app/(dashboard)/cta-popups/page-cli
ent.tsx
    ./src/app/(dashboard)/cta-popups/page.tsx

https://nextjs.org/docs/messages/module-not-f
ound


./src/app/(dashboard)/cta-popups/page-client.
tsx:10:1
Module not found: Can't resolve 
'@/components/cta-popups/cta-popup-preview'
[0m [90m  8 |[39m [36mimport[39m { 
[33mCTAPopupTable[39m } [36mfrom[39m [32
m'@/components/cta-popups/cta-popup-table'[3
9m[33m;[39m
 [90m  9 |[39m [36mimport[39m { 
[33mCTAPopupFormModal[39m } [36mfrom[39m 
[32m'@/components/cta-popups/cta-popup-form-
modal'[39m[33m;[39m
[31m[1m>[22m[39m[90m 10 |[39m 
[36mimport[39m { [33mCTAPopupPreview[39m 
} [36mfrom[39m [32m'@/components/cta-popup
s/cta-popup-preview'[39m[33m;[39m
 [90m    |[39m [31m[1m^[22m[39m[31m[1
m^[22m[39m[31m[1m^[22m[39m[31m[1m^[2
2m[39m[31m[1m^[22m[39m[31m[1m^[22m[3
9m[31m[1m^[22m[39m[31m[1m^[22m[39m[3
1m[1m^[22m[39m[31m[1m^[22m[39m[31m[1
m^[22m[39m[31m[1m^[22m[39m[31m[1m^[2
2m[39m[31m[1m^[22m[39m[31m[1m^[22m[3
9m[31m[1m^[22m[39m[31m[1m^[22m[39m[3
1m[1m^[22m[39m[31m[1m^[22m[39m[31m[1
m^[22m[39m[31m[1m^[22m[39m[31m[1m^[2
2m[39m[31m[1m^[22m[39m[31m[1m^[22m[3
9m[31m[1m^[22m[39m[31m[1m^[22m[39m[3
1m[1m^[22m[39m[31m[1m^[22m[39m[31m[1
m^[22m[39m[31m[1m^[22m[39m[31m[1m^[2
2m[39m[31m[1m^[22m[39m[31m[1m^[22m[3
9m[31m[1m^[22m[39m[31m[1m^[22m[39m[3
1m[1m^[22m[39m[31m[1m^[22m[39m[31m[1
m^[22m[39m[31m[1m^[22m[39m[31m[1m^[2
2m[39m[31m[1m^[22m[39m[31m[1m^[22m[3
9m[31m[1m^[22m[39m[31m[1m^[22m[39m[3
1m[1m^[22m[39m[31m[1m^[22m[39m[31m[1
m^[22m[39m[31m[1m^[22m[39m[31m[1m^[2
2m[39m[31m[1m^[22m[39m[31m[1m^[22m[3
9m[31m[1m^[22m[39m[31m[1m^[22m[39m[3
1m[1m^[22m[39m[31m[1m^[22m[39m[31m[1
m^[22m[39m[31m[1m^[22m[39m[31m[1m^[2
2m[39m[31m[1m^[22m[39m[31m[1m^[22m[3
9m[31m[1m^[22m[39m[31m[1m^[22m[39m[3
1m[1m^[22m[39m[31m[1m^[22m[39m[31m[1
m^[22m[39m[31m[1m^[22m[39m[31m[1m^[2
2m[39m[31m[1m^[22m[39m[31m[1m^[22m[3
9m[31m[1m^[22m[39m[31m[1m^[22m[39m[3
1m[1m^[22m[39m[31m[1m^[22m[39m[31m[1
m^[22m[39m[31m[1m^[22m[39m[31m[1m^[2
2m[39m
 [90m 11 |[39m [36mimport[39m type { 
[33mCTAPopupData[39m } [36mfrom[39m 
[32m'./actions'[39m[33m;[39m
 [90m 12 |[39m [36mimport[39m { 
deletePopupsBulk[33m,[39m 
selectAllPopupIds } [36mfrom[39m 
[32m'./actions'[39m[33m;[39m
 [90m 13 |[39m [36mimport[39m { 
[33mPaginationControls[39m } 
[36mfrom[39m [32m'@/components/ui/paginati
on-controls'[39m[33m;[39m[0m

Import map: aliased to relative './src/compon
ents/cta-popups/cta-popup-preview' inside of 
[project]/ | aliased to relative './admin-tem
plate/components/cta-popups/cta-popup-preview
' inside of [project]/ | aliased to relative 
'./components/cta-popups/cta-popup-preview' 
inside of [project]/


Import trace:
  Server Component:
    ./src/app/(dashboard)/cta-popups/page-cli
ent.tsx
    ./src/app/(dashboard)/cta-popups/page.tsx

https://nextjs.org/docs/messages/module-not-f
ound


./src/app/(dashboard)/cta-popups/page-client.
tsx:8:1
Module not found: Can't resolve 
'@/components/cta-popups/cta-popup-table'
[0m [90m  6 |[39m [36mimport[39m { 
[33mLuBell[39m[33m,[39m 
[33mLuCheck[39m[33m,[39m 
[33mLuX[39m[33m,[39m 
[33mLuClock[39m[33m,[39m 
[33mLuFilter[39m } [36mfrom[39m 
[32m'react-icons/lu'[39m[33m;[39m
 [90m  7 |[39m [36mimport[39m { cn } 
[36mfrom[39m 
[32m'@/lib/utils'[39m[33m;[39m
[31m[1m>[22m[39m[90m  8 |[39m 
[36mimport[39m { [33mCTAPopupTable[39m } 
[36mfrom[39m [32m'@/components/cta-popups/
cta-popup-table'[39m[33m;[39m
 [90m    |[39m [31m[1m^[22m[39m[31m[1
m^[22m[39m[31m[1m^[22m[39m[31m[1m^[2
2m[39m[31m[1m^[22m[39m[31m[1m^[22m[3
9m[31m[1m^[22m[39m[31m[1m^[22m[39m[3
1m[1m^[22m[39m[31m[1m^[22m[39m[31m[1
m^[22m[39m[31m[1m^[22m[39m[31m[1m^[2
2m[39m[31m[1m^[22m[39m[31m[1m^[22m[3
9m[31m[1m^[22m[39m[31m[1m^[22m[39m[3
1m[1m^[22m[39m[31m[1m^[22m[39m[31m[1
m^[22m[39m[31m[1m^[22m[39m[31m[1m^[2
2m[39m[31m[1m^[22m[39m[31m[1m^[22m[3
9m[31m[1m^[22m[39m[31m[1m^[22m[39m[3
1m[1m^[22m[39m[31m[1m^[22m[39m[31m[1
m^[22m[39m[31m[1m^[22m[39m[31m[1m^[2
2m[39m[31m[1m^[22m[39m[31m[1m^[22m[3
9m[31m[1m^[22m[39m[31m[1m^[22m[39m[3
1m[1m^[22m[39m[31m[1m^[22m[39m[31m[1
m^[22m[39m[31m[1m^[22m[39m[31m[1m^[2
2m[39m[31m[1m^[22m[39m[31m[1m^[22m[3
9m[31m[1m^[22m[39m[31m[1m^[22m[39m[3
1m[1m^[22m[39m[31m[1m^[22m[39m[31m[1
m^[22m[39m[31m[1m^[22m[39m[31m[1m^[2
2m[39m[31m[1m^[22m[39m[31m[1m^[22m[3
9m[31m[1m^[22m[39m[31m[1m^[22m[39m[3
1m[1m^[22m[39m[31m[1m^[22m[39m[31m[1
m^[22m[39m[31m[1m^[22m[39m[31m[1m^[2
2m[39m[31m[1m^[22m[39m[31m[1m^[22m[3
9m[31m[1m^[22m[39m[31m[1m^[22m[39m[3
1m[1m^[22m[39m[31m[1m^[22m[39m[31m[1
m^[22m[39m[31m[1m^[22m[39m[31m[1m^[2
2m[39m[31m[1m^[22m[39m[31m[1m^[22m[3
9m[31m[1m^[22m[39m[31m[1m^[22m[39m[3
1m[1m^[22m[39m
 [90m  9 |[39m [36mimport[39m { 
[33mCTAPopupFormModal[39m } [36mfrom[39m 
[32m'@/components/cta-popups/cta-popup-form-
modal'[39m[33m;[39m
 [90m 10 |[39m [36mimport[39m { 
[33mCTAPopupPreview[39m } [36mfrom[39m [
32m'@/components/cta-popups/cta-popup-preview
'[39m[33m;[39m
 [90m 11 |[39m [36mimport[39m type { 
[33mCTAPopupData[39m } [36mfrom[39m 
[32m'./actions'[39m[33m;[39m[0m

Import map: aliased to relative './src/compon
ents/cta-popups/cta-popup-table' inside of 
[project]/ | aliased to relative './admin-tem
plate/components/cta-popups/cta-popup-table' 
inside of [project]/ | aliased to relative 
'./components/cta-popups/cta-popup-table' 
inside of [project]/


Import trace:
  Server Component:
    ./src/app/(dashboard)/cta-popups/page-cli
ent.tsx
    ./src/app/(dashboard)/cta-popups/page.tsx

https://nextjs.org/docs/messages/module-not-f
ound


./src/app/(dashboard)/image-galleries/page-cl
ient.tsx:556:1
Module not found: Can't resolve 
'@/components/image-galleries/gallery-mosaic'
[0m [90m 554 |[39m [36mimport[39m { 
[33mDialog[39m[33m,[39m 
[33mDialogContent[39m } [36mfrom[39m 
[32m'@/components/ui/dialog'[39m[33m;[39m
 [90m 555 |[39m [36mimport[39m { 
[33mModalHeader[39m } [36mfrom[39m [32m'
@/components/ui/modal-header'[39m[33m;[39m
[31m[1m>[22m[39m[90m 556 |[39m 
[36mimport[39m { [33mGalleryMosaic[39m } 
[36mfrom[39m [32m'@/components/image-galle
ries/gallery-mosaic'[39m[33m;[39m
 [90m     |[39m [31m[1m^[22m[39m[31m[
1m^[22m[39m[31m[1m^[22m[39m[31m[1m^[
22m[39m[31m[1m^[22m[39m[31m[1m^[22m[
39m[31m[1m^[22m[39m[31m[1m^[22m[39m[
31m[1m^[22m[39m[31m[1m^[22m[39m[31m[
1m^[22m[39m[31m[1m^[22m[39m[31m[1m^[
22m[39m[31m[1m^[22m[39m[31m[1m^[22m[
39m[31m[1m^[22m[39m[31m[1m^[22m[39m[
31m[1m^[22m[39m[31m[1m^[22m[39m[31m[
1m^[22m[39m[31m[1m^[22m[39m[31m[1m^[
22m[39m[31m[1m^[22m[39m[31m[1m^[22m[
39m[31m[1m^[22m[39m[31m[1m^[22m[39m[
31m[1m^[22m[39m[31m[1m^[22m[39m[31m[
1m^[22m[39m[31m[1m^[22m[39m[31m[1m^[
22m[39m[31m[1m^[22m[39m[31m[1m^[22m[
39m[31m[1m^[22m[39m[31m[1m^[22m[39m[
31m[1m^[22m[39m[31m[1m^[22m[39m[31m[
1m^[22m[39m[31m[1m^[22m[39m[31m[1m^[
22m[39m[31m[1m^[22m[39m[31m[1m^[22m[
39m[31m[1m^[22m[39m[31m[1m^[22m[39m[
31m[1m^[22m[39m[31m[1m^[22m[39m[31m[
1m^[22m[39m[31m[1m^[22m[39m[31m[1m^[
22m[39m[31m[1m^[22m[39m[31m[1m^[22m[
39m[31m[1m^[22m[39m[31m[1m^[22m[39m[
31m[1m^[22m[39m[31m[1m^[22m[39m[31m[
1m^[22m[39m[31m[1m^[22m[39m[31m[1m^[
22m[39m[31m[1m^[22m[39m[31m[1m^[22m[
39m[31m[1m^[22m[39m[31m[1m^[22m[39m[
31m[1m^[22m[39m[31m[1m^[22m[39m[31m[
1m^[22m[39m[31m[1m^[22m[39m[31m[1m^[
22m[39m[31m[1m^[22m[39m[31m[1m^[22m[
39m[31m[1m^[22m[39m[31m[1m^[22m[39m[
31m[1m^[22m[39m[31m[1m^[22m[39m[31m[
1m^[22m[39m[31m[1m^[22m[39m[31m[1m^[
22m[39m
 [90m 557 |[39m[0m

Import map: aliased to relative './src/compon
ents/image-galleries/gallery-mosaic' inside 
of [project]/ | aliased to relative './admin-
template/components/image-galleries/gallery-m
osaic' inside of [project]/ | aliased to 
relative './components/image-galleries/galler
y-mosaic' inside of [project]/


Import trace:
  Server Component:
    ./src/app/(dashboard)/image-galleries/pag
e-client.tsx
    ./src/app/(dashboard)/image-galleries/pag
e.tsx

https://nextjs.org/docs/messages/module-not-f
ound


./src/app/(dashboard)/image-galleries/page-cl
ient.tsx:19:1
Module not found: Can't resolve '@/components
/image-galleries/image-gallery-form-modal'
[0m [90m 17 |[39m } [36mfrom[39m 
[32m'./actions'[39m[33m;[39m
 [90m 18 |[39m [36mimport[39m { 
[33mImageGalleryTable[39m } [36mfrom[39m 
[32m'@/components/image-galleries/image-gall
ery-table'[39m[33m;[39m
[31m[1m>[22m[39m[90m 19 |[39m 
[36mimport[39m { 
[33mImageGalleryFormModal[39m } 
[36mfrom[39m [32m'@/components/image-galle
ries/image-gallery-form-modal'[39m[33m;[39
m
 [90m    |[39m [31m[1m^[22m[39m[31m[1
m^[22m[39m[31m[1m^[22m[39m[31m[1m^[2
2m[39m[31m[1m^[22m[39m[31m[1m^[22m[3
9m[31m[1m^[22m[39m[31m[1m^[22m[39m[3
1m[1m^[22m[39m[31m[1m^[22m[39m[31m[1
m^[22m[39m[31m[1m^[22m[39m[31m[1m^[2
2m[39m[31m[1m^[22m[39m[31m[1m^[22m[3
9m[31m[1m^[22m[39m[31m[1m^[22m[39m[3
1m[1m^[22m[39m[31m[1m^[22m[39m[31m[1
m^[22m[39m[31m[1m^[22m[39m[31m[1m^[2
2m[39m[31m[1m^[22m[39m[31m[1m^[22m[3
9m[31m[1m^[22m[39m[31m[1m^[22m[39m[3
1m[1m^[22m[39m[31m[1m^[22m[39m[31m[1
m^[22m[39m[31m[1m^[22m[39m[31m[1m^[2
2m[39m[31m[1m^[22m[39m[31m[1m^[22m[3
9m[31m[1m^[22m[39m[31m[1m^[22m[39m[3
1m[1m^[22m[39m[31m[1m^[22m[39m[31m[1
m^[22m[39m[31m[1m^[22m[39m[31m[1m^[2
2m[39m[31m[1m^[22m[39m[31m[1m^[22m[3
9m[31m[1m^[22m[39m[31m[1m^[22m[39m[3
1m[1m^[22m[39m[31m[1m^[22m[39m[31m[1
m^[22m[39m[31m[1m^[22m[39m[31m[1m^[2
2m[39m[31m[1m^[22m[39m[31m[1m^[22m[3
9m[31m[1m^[22m[39m[31m[1m^[22m[39m[3
1m[1m^[22m[39m[31m[1m^[22m[39m[31m[1
m^[22m[39m[31m[1m^[22m[39m[31m[1m^[2
2m[39m[31m[1m^[22m[39m[31m[1m^[22m[3
9m[31m[1m^[22m[39m[31m[1m^[22m[39m[3
1m[1m^[22m[39m[31m[1m^[22m[39m[31m[1
m^[22m[39m[31m[1m^[22m[39m[31m[1m^[2
2m[39m[31m[1m^[22m[39m[31m[1m^[22m[3
9m[31m[1m^[22m[39m[31m[1m^[22m[39m[3
1m[1m^[22m[39m[31m[1m^[22m[39m[31m[1
m^[22m[39m[31m[1m^[22m[39m[31m[1m^[2
2m[39m[31m[1m^[22m[39m[31m[1m^[22m[3
9m[31m[1m^[22m[39m[31m[1m^[22m[39m[3
1m[1m^[22m[39m[31m[1m^[22m[39m[31m[1
m^[22m[39m[31m[1m^[22m[39m[31m[1m^[2
2m[39m[31m[1m^[22m[39m[31m[1m^[22m[3
9m[31m[1m^[22m[39m[31m[1m^[22m[39m[3
1m[1m^[22m[39m[31m[1m^[22m[39m[31m[1
m^[22m[39m[31m[1m^[22m[39m[31m[1m^[2
2m[39m
 [90m 20 |[39m
 [90m 21 |[39m [36minterface[39m 
[33mGalleriesData[39m {
 [90m 22 |[39m     galleries[33m:[39m 
[33mImageGalleryData[39m[][33m;[39m[0m

Import map: aliased to relative './src/compon
ents/image-galleries/image-gallery-form-modal
' inside of [project]/ | aliased to relative 
'./admin-template/components/image-galleries/
image-gallery-form-modal' inside of 
[project]/ | aliased to relative './component
s/image-galleries/image-gallery-form-modal' 
inside of [project]/


Import trace:
  Server Component:
    ./src/app/(dashboard)/image-galleries/pag
e-client.tsx
    ./src/app/(dashboard)/image-galleries/pag
e.tsx

https://nextjs.org/docs/messages/module-not-f
ound


./src/app/(dashboard)/image-galleries/page-cl
ient.tsx:18:1
Module not found: Can't resolve '@/components
/image-galleries/image-gallery-table'
[0m [90m 16 |[39m     type 
[33mImageGalleryData[39m[33m,[39m
 [90m 17 |[39m } [36mfrom[39m 
[32m'./actions'[39m[33m;[39m
[31m[1m>[22m[39m[90m 18 |[39m 
[36mimport[39m { 
[33mImageGalleryTable[39m } [36mfrom[39m 
[32m'@/components/image-galleries/image-gall
ery-table'[39m[33m;[39m
 [90m    |[39m [31m[1m^[22m[39m[31m[1
m^[22m[39m[31m[1m^[22m[39m[31m[1m^[2
2m[39m[31m[1m^[22m[39m[31m[1m^[22m[3
9m[31m[1m^[22m[39m[31m[1m^[22m[39m[3
1m[1m^[22m[39m[31m[1m^[22m[39m[31m[1
m^[22m[39m[31m[1m^[22m[39m[31m[1m^[2
2m[39m[31m[1m^[22m[39m[31m[1m^[22m[3
9m[31m[1m^[22m[39m[31m[1m^[22m[39m[3
1m[1m^[22m[39m[31m[1m^[22m[39m[31m[1
m^[22m[39m[31m[1m^[22m[39m[31m[1m^[2
2m[39m[31m[1m^[22m[39m[31m[1m^[22m[3
9m[31m[1m^[22m[39m[31m[1m^[22m[39m[3
1m[1m^[22m[39m[31m[1m^[22m[39m[31m[1
m^[22m[39m[31m[1m^[22m[39m[31m[1m^[2
2m[39m[31m[1m^[22m[39m[31m[1m^[22m[3
9m[31m[1m^[22m[39m[31m[1m^[22m[39m[3
1m[1m^[22m[39m[31m[1m^[22m[39m[31m[1
m^[22m[39m[31m[1m^[22m[39m[31m[1m^[2
2m[39m[31m[1m^[22m[39m[31m[1m^[22m[3
9m[31m[1m^[22m[39m[31m[1m^[22m[39m[3
1m[1m^[22m[39m[31m[1m^[22m[39m[31m[1
m^[22m[39m[31m[1m^[22m[39m[31m[1m^[2
2m[39m[31m[1m^[22m[39m[31m[1m^[22m[3
9m[31m[1m^[22m[39m[31m[1m^[22m[39m[3
1m[1m^[22m[39m[31m[1m^[22m[39m[31m[1
m^[22m[39m[31m[1m^[22m[39m[31m[1m^[2
2m[39m[31m[1m^[22m[39m[31m[1m^[22m[3
9m[31m[1m^[22m[39m[31m[1m^[22m[39m[3
1m[1m^[22m[39m[31m[1m^[22m[39m[31m[1
m^[22m[39m[31m[1m^[22m[39m[31m[1m^[2
2m[39m[31m[1m^[22m[39m[31m[1m^[22m[3
9m[31m[1m^[22m[39m[31m[1m^[22m[39m[3
1m[1m^[22m[39m[31m[1m^[22m[39m[31m[1
m^[22m[39m[31m[1m^[22m[39m[31m[1m^[2
2m[39m[31m[1m^[22m[39m[31m[1m^[22m[3
9m[31m[1m^[22m[39m[31m[1m^[22m[39m[3
1m[1m^[22m[39m[31m[1m^[22m[39m[31m[1
m^[22m[39m[31m[1m^[22m[39m[31m[1m^[2
2m[39m
 [90m 19 |[39m [36mimport[39m { 
[33mImageGalleryFormModal[39m } 
[36mfrom[39m [32m'@/components/image-galle
ries/image-gallery-form-modal'[39m[33m;[39
m
 [90m 20 |[39m
 [90m 21 |[39m [36minterface[39m 
[33mGalleriesData[39m {[0m

Import map: aliased to relative './src/compon
ents/image-galleries/image-gallery-table' 
inside of [project]/ | aliased to relative '.
/admin-template/components/image-galleries/im
age-gallery-table' inside of [project]/ | 
aliased to relative './components/image-galle
ries/image-gallery-table' inside of 
[project]/


Import trace:
  Server Component:
    ./src/app/(dashboard)/image-galleries/pag
e-client.tsx
    ./src/app/(dashboard)/image-galleries/pag
e.tsx

https://nextjs.org/docs/messages/module-not-f
ound


./src/app/(dashboard)/media/media-library-cli
ent.tsx:23:1
Module not found: Can't resolve 
'@/components/media/media-details-dialog'
[0m [90m 21 |[39m [36mimport[39m { 
[33mMediaGrid[39m } [36mfrom[39m [32m'@/
components/media/media-grid'[39m[33m;[39m
 [90m 22 |[39m [36mimport[39m { 
[33mMediaUploader[39m } [36mfrom[39m [32
m'@/components/media/media-uploader'[39m[33
m;[39m
[31m[1m>[22m[39m[90m 23 |[39m 
[36mimport[39m { 
[33mMediaDetailsDialog[39m } 
[36mfrom[39m [32m'@/components/media/media
-details-dialog'[39m[33m;[39m
 [90m    |[39m [31m[1m^[22m[39m[31m[1
m^[22m[39m[31m[1m^[22m[39m[31m[1m^[2
2m[39m[31m[1m^[22m[39m[31m[1m^[22m[3
9m[31m[1m^[22m[39m[31m[1m^[22m[39m[3
1m[1m^[22m[39m[31m[1m^[22m[39m[31m[1
m^[22m[39m[31m[1m^[22m[39m[31m[1m^[2
2m[39m[31m[1m^[22m[39m[31m[1m^[22m[3
9m[31m[1m^[22m[39m[31m[1m^[22m[39m[3
1m[1m^[22m[39m[31m[1m^[22m[39m[31m[1
m^[22m[39m[31m[1m^[22m[39m[31m[1m^[2
2m[39m[31m[1m^[22m[39m[31m[1m^[22m[3
9m[31m[1m^[22m[39m[31m[1m^[22m[39m[3
1m[1m^[22m[39m[31m[1m^[22m[39m[31m[1
m^[22m[39m[31m[1m^[22m[39m[31m[1m^[2
2m[39m[31m[1m^[22m[39m[31m[1m^[22m[3
9m[31m[1m^[22m[39m[31m[1m^[22m[39m[3
1m[1m^[22m[39m[31m[1m^[22m[39m[31m[1
m^[22m[39m[31m[1m^[22m[39m[31m[1m^[2
2m[39m[31m[1m^[22m[39m[31m[1m^[22m[3
9m[31m[1m^[22m[39m[31m[1m^[22m[39m[3
1m[1m^[22m[39m[31m[1m^[22m[39m[31m[1
m^[22m[39m[31m[1m^[22m[39m[31m[1m^[2
2m[39m[31m[1m^[22m[39m[31m[1m^[22m[3
9m[31m[1m^[22m[39m[31m[1m^[22m[39m[3
1m[1m^[22m[39m[31m[1m^[22m[39m[31m[1
m^[22m[39m[31m[1m^[22m[39m[31m[1m^[2
2m[39m[31m[1m^[22m[39m[31m[1m^[22m[3
9m[31m[1m^[22m[39m[31m[1m^[22m[39m[3
1m[1m^[22m[39m[31m[1m^[22m[39m[31m[1
m^[22m[39m[31m[1m^[22m[39m[31m[1m^[2
2m[39m[31m[1m^[22m[39m[31m[1m^[22m[3
9m[31m[1m^[22m[39m[31m[1m^[22m[39m[3
1m[1m^[22m[39m[31m[1m^[22m[39m[31m[1
m^[22m[39m[31m[1m^[22m[39m[31m[1m^[2
2m[39m[31m[1m^[22m[39m
 [90m 24 |[39m [36mimport[39m { 
deleteMedia[33m,[39m 
deleteMediaBulk[33m,[39m 
deleteAllMedia[33m,[39m selectAllMediaIds 
} [36mfrom[39m 
[32m'./actions'[39m[33m;[39m
 [90m 25 |[39m [36mimport[39m type { 
[33mMediaAsset[39m } [36mfrom[39m 
[32m'./actions'[39m[33m;[39m
 [90m 26 |[39m [36mimport[39m { 
[33mPaginationControls[39m } 
[36mfrom[39m [32m'@/components/ui/paginati
on-controls'[39m[33m;[39m[0m

Import map: aliased to relative './src/compon
ents/media/media-details-dialog' inside of 
[project]/ | aliased to relative './admin-tem
plate/components/media/media-details-dialog' 
inside of [project]/ | aliased to relative 
'./components/media/media-details-dialog' 
inside of [project]/


Import trace:
  Server Component:
    ./src/app/(dashboard)/media/media-library
-client.tsx
    ./src/app/(dashboard)/media/page.tsx

https://nextjs.org/docs/messages/module-not-f
ound


./src/app/(dashboard)/media/media-library-cli
ent.tsx:21:1
Module not found: Can't resolve 
'@/components/media/media-grid'
[0m [90m 19 |[39m } [36mfrom[39m 
[32m'react-icons/lu'[39m[33m;[39m
 [90m 20 |[39m [36mimport[39m { cn } 
[36mfrom[39m 
[32m'@/lib/utils'[39m[33m;[39m
[31m[1m>[22m[39m[90m 21 |[39m 
[36mimport[39m { [33mMediaGrid[39m } 
[36mfrom[39m [32m'@/components/media/media
-grid'[39m[33m;[39m
 [90m    |[39m [31m[1m^[22m[39m[31m[1
m^[22m[39m[31m[1m^[22m[39m[31m[1m^[2
2m[39m[31m[1m^[22m[39m[31m[1m^[22m[3
9m[31m[1m^[22m[39m[31m[1m^[22m[39m[3
1m[1m^[22m[39m[31m[1m^[22m[39m[31m[1
m^[22m[39m[31m[1m^[22m[39m[31m[1m^[2
2m[39m[31m[1m^[22m[39m[31m[1m^[22m[3
9m[31m[1m^[22m[39m[31m[1m^[22m[39m[3
1m[1m^[22m[39m[31m[1m^[22m[39m[31m[1
m^[22m[39m[31m[1m^[22m[39m[31m[1m^[2
2m[39m[31m[1m^[22m[39m[31m[1m^[22m[3
9m[31m[1m^[22m[39m[31m[1m^[22m[39m[3
1m[1m^[22m[39m[31m[1m^[22m[39m[31m[1
m^[22m[39m[31m[1m^[22m[39m[31m[1m^[2
2m[39m[31m[1m^[22m[39m[31m[1m^[22m[3
9m[31m[1m^[22m[39m[31m[1m^[22m[39m[3
1m[1m^[22m[39m[31m[1m^[22m[39m[31m[1
m^[22m[39m[31m[1m^[22m[39m[31m[1m^[2
2m[39m[31m[1m^[22m[39m[31m[1m^[22m[3
9m[31m[1m^[22m[39m[31m[1m^[22m[39m[3
1m[1m^[22m[39m[31m[1m^[22m[39m[31m[1
m^[22m[39m[31m[1m^[22m[39m[31m[1m^[2
2m[39m[31m[1m^[22m[39m[31m[1m^[22m[3
9m[31m[1m^[22m[39m[31m[1m^[22m[39m[3
1m[1m^[22m[39m[31m[1m^[22m[39m[31m[1
m^[22m[39m[31m[1m^[22m[39m[31m[1m^[2
2m[39m
 [90m 22 |[39m [36mimport[39m { 
[33mMediaUploader[39m } [36mfrom[39m [32
m'@/components/media/media-uploader'[39m[33
m;[39m
 [90m 23 |[39m [36mimport[39m { 
[33mMediaDetailsDialog[39m } 
[36mfrom[39m [32m'@/components/media/media
-details-dialog'[39m[33m;[39m
 [90m 24 |[39m [36mimport[39m { 
deleteMedia[33m,[39m 
deleteMediaBulk[33m,[39m 
deleteAllMedia[33m,[39m selectAllMediaIds 
} [36mfrom[39m 
[32m'./actions'[39m[33m;[39m[0m

Import map: aliased to relative 
'./src/components/media/media-grid' inside 
of [project]/ | aliased to relative './admin-
template/components/media/media-grid' inside 
of [project]/ | aliased to relative 
'./components/media/media-grid' inside of 
[project]/


Import trace:
  Server Component:
    ./src/app/(dashboard)/media/media-library
-client.tsx
    ./src/app/(dashboard)/media/page.tsx

https://nextjs.org/docs/messages/module-not-f
ound


./src/app/(dashboard)/media/media-library-cli
ent.tsx:22:1
Module not found: Can't resolve 
'@/components/media/media-uploader'
[0m [90m 20 |[39m [36mimport[39m { cn } 
[36mfrom[39m 
[32m'@/lib/utils'[39m[33m;[39m
 [90m 21 |[39m [36mimport[39m { 
[33mMediaGrid[39m } [36mfrom[39m [32m'@/
components/media/media-grid'[39m[33m;[39m
[31m[1m>[22m[39m[90m 22 |[39m 
[36mimport[39m { [33mMediaUploader[39m } 
[36mfrom[39m [32m'@/components/media/media
-uploader'[39m[33m;[39m
 [90m    |[39m [31m[1m^[22m[39m[31m[1
m^[22m[39m[31m[1m^[22m[39m[31m[1m^[2
2m[39m[31m[1m^[22m[39m[31m[1m^[22m[3
9m[31m[1m^[22m[39m[31m[1m^[22m[39m[3
1m[1m^[22m[39m[31m[1m^[22m[39m[31m[1
m^[22m[39m[31m[1m^[22m[39m[31m[1m^[2
2m[39m[31m[1m^[22m[39m[31m[1m^[22m[3
9m[31m[1m^[22m[39m[31m[1m^[22m[39m[3
1m[1m^[22m[39m[31m[1m^[22m[39m[31m[1
m^[22m[39m[31m[1m^[22m[39m[31m[1m^[2
2m[39m[31m[1m^[22m[39m[31m[1m^[22m[3
9m[31m[1m^[22m[39m[31m[1m^[22m[39m[3
1m[1m^[22m[39m[31m[1m^[22m[39m[31m[1
m^[22m[39m[31m[1m^[22m[39m[31m[1m^[2
2m[39m[31m[1m^[22m[39m[31m[1m^[22m[3
9m[31m[1m^[22m[39m[31m[1m^[22m[39m[3
1m[1m^[22m[39m[31m[1m^[22m[39m[31m[1
m^[22m[39m[31m[1m^[22m[39m[31m[1m^[2
2m[39m[31m[1m^[22m[39m[31m[1m^[22m[3
9m[31m[1m^[22m[39m[31m[1m^[22m[39m[3
1m[1m^[22m[39m[31m[1m^[22m[39m[31m[1
m^[22m[39m[31m[1m^[22m[39m[31m[1m^[2
2m[39m[31m[1m^[22m[39m[31m[1m^[22m[3
9m[31m[1m^[22m[39m[31m[1m^[22m[39m[3
1m[1m^[22m[39m[31m[1m^[22m[39m[31m[1
m^[22m[39m[31m[1m^[22m[39m[31m[1m^[2
2m[39m[31m[1m^[22m[39m[31m[1m^[22m[3
9m[31m[1m^[22m[39m[31m[1m^[22m[39m[3
1m[1m^[22m[39m[31m[1m^[22m[39m[31m[1
m^[22m[39m[31m[1m^[22m[39m
 [90m 23 |[39m [36mimport[39m { 
[33mMediaDetailsDialog[39m } 
[36mfrom[39m [32m'@/components/media/media
-details-dialog'[39m[33m;[39m
 [90m 24 |[39m [36mimport[39m { 
deleteMedia[33m,[39m 
deleteMediaBulk[33m,[39m 
deleteAllMedia[33m,[39m selectAllMediaIds 
} [36mfrom[39m 
[32m'./actions'[39m[33m;[39m
 [90m 25 |[39m [36mimport[39m type { 
[33mMediaAsset[39m } [36mfrom[39m 
[32m'./actions'[39m[33m;[39m[0m

Import map: aliased to relative 
'./src/components/media/media-uploader' 
inside of [project]/ | aliased to relative '.
/admin-template/components/media/media-upload
er' inside of [project]/ | aliased to 
relative './components/media/media-uploader' 
inside of [project]/


Import trace:
  Server Component:
    ./src/app/(dashboard)/media/media-library
-client.tsx
    ./src/app/(dashboard)/media/page.tsx

https://nextjs.org/docs/messages/module-not-f
ound


./src/app/(dashboard)/menus/[id]/page.tsx:6:1
Module not found: Can't resolve 
'@/components/menus/menu-editor-client'
[0m [90m 4 |[39m [36mimport[39m { 
[33mLuArrowLeft[39m } [36mfrom[39m 
[32m'react-icons/lu'[39m[33m;[39m
 [90m 5 |[39m [36mimport[39m { getMenu } 
[36mfrom[39m 
[32m'../actions'[39m[33m;[39m
[31m[1m>[22m[39m[90m 6 |[39m 
[36mimport[39m { 
[33mMenuEditorClient[39m } [36mfrom[39m 
[32m'@/components/menus/menu-editor-client'[
39m[33m;[39m
 [90m   |[39m [31m[1m^[22m[39m[31m[1m
^[22m[39m[31m[1m^[22m[39m[31m[1m^[22
m[39m[31m[1m^[22m[39m[31m[1m^[22m[39
m[31m[1m^[22m[39m[31m[1m^[22m[39m[31
m[1m^[22m[39m[31m[1m^[22m[39m[31m[1m
^[22m[39m[31m[1m^[22m[39m[31m[1m^[22
m[39m[31m[1m^[22m[39m[31m[1m^[22m[39
m[31m[1m^[22m[39m[31m[1m^[22m[39m[31
m[1m^[22m[39m[31m[1m^[22m[39m[31m[1m
^[22m[39m[31m[1m^[22m[39m[31m[1m^[22
m[39m[31m[1m^[22m[39m[31m[1m^[22m[39
m[31m[1m^[22m[39m[31m[1m^[22m[39m[31
m[1m^[22m[39m[31m[1m^[22m[39m[31m[1m
^[22m[39m[31m[1m^[22m[39m[31m[1m^[22
m[39m[31m[1m^[22m[39m[31m[1m^[22m[39
m[31m[1m^[22m[39m[31m[1m^[22m[39m[31
m[1m^[22m[39m[31m[1m^[22m[39m[31m[1m
^[22m[39m[31m[1m^[22m[39m[31m[1m^[22
m[39m[31m[1m^[22m[39m[31m[1m^[22m[39
m[31m[1m^[22m[39m[31m[1m^[22m[39m[31
m[1m^[22m[39m[31m[1m^[22m[39m[31m[1m
^[22m[39m[31m[1m^[22m[39m[31m[1m^[22
m[39m[31m[1m^[22m[39m[31m[1m^[22m[39
m[31m[1m^[22m[39m[31m[1m^[22m[39m[31
m[1m^[22m[39m[31m[1m^[22m[39m[31m[1m
^[22m[39m[31m[1m^[22m[39m[31m[1m^[22
m[39m[31m[1m^[22m[39m[31m[1m^[22m[39
m[31m[1m^[22m[39m[31m[1m^[22m[39m[31
m[1m^[22m[39m[31m[1m^[22m[39m[31m[1m
^[22m[39m[31m[1m^[22m[39m[31m[1m^[22
m[39m[31m[1m^[22m[39m[31m[1m^[22m[39
m[31m[1m^[22m[39m[31m[1m^[22m[39m[31
m[1m^[22m[39m[31m[1m^[22m[39m
 [90m 7 |[39m
 [90m 8 |[39m [36mexport[39m 
[36mconst[39m dynamic [33m=[39m 
[32m'force-dynamic'[39m[33m;[39m
 [90m 9 |[39m [36mexport[39m 
[36mconst[39m revalidate [33m=[39m 
[35m0[39m[33m;[39m[0m

Import map: aliased to relative 
'./src/components/menus/menu-editor-client' 
inside of [project]/ | aliased to relative '.
/admin-template/components/menus/menu-editor-
client' inside of [project]/ | aliased to 
relative 
'./components/menus/menu-editor-client' 
inside of [project]/


https://nextjs.org/docs/messages/module-not-f
ound


./src/app/(dashboard)/menus/menus-client.tsx:
14:1
Module not found: Can't resolve 
'@/components/menus/menu-item-form'
[0m [90m 12 |[39m   
[33mLuLayoutGrid[39m[33m,[39m
 [90m 13 |[39m } [36mfrom[39m 
[32m'react-icons/lu'[39m[33m;[39m
[31m[1m>[22m[39m[90m 14 |[39m 
[36mimport[39m { [33mMenuForm[39m } 
[36mfrom[39m [32m'@/components/menus/menu-
item-form'[39m[33m;[39m
 [90m    |[39m [31m[1m^[22m[39m[31m[1
m^[22m[39m[31m[1m^[22m[39m[31m[1m^[2
2m[39m[31m[1m^[22m[39m[31m[1m^[22m[3
9m[31m[1m^[22m[39m[31m[1m^[22m[39m[3
1m[1m^[22m[39m[31m[1m^[22m[39m[31m[1
m^[22m[39m[31m[1m^[22m[39m[31m[1m^[2
2m[39m[31m[1m^[22m[39m[31m[1m^[22m[3
9m[31m[1m^[22m[39m[31m[1m^[22m[39m[3
1m[1m^[22m[39m[31m[1m^[22m[39m[31m[1
m^[22m[39m[31m[1m^[22m[39m[31m[1m^[2
2m[39m[31m[1m^[22m[39m[31m[1m^[22m[3
9m[31m[1m^[22m[39m[31m[1m^[22m[39m[3
1m[1m^[22m[39m[31m[1m^[22m[39m[31m[1
m^[22m[39m[31m[1m^[22m[39m[31m[1m^[2
2m[39m[31m[1m^[22m[39m[31m[1m^[22m[3
9m[31m[1m^[22m[39m[31m[1m^[22m[39m[3
1m[1m^[22m[39m[31m[1m^[22m[39m[31m[1
m^[22m[39m[31m[1m^[22m[39m[31m[1m^[2
2m[39m[31m[1m^[22m[39m[31m[1m^[22m[3
9m[31m[1m^[22m[39m[31m[1m^[22m[39m[3
1m[1m^[22m[39m[31m[1m^[22m[39m[31m[1
m^[22m[39m[31m[1m^[22m[39m[31m[1m^[2
2m[39m[31m[1m^[22m[39m[31m[1m^[22m[3
9m[31m[1m^[22m[39m[31m[1m^[22m[39m[3
1m[1m^[22m[39m[31m[1m^[22m[39m[31m[1
m^[22m[39m[31m[1m^[22m[39m[31m[1m^[2
2m[39m[31m[1m^[22m[39m[31m[1m^[22m[3
9m[31m[1m^[22m[39m
 [90m 15 |[39m [36mimport[39m { 
[33mMenuItemFormModal[39m } [36mfrom[39m 
[32m'@/components/menus/menu-item-form-modal
'[39m[33m;[39m
 [90m 16 |[39m [36mimport[39m { 
[33mMenuTree[39m } [36mfrom[39m [32m'@/c
omponents/menus/menu-tree'[39m[33m;[39m
 [90m 17 |[39m [36mimport[39m { cn } 
[36mfrom[39m 
[32m'@/lib/utils'[39m[33m;[39m[0m

Import map: aliased to relative 
'./src/components/menus/menu-item-form' 
inside of [project]/ | aliased to relative '.
/admin-template/components/menus/menu-item-fo
rm' inside of [project]/ | aliased to 
relative './components/menus/menu-item-form' 
inside of [project]/


Import trace:
  Server Component:
    
./src/app/(dashboard)/menus/menus-client.tsx
    ./src/app/(dashboard)/menus/page.tsx

https://nextjs.org/docs/messages/module-not-f
ound


./src/app/(dashboard)/menus/menus-client.tsx:
15:1
Module not found: Can't resolve 
'@/components/menus/menu-item-form-modal'
[0m [90m 13 |[39m } [36mfrom[39m 
[32m'react-icons/lu'[39m[33m;[39m
 [90m 14 |[39m [36mimport[39m { 
[33mMenuForm[39m } [36mfrom[39m [32m'@/c
omponents/menus/menu-item-form'[39m[33m;[3
9m
[31m[1m>[22m[39m[90m 15 |[39m 
[36mimport[39m { 
[33mMenuItemFormModal[39m } [36mfrom[39m 
[32m'@/components/menus/menu-item-form-modal
'[39m[33m;[39m
 [90m    |[39m [31m[1m^[22m[39m[31m[1
m^[22m[39m[31m[1m^[22m[39m[31m[1m^[2
2m[39m[31m[1m^[22m[39m[31m[1m^[22m[3
9m[31m[1m^[22m[39m[31m[1m^[22m[39m[3
1m[1m^[22m[39m[31m[1m^[22m[39m[31m[1
m^[22m[39m[31m[1m^[22m[39m[31m[1m^[2
2m[39m[31m[1m^[22m[39m[31m[1m^[22m[3
9m[31m[1m^[22m[39m[31m[1m^[22m[39m[3
1m[1m^[22m[39m[31m[1m^[22m[39m[31m[1
m^[22m[39m[31m[1m^[22m[39m[31m[1m^[2
2m[39m[31m[1m^[22m[39m[31m[1m^[22m[3
9m[31m[1m^[22m[39m[31m[1m^[22m[39m[3
1m[1m^[22m[39m[31m[1m^[22m[39m[31m[1
m^[22m[39m[31m[1m^[22m[39m[31m[1m^[2
2m[39m[31m[1m^[22m[39m[31m[1m^[22m[3
9m[31m[1m^[22m[39m[31m[1m^[22m[39m[3
1m[1m^[22m[39m[31m[1m^[22m[39m[31m[1
m^[22m[39m[31m[1m^[22m[39m[31m[1m^[2
2m[39m[31m[1m^[22m[39m[31m[1m^[22m[3
9m[31m[1m^[22m[39m[31m[1m^[22m[39m[3
1m[1m^[22m[39m[31m[1m^[22m[39m[31m[1
m^[22m[39m[31m[1m^[22m[39m[31m[1m^[2
2m[39m[31m[1m^[22m[39m[31m[1m^[22m[3
9m[31m[1m^[22m[39m[31m[1m^[22m[39m[3
1m[1m^[22m[39m[31m[1m^[22m[39m[31m[1
m^[22m[39m[31m[1m^[22m[39m[31m[1m^[2
2m[39m[31m[1m^[22m[39m[31m[1m^[22m[3
9m[31m[1m^[22m[39m[31m[1m^[22m[39m[3
1m[1m^[22m[39m[31m[1m^[22m[39m[31m[1
m^[22m[39m[31m[1m^[22m[39m[31m[1m^[2
2m[39m[31m[1m^[22m[39m[31m[1m^[22m[3
9m[31m[1m^[22m[39m[31m[1m^[22m[39m[3
1m[1m^[22m[39m[31m[1m^[22m[39m[31m[1
m^[22m[39m[31m[1m^[22m[39m[31m[1m^[2
2m[39m
 [90m 16 |[39m [36mimport[39m { 
[33mMenuTree[39m } [36mfrom[39m [32m'@/c
omponents/menus/menu-tree'[39m[33m;[39m
 [90m 17 |[39m [36mimport[39m { cn } 
[36mfrom[39m 
[32m'@/lib/utils'[39m[33m;[39m
 [90m 18 |[39m [36mimport[39m { 
createMenu[33m,[39m updateMenu[33m,[39m 
deleteMenu } [36mfrom[39m 
[32m'./actions'[39m[33m;[39m[0m

Import map: aliased to relative './src/compon
ents/menus/menu-item-form-modal' inside of 
[project]/ | aliased to relative './admin-tem
plate/components/menus/menu-item-form-modal' 
inside of [project]/ | aliased to relative 
'./components/menus/menu-item-form-modal' 
inside of [project]/


Import trace:
  Server Component:
    
./src/app/(dashboard)/menus/menus-client.tsx
    ./src/app/(dashboard)/menus/page.tsx

https://nextjs.org/docs/messages/module-not-f
ound


./src/app/(dashboard)/menus/menus-client.tsx:
16:1
Module not found: Can't resolve 
'@/components/menus/menu-tree'
[0m [90m 14 |[39m [36mimport[39m { 
[33mMenuForm[39m } [36mfrom[39m [32m'@/c
omponents/menus/menu-item-form'[39m[33m;[3
9m
 [90m 15 |[39m [36mimport[39m { 
[33mMenuItemFormModal[39m } [36mfrom[39m 
[32m'@/components/menus/menu-item-form-modal
'[39m[33m;[39m
[31m[1m>[22m[39m[90m 16 |[39m 
[36mimport[39m { [33mMenuTree[39m } 
[36mfrom[39m [32m'@/components/menus/menu-
tree'[39m[33m;[39m
 [90m    |[39m [31m[1m^[22m[39m[31m[1
m^[22m[39m[31m[1m^[22m[39m[31m[1m^[2
2m[39m[31m[1m^[22m[39m[31m[1m^[22m[3
9m[31m[1m^[22m[39m[31m[1m^[22m[39m[3
1m[1m^[22m[39m[31m[1m^[22m[39m[31m[1
m^[22m[39m[31m[1m^[22m[39m[31m[1m^[2
2m[39m[31m[1m^[22m[39m[31m[1m^[22m[3
9m[31m[1m^[22m[39m[31m[1m^[22m[39m[3
1m[1m^[22m[39m[31m[1m^[22m[39m[31m[1
m^[22m[39m[31m[1m^[22m[39m[31m[1m^[2
2m[39m[31m[1m^[22m[39m[31m[1m^[22m[3
9m[31m[1m^[22m[39m[31m[1m^[22m[39m[3
1m[1m^[22m[39m[31m[1m^[22m[39m[31m[1
m^[22m[39m[31m[1m^[22m[39m[31m[1m^[2
2m[39m[31m[1m^[22m[39m[31m[1m^[22m[3
9m[31m[1m^[22m[39m[31m[1m^[22m[39m[3
1m[1m^[22m[39m[31m[1m^[22m[39m[31m[1
m^[22m[39m[31m[1m^[22m[39m[31m[1m^[2
2m[39m[31m[1m^[22m[39m[31m[1m^[22m[3
9m[31m[1m^[22m[39m[31m[1m^[22m[39m[3
1m[1m^[22m[39m[31m[1m^[22m[39m[31m[1
m^[22m[39m[31m[1m^[22m[39m[31m[1m^[2
2m[39m[31m[1m^[22m[39m[31m[1m^[22m[3
9m[31m[1m^[22m[39m[31m[1m^[22m[39m[3
1m[1m^[22m[39m[31m[1m^[22m[39m[31m[1
m^[22m[39m
 [90m 17 |[39m [36mimport[39m { cn } 
[36mfrom[39m 
[32m'@/lib/utils'[39m[33m;[39m
 [90m 18 |[39m [36mimport[39m { 
createMenu[33m,[39m updateMenu[33m,[39m 
deleteMenu } [36mfrom[39m 
[32m'./actions'[39m[33m;[39m
 [90m 19 |[39m [36mimport[39m type { 
[33mMenu[39m[33m,[39m [33mMenuItem[39m 
} [36mfrom[39m 
[32m'./actions'[39m[33m;[39m[0m

Import map: aliased to relative 
'./src/components/menus/menu-tree' inside of 
[project]/ | aliased to relative './admin-tem
plate/components/menus/menu-tree' inside of 
[project]/ | aliased to relative 
'./components/menus/menu-tree' inside of 
[project]/


Import trace:
  Server Component:
    
./src/app/(dashboard)/menus/menus-client.tsx
    ./src/app/(dashboard)/menus/page.tsx

https://nextjs.org/docs/messages/module-not-f
ound


./src/app/(dashboard)/pages/[id]/page.tsx:6:1
Module not found: Can't resolve 
'@/components/pages/page-form'
[0m [90m 4 |[39m [36mimport[39m { 
useRouter } [36mfrom[39m 
[32m'next/navigation'[39m[33m;[39m
 [90m 5 |[39m [36mimport[39m 
[33mLink[39m [36mfrom[39m 
[32m'next/link'[39m[33m;[39m
[31m[1m>[22m[39m[90m 6 |[39m 
[36mimport[39m { 
[33mPageForm[39m[33m,[39m type 
[33mPageFormData[39m } [36mfrom[39m [32m
'@/components/pages/page-form'[39m[33m;[39
m
 [90m   |[39m [31m[1m^[22m[39m[31m[1m
^[22m[39m[31m[1m^[22m[39m[31m[1m^[22
m[39m[31m[1m^[22m[39m[31m[1m^[22m[39
m[31m[1m^[22m[39m[31m[1m^[22m[39m[31
m[1m^[22m[39m[31m[1m^[22m[39m[31m[1m
^[22m[39m[31m[1m^[22m[39m[31m[1m^[22
m[39m[31m[1m^[22m[39m[31m[1m^[22m[39
m[31m[1m^[22m[39m[31m[1m^[22m[39m[31
m[1m^[22m[39m[31m[1m^[22m[39m[31m[1m
^[22m[39m[31m[1m^[22m[39m[31m[1m^[22
m[39m[31m[1m^[22m[39m[31m[1m^[22m[39
m[31m[1m^[22m[39m[31m[1m^[22m[39m[31
m[1m^[22m[39m[31m[1m^[22m[39m[31m[1m
^[22m[39m[31m[1m^[22m[39m[31m[1m^[22
m[39m[31m[1m^[22m[39m[31m[1m^[22m[39
m[31m[1m^[22m[39m[31m[1m^[22m[39m[31
m[1m^[22m[39m[31m[1m^[22m[39m[31m[1m
^[22m[39m[31m[1m^[22m[39m[31m[1m^[22
m[39m[31m[1m^[22m[39m[31m[1m^[22m[39
m[31m[1m^[22m[39m[31m[1m^[22m[39m[31
m[1m^[22m[39m[31m[1m^[22m[39m[31m[1m
^[22m[39m[31m[1m^[22m[39m[31m[1m^[22
m[39m[31m[1m^[22m[39m[31m[1m^[22m[39
m[31m[1m^[22m[39m[31m[1m^[22m[39m[31
m[1m^[22m[39m[31m[1m^[22m[39m[31m[1m
^[22m[39m[31m[1m^[22m[39m[31m[1m^[22
m[39m[31m[1m^[22m[39m[31m[1m^[22m[39
m[31m[1m^[22m[39m[31m[1m^[22m[39m[31
m[1m^[22m[39m[31m[1m^[22m[39m[31m[1m
^[22m[39m[31m[1m^[22m[39m[31m[1m^[22
m[39m[31m[1m^[22m[39m[31m[1m^[22m[39
m[31m[1m^[22m[39m[31m[1m^[22m[39m[31
m[1m^[22m[39m[31m[1m^[22m[39m[31m[1m
^[22m[39m[31m[1m^[22m[39m
 [90m 7 |[39m [36mimport[39m { 
updatePage[33m,[39m type 
[33mPageActionResponse[39m } 
[36mfrom[39m 
[32m'@/app/actions/pages'[39m[33m;[39m
 [90m 8 |[39m [36mimport[39m { 
useEffectEventHandler } [36mfrom[39m [32m'
@/lib/hooks/useEffectEventHandler'[39m[33m;
[39m
 [90m 9 |[39m[0m

Import map: aliased to relative 
'./src/components/pages/page-form' inside of 
[project]/ | aliased to relative './admin-tem
plate/components/pages/page-form' inside of 
[project]/ | aliased to relative 
'./components/pages/page-form' inside of 
[project]/


Import traces:
  Client Component Browser:
    
./src/app/(dashboard)/pages/[id]/page.tsx 
[Client Component Browser]
    
./src/app/(dashboard)/pages/[id]/page.tsx 
[Server Component]

  Client Component SSR:
    
./src/app/(dashboard)/pages/[id]/page.tsx 
[Client Component SSR]
    
./src/app/(dashboard)/pages/[id]/page.tsx 
[Server Component]

https://nextjs.org/docs/messages/module-not-f
ound


./src/app/(dashboard)/pages/new/page.tsx:6:1
Module not found: Can't resolve 
'@/components/pages/page-form'
[0m [90m 4 |[39m [36mimport[39m { 
useRouter } [36mfrom[39m 
[32m'next/navigation'[39m[33m;[39m
 [90m 5 |[39m [36mimport[39m 
[33mLink[39m [36mfrom[39m 
[32m'next/link'[39m[33m;[39m
[31m[1m>[22m[39m[90m 6 |[39m 
[36mimport[39m { 
[33mPageForm[39m[33m,[39m type 
[33mPageFormData[39m } [36mfrom[39m [32m
'@/components/pages/page-form'[39m[33m;[39
m
 [90m   |[39m [31m[1m^[22m[39m[31m[1m
^[22m[39m[31m[1m^[22m[39m[31m[1m^[22
m[39m[31m[1m^[22m[39m[31m[1m^[22m[39
m[31m[1m^[22m[39m[31m[1m^[22m[39m[31
m[1m^[22m[39m[31m[1m^[22m[39m[31m[1m
^[22m[39m[31m[1m^[22m[39m[31m[1m^[22
m[39m[31m[1m^[22m[39m[31m[1m^[22m[39
m[31m[1m^[22m[39m[31m[1m^[22m[39m[31
m[1m^[22m[39m[31m[1m^[22m[39m[31m[1m
^[22m[39m[31m[1m^[22m[39m[31m[1m^[22
m[39m[31m[1m^[22m[39m[31m[1m^[22m[39
m[31m[1m^[22m[39m[31m[1m^[22m[39m[31
m[1m^[22m[39m[31m[1m^[22m[39m[31m[1m
^[22m[39m[31m[1m^[22m[39m[31m[1m^[22
m[39m[31m[1m^[22m[39m[31m[1m^[22m[39
m[31m[1m^[22m[39m[31m[1m^[22m[39m[31
m[1m^[22m[39m[31m[1m^[22m[39m[31m[1m
^[22m[39m[31m[1m^[22m[39m[31m[1m^[22
m[39m[31m[1m^[22m[39m[31m[1m^[22m[39
m[31m[1m^[22m[39m[31m[1m^[22m[39m[31
m[1m^[22m[39m[31m[1m^[22m[39m[31m[1m
^[22m[39m[31m[1m^[22m[39m[31m[1m^[22
m[39m[31m[1m^[22m[39m[31m[1m^[22m[39
m[31m[1m^[22m[39m[31m[1m^[22m[39m[31
m[1m^[22m[39m[31m[1m^[22m[39m[31m[1m
^[22m[39m[31m[1m^[22m[39m[31m[1m^[22
m[39m[31m[1m^[22m[39m[31m[1m^[22m[39
m[31m[1m^[22m[39m[31m[1m^[22m[39m[31
m[1m^[22m[39m[31m[1m^[22m[39m[31m[1m
^[22m[39m[31m[1m^[22m[39m[31m[1m^[22
m[39m[31m[1m^[22m[39m[31m[1m^[22m[39
m[31m[1m^[22m[39m[31m[1m^[22m[39m[31
m[1m^[22m[39m[31m[1m^[22m[39m[31m[1m
^[22m[39m[31m[1m^[22m[39m
 [90m 7 |[39m [36mimport[39m { 
createPage[33m,[39m type 
[33mPageActionResponse[39m } 
[36mfrom[39m 
[32m'@/app/actions/pages'[39m[33m;[39m
 [90m 8 |[39m [36mimport[39m { 
useEffectEventHandler } [36mfrom[39m [32m'
@/lib/hooks/useEffectEventHandler'[39m[33m;
[39m
 [90m 9 |[39m[0m

Import map: aliased to relative 
'./src/components/pages/page-form' inside of 
[project]/ | aliased to relative './admin-tem
plate/components/pages/page-form' inside of 
[project]/ | aliased to relative 
'./components/pages/page-form' inside of 
[project]/


Import traces:
  Client Component Browser:
    ./src/app/(dashboard)/pages/new/page.tsx 
[Client Component Browser]
    ./src/app/(dashboard)/pages/new/page.tsx 
[Server Component]

  Client Component SSR:
    ./src/app/(dashboard)/pages/new/page.tsx 
[Client Component SSR]
    ./src/app/(dashboard)/pages/new/page.tsx 
[Server Component]

https://nextjs.org/docs/messages/module-not-f
ound


./src/app/(dashboard)/pages/page.tsx:10:1
Module not found: Can't resolve 
'@/components/pages/page-form-modal'
[0m [90m  8 |[39m [36mimport[39m { 
[33mTextRoll[39m } [36mfrom[39m [32m'@/c
omponents/core/text-roll'[39m[33m;[39m
 [90m  9 |[39m [36mimport[39m { 
[33mPaginationControls[39m } 
[36mfrom[39m [32m'@/components/ui/paginati
on-controls'[39m[33m;[39m
[31m[1m>[22m[39m[90m 10 |[39m 
[36mimport[39m { [33mPageFormModal[39m } 
[36mfrom[39m [32m'@/components/pages/page-
form-modal'[39m[33m;[39m
 [90m    |[39m [31m[1m^[22m[39m[31m[1
m^[22m[39m[31m[1m^[22m[39m[31m[1m^[2
2m[39m[31m[1m^[22m[39m[31m[1m^[22m[3
9m[31m[1m^[22m[39m[31m[1m^[22m[39m[3
1m[1m^[22m[39m[31m[1m^[22m[39m[31m[1
m^[22m[39m[31m[1m^[22m[39m[31m[1m^[2
2m[39m[31m[1m^[22m[39m[31m[1m^[22m[3
9m[31m[1m^[22m[39m[31m[1m^[22m[39m[3
1m[1m^[22m[39m[31m[1m^[22m[39m[31m[1
m^[22m[39m[31m[1m^[22m[39m[31m[1m^[2
2m[39m[31m[1m^[22m[39m[31m[1m^[22m[3
9m[31m[1m^[22m[39m[31m[1m^[22m[39m[3
1m[1m^[22m[39m[31m[1m^[22m[39m[31m[1
m^[22m[39m[31m[1m^[22m[39m[31m[1m^[2
2m[39m[31m[1m^[22m[39m[31m[1m^[22m[3
9m[31m[1m^[22m[39m[31m[1m^[22m[39m[3
1m[1m^[22m[39m[31m[1m^[22m[39m[31m[1
m^[22m[39m[31m[1m^[22m[39m[31m[1m^[2
2m[39m[31m[1m^[22m[39m[31m[1m^[22m[3
9m[31m[1m^[22m[39m[31m[1m^[22m[39m[3
1m[1m^[22m[39m[31m[1m^[22m[39m[31m[1
m^[22m[39m[31m[1m^[22m[39m[31m[1m^[2
2m[39m[31m[1m^[22m[39m[31m[1m^[22m[3
9m[31m[1m^[22m[39m[31m[1m^[22m[39m[3
1m[1m^[22m[39m[31m[1m^[22m[39m[31m[1
m^[22m[39m[31m[1m^[22m[39m[31m[1m^[2
2m[39m[31m[1m^[22m[39m[31m[1m^[22m[3
9m[31m[1m^[22m[39m[31m[1m^[22m[39m[3
1m[1m^[22m[39m[31m[1m^[22m[39m[31m[1
m^[22m[39m[31m[1m^[22m[39m[31m[1m^[2
2m[39m
 [90m 11 |[39m [36mimport[39m { 
 [90m 12 |[39m   deletePage[33m,[39m 
 [90m 13 |[39m   
deletePagesBulk[33m,[39m[0m

Import map: aliased to relative 
'./src/components/pages/page-form-modal' 
inside of [project]/ | aliased to relative '.
/admin-template/components/pages/page-form-mo
dal' inside of [project]/ | aliased to 
relative 
'./components/pages/page-form-modal' inside 
of [project]/


Import traces:
  Client Component Browser:
    ./src/app/(dashboard)/pages/page.tsx 
[Client Component Browser]
    ./src/app/(dashboard)/pages/page.tsx 
[Server Component]

  Client Component SSR:
    ./src/app/(dashboard)/pages/page.tsx 
[Client Component SSR]
    ./src/app/(dashboard)/pages/page.tsx 
[Server Component]

https://nextjs.org/docs/messages/module-not-f
ound


./src/app/(dashboard)/pages/page.tsx:7:1
Module not found: Can't resolve 
'@/components/pages/page-table'
[0m [90m  5 |[39m [36mimport[39m { 
[33mLuLoader[39m[33m,[39m 
[33mLuFilter[39m[33m,[39m 
[33mLuSearch[39m[33m,[39m 
[33mLuFileText[39m[33m,[39m 
[33mLuCheck[39m[33m,[39m 
[33mLuClock[39m[33m,[39m 
[33mLuArchive[39m } [36mfrom[39m 
[32m'react-icons/lu'[39m[33m;[39m
 [90m  6 |[39m [36mimport[39m { cn } 
[36mfrom[39m 
[32m'@/lib/utils'[39m[33m;[39m
[31m[1m>[22m[39m[90m  7 |[39m 
[36mimport[39m { 
[33mPageTable[39m[33m,[39m type 
[33mPage[39m } [36mfrom[39m [32m'@/compo
nents/pages/page-table'[39m[33m;[39m
 [90m    |[39m [31m[1m^[22m[39m[31m[1
m^[22m[39m[31m[1m^[22m[39m[31m[1m^[2
2m[39m[31m[1m^[22m[39m[31m[1m^[22m[3
9m[31m[1m^[22m[39m[31m[1m^[22m[39m[3
1m[1m^[22m[39m[31m[1m^[22m[39m[31m[1
m^[22m[39m[31m[1m^[22m[39m[31m[1m^[2
2m[39m[31m[1m^[22m[39m[31m[1m^[22m[3
9m[31m[1m^[22m[39m[31m[1m^[22m[39m[3
1m[1m^[22m[39m[31m[1m^[22m[39m[31m[1
m^[22m[39m[31m[1m^[22m[39m[31m[1m^[2
2m[39m[31m[1m^[22m[39m[31m[1m^[22m[3
9m[31m[1m^[22m[39m[31m[1m^[22m[39m[3
1m[1m^[22m[39m[31m[1m^[22m[39m[31m[1
m^[22m[39m[31m[1m^[22m[39m[31m[1m^[2
2m[39m[31m[1m^[22m[39m[31m[1m^[22m[3
9m[31m[1m^[22m[39m[31m[1m^[22m[39m[3
1m[1m^[22m[39m[31m[1m^[22m[39m[31m[1
m^[22m[39m[31m[1m^[22m[39m[31m[1m^[2
2m[39m[31m[1m^[22m[39m[31m[1m^[22m[3
9m[31m[1m^[22m[39m[31m[1m^[22m[39m[3
1m[1m^[22m[39m[31m[1m^[22m[39m[31m[1
m^[22m[39m[31m[1m^[22m[39m[31m[1m^[2
2m[39m[31m[1m^[22m[39m[31m[1m^[22m[3
9m[31m[1m^[22m[39m[31m[1m^[22m[39m[3
1m[1m^[22m[39m[31m[1m^[22m[39m[31m[1
m^[22m[39m[31m[1m^[22m[39m[31m[1m^[2
2m[39m[31m[1m^[22m[39m[31m[1m^[22m[3
9m[31m[1m^[22m[39m[31m[1m^[22m[39m[3
1m[1m^[22m[39m[31m[1m^[22m[39m[31m[1
m^[22m[39m[31m[1m^[22m[39m[31m[1m^[2
2m[39m[31m[1m^[22m[39m[31m[1m^[22m[3
9m
 [90m  8 |[39m [36mimport[39m { 
[33mTextRoll[39m } [36mfrom[39m [32m'@/c
omponents/core/text-roll'[39m[33m;[39m
 [90m  9 |[39m [36mimport[39m { 
[33mPaginationControls[39m } 
[36mfrom[39m [32m'@/components/ui/paginati
on-controls'[39m[33m;[39m
 [90m 10 |[39m [36mimport[39m { 
[33mPageFormModal[39m } [36mfrom[39m [32
m'@/components/pages/page-form-modal'[39m[3
3m;[39m[0m

Import map: aliased to relative 
'./src/components/pages/page-table' inside 
of [project]/ | aliased to relative './admin-
template/components/pages/page-table' inside 
of [project]/ | aliased to relative 
'./components/pages/page-table' inside of 
[project]/


Import traces:
  Client Component Browser:
    ./src/app/(dashboard)/pages/page.tsx 
[Client Component Browser]
    ./src/app/(dashboard)/pages/page.tsx 
[Server Component]

  Client Component SSR:
    ./src/app/(dashboard)/pages/page.tsx 
[Client Component SSR]
    ./src/app/(dashboard)/pages/page.tsx 
[Server Component]

https://nextjs.org/docs/messages/module-not-f
ound


./src/app/(dashboard)/posts/[id]/page.tsx:9:1
Module not found: Can't resolve 
'@/components/posts/featured-image-picker'
[0m [90m  7 |[39m [36mimport[39m { 
updatePost[33m,[39m getPost[33m,[39m 
type [33mPostListData[39m[33m,[39m type 
[33mPostActionError[39m } [36mfrom[39m [
32m'@/app/admin/posts/actions'[39m[33m;[39
m
 [90m  8 |[39m [36mimport[39m { 
[33mLuLoader[39m } [36mfrom[39m 
[32m'react-icons/lu'[39m[33m;[39m
[31m[1m>[22m[39m[90m  9 |[39m 
[36mimport[39m { 
[33mFeaturedImagePicker[39m } 
[36mfrom[39m [32m'@/components/posts/featu
red-image-picker'[39m[33m;[39m
 [90m    |[39m [31m[1m^[22m[39m[31m[1
m^[22m[39m[31m[1m^[22m[39m[31m[1m^[2
2m[39m[31m[1m^[22m[39m[31m[1m^[22m[3
9m[31m[1m^[22m[39m[31m[1m^[22m[39m[3
1m[1m^[22m[39m[31m[1m^[22m[39m[31m[1
m^[22m[39m[31m[1m^[22m[39m[31m[1m^[2
2m[39m[31m[1m^[22m[39m[31m[1m^[22m[3
9m[31m[1m^[22m[39m[31m[1m^[22m[39m[3
1m[1m^[22m[39m[31m[1m^[22m[39m[31m[1
m^[22m[39m[31m[1m^[22m[39m[31m[1m^[2
2m[39m[31m[1m^[22m[39m[31m[1m^[22m[3
9m[31m[1m^[22m[39m[31m[1m^[22m[39m[3
1m[1m^[22m[39m[31m[1m^[22m[39m[31m[1
m^[22m[39m[31m[1m^[22m[39m[31m[1m^[2
2m[39m[31m[1m^[22m[39m[31m[1m^[22m[3
9m[31m[1m^[22m[39m[31m[1m^[22m[39m[3
1m[1m^[22m[39m[31m[1m^[22m[39m[31m[1
m^[22m[39m[31m[1m^[22m[39m[31m[1m^[2
2m[39m[31m[1m^[22m[39m[31m[1m^[22m[3
9m[31m[1m^[22m[39m[31m[1m^[22m[39m[3
1m[1m^[22m[39m[31m[1m^[22m[39m[31m[1
m^[22m[39m[31m[1m^[22m[39m[31m[1m^[2
2m[39m[31m[1m^[22m[39m[31m[1m^[22m[3
9m[31m[1m^[22m[39m[31m[1m^[22m[39m[3
1m[1m^[22m[39m[31m[1m^[22m[39m[31m[1
m^[22m[39m[31m[1m^[22m[39m[31m[1m^[2
2m[39m[31m[1m^[22m[39m[31m[1m^[22m[3
9m[31m[1m^[22m[39m[31m[1m^[22m[39m[3
1m[1m^[22m[39m[31m[1m^[22m[39m[31m[1
m^[22m[39m[31m[1m^[22m[39m[31m[1m^[2
2m[39m[31m[1m^[22m[39m[31m[1m^[22m[3
9m[31m[1m^[22m[39m[31m[1m^[22m[39m[3
1m[1m^[22m[39m[31m[1m^[22m[39m[31m[1
m^[22m[39m[31m[1m^[22m[39m[31m[1m^[2
2m[39m[31m[1m^[22m[39m[31m[1m^[22m[3
9m[31m[1m^[22m[39m
 [90m 10 |[39m [36mimport[39m type { 
[33mMediaAsset[39m } [36mfrom[39m [32m'@
/app/admin/media/actions'[39m[33m;[39m
 [90m 11 |[39m
 [90m 12 |[39m [36mexport[39m 
[36mdefault[39m [36mfunction[39m 
[33mEditPostPage[39m() {[0m

Import map: aliased to relative './src/compon
ents/posts/featured-image-picker' inside of 
[project]/ | aliased to relative './admin-tem
plate/components/posts/featured-image-picker'
 inside of [project]/ | aliased to relative 
'./components/posts/featured-image-picker' 
inside of [project]/


Import traces:
  Client Component Browser:
    
./src/app/(dashboard)/posts/[id]/page.tsx 
[Client Component Browser]
    
./src/app/(dashboard)/posts/[id]/page.tsx 
[Server Component]

  Client Component SSR:
    
./src/app/(dashboard)/posts/[id]/page.tsx 
[Client Component SSR]
    
./src/app/(dashboard)/posts/[id]/page.tsx 
[Server Component]

https://nextjs.org/docs/messages/module-not-f
ound


./src/app/(dashboard)/posts/[id]/page.tsx:6:1
Module not found: Can't resolve 
'@/components/posts/post-form'
[0m [90m 4 |[39m [36mimport[39m { 
useRouter[33m,[39m useParams } 
[36mfrom[39m 
[32m'next/navigation'[39m[33m;[39m
 [90m 5 |[39m [36mimport[39m 
[33mLink[39m [36mfrom[39m 
[32m'next/link'[39m[33m;[39m
[31m[1m>[22m[39m[90m 6 |[39m 
[36mimport[39m { 
[33mPostForm[39m[33m,[39m type 
[33mPostFormSubmitData[39m } 
[36mfrom[39m [32m'@/components/posts/post-
form'[39m[33m;[39m
 [90m   |[39m [31m[1m^[22m[39m[31m[1m
^[22m[39m[31m[1m^[22m[39m[31m[1m^[22
m[39m[31m[1m^[22m[39m[31m[1m^[22m[39
m[31m[1m^[22m[39m[31m[1m^[22m[39m[31
m[1m^[22m[39m[31m[1m^[22m[39m[31m[1m
^[22m[39m[31m[1m^[22m[39m[31m[1m^[22
m[39m[31m[1m^[22m[39m[31m[1m^[22m[39
m[31m[1m^[22m[39m[31m[1m^[22m[39m[31
m[1m^[22m[39m[31m[1m^[22m[39m[31m[1m
^[22m[39m[31m[1m^[22m[39m[31m[1m^[22
m[39m[31m[1m^[22m[39m[31m[1m^[22m[39
m[31m[1m^[22m[39m[31m[1m^[22m[39m[31
m[1m^[22m[39m[31m[1m^[22m[39m[31m[1m
^[22m[39m[31m[1m^[22m[39m[31m[1m^[22
m[39m[31m[1m^[22m[39m[31m[1m^[22m[39
m[31m[1m^[22m[39m[31m[1m^[22m[39m[31
m[1m^[22m[39m[31m[1m^[22m[39m[31m[1m
^[22m[39m[31m[1m^[22m[39m[31m[1m^[22
m[39m[31m[1m^[22m[39m[31m[1m^[22m[39
m[31m[1m^[22m[39m[31m[1m^[22m[39m[31
m[1m^[22m[39m[31m[1m^[22m[39m[31m[1m
^[22m[39m[31m[1m^[22m[39m[31m[1m^[22
m[39m[31m[1m^[22m[39m[31m[1m^[22m[39
m[31m[1m^[22m[39m[31m[1m^[22m[39m[31
m[1m^[22m[39m[31m[1m^[22m[39m[31m[1m
^[22m[39m[31m[1m^[22m[39m[31m[1m^[22
m[39m[31m[1m^[22m[39m[31m[1m^[22m[39
m[31m[1m^[22m[39m[31m[1m^[22m[39m[31
m[1m^[22m[39m[31m[1m^[22m[39m[31m[1m
^[22m[39m[31m[1m^[22m[39m[31m[1m^[22
m[39m[31m[1m^[22m[39m[31m[1m^[22m[39
m[31m[1m^[22m[39m[31m[1m^[22m[39m[31
m[1m^[22m[39m[31m[1m^[22m[39m[31m[1m
^[22m[39m[31m[1m^[22m[39m[31m[1m^[22
m[39m[31m[1m^[22m[39m[31m[1m^[22m[39
m[31m[1m^[22m[39m[31m[1m^[22m[39m[31
m[1m^[22m[39m
 [90m 7 |[39m [36mimport[39m { 
updatePost[33m,[39m getPost[33m,[39m 
type [33mPostListData[39m[33m,[39m type 
[33mPostActionError[39m } [36mfrom[39m [
32m'@/app/admin/posts/actions'[39m[33m;[39
m
 [90m 8 |[39m [36mimport[39m { 
[33mLuLoader[39m } [36mfrom[39m 
[32m'react-icons/lu'[39m[33m;[39m
 [90m 9 |[39m [36mimport[39m { 
[33mFeaturedImagePicker[39m } 
[36mfrom[39m [32m'@/components/posts/featu
red-image-picker'[39m[33m;[39m[0m

Import map: aliased to relative 
'./src/components/posts/post-form' inside of 
[project]/ | aliased to relative './admin-tem
plate/components/posts/post-form' inside of 
[project]/ | aliased to relative 
'./components/posts/post-form' inside of 
[project]/


Import traces:
  Client Component Browser:
    
./src/app/(dashboard)/posts/[id]/page.tsx 
[Client Component Browser]
    
./src/app/(dashboard)/posts/[id]/page.tsx 
[Server Component]

  Client Component SSR:
    
./src/app/(dashboard)/posts/[id]/page.tsx 
[Client Component SSR]
    
./src/app/(dashboard)/posts/[id]/page.tsx 
[Server Component]

https://nextjs.org/docs/messages/module-not-f
ound


./src/app/(dashboard)/posts/page.tsx:8:1
Module not found: Can't resolve 
'@/components/posts/post-form-modal'
[0m [90m  6 |[39m [36mimport[39m { cn } 
[36mfrom[39m 
[32m'@/lib/utils'[39m[33m;[39m
 [90m  7 |[39m [36mimport[39m { 
[33mPostTable[39m[33m,[39m type 
[33mPost[39m } [36mfrom[39m [32m'@/compo
nents/posts/post-table'[39m[33m;[39m
[31m[1m>[22m[39m[90m  8 |[39m 
[36mimport[39m { [33mPostFormModal[39m } 
[36mfrom[39m [32m'@/components/posts/post-
form-modal'[39m[33m;[39m
 [90m    |[39m [31m[1m^[22m[39m[31m[1
m^[22m[39m[31m[1m^[22m[39m[31m[1m^[2
2m[39m[31m[1m^[22m[39m[31m[1m^[22m[3
9m[31m[1m^[22m[39m[31m[1m^[22m[39m[3
1m[1m^[22m[39m[31m[1m^[22m[39m[31m[1
m^[22m[39m[31m[1m^[22m[39m[31m[1m^[2
2m[39m[31m[1m^[22m[39m[31m[1m^[22m[3
9m[31m[1m^[22m[39m[31m[1m^[22m[39m[3
1m[1m^[22m[39m[31m[1m^[22m[39m[31m[1
m^[22m[39m[31m[1m^[22m[39m[31m[1m^[2
2m[39m[31m[1m^[22m[39m[31m[1m^[22m[3
9m[31m[1m^[22m[39m[31m[1m^[22m[39m[3
1m[1m^[22m[39m[31m[1m^[22m[39m[31m[1
m^[22m[39m[31m[1m^[22m[39m[31m[1m^[2
2m[39m[31m[1m^[22m[39m[31m[1m^[22m[3
9m[31m[1m^[22m[39m[31m[1m^[22m[39m[3
1m[1m^[22m[39m[31m[1m^[22m[39m[31m[1
m^[22m[39m[31m[1m^[22m[39m[31m[1m^[2
2m[39m[31m[1m^[22m[39m[31m[1m^[22m[3
9m[31m[1m^[22m[39m[31m[1m^[22m[39m[3
1m[1m^[22m[39m[31m[1m^[22m[39m[31m[1
m^[22m[39m[31m[1m^[22m[39m[31m[1m^[2
2m[39m[31m[1m^[22m[39m[31m[1m^[22m[3
9m[31m[1m^[22m[39m[31m[1m^[22m[39m[3
1m[1m^[22m[39m[31m[1m^[22m[39m[31m[1
m^[22m[39m[31m[1m^[22m[39m[31m[1m^[2
2m[39m[31m[1m^[22m[39m[31m[1m^[22m[3
9m[31m[1m^[22m[39m[31m[1m^[22m[39m[3
1m[1m^[22m[39m[31m[1m^[22m[39m[31m[1
m^[22m[39m[31m[1m^[22m[39m[31m[1m^[2
2m[39m
 [90m  9 |[39m [36mimport[39m { 
[33mPaginationControls[39m } 
[36mfrom[39m [32m'@/components/ui/paginati
on-controls'[39m[33m;[39m
 [90m 10 |[39m [36mimport[39m type { 
[33mPostActionResponse[39m[33m,[39m 
[33mPostListData[39m } [36mfrom[39m 
[32m'./actions'[39m[33m;[39m
 [90m 11 |[39m [36mimport[39m { 
deletePost[33m,[39m 
deletePostsBulk[33m,[39m 
listPosts[33m,[39m getPostStats[33m,[39m 
selectAllPostIds } [36mfrom[39m 
[32m'./actions'[39m[33m;[39m[0m

Import map: aliased to relative 
'./src/components/posts/post-form-modal' 
inside of [project]/ | aliased to relative '.
/admin-template/components/posts/post-form-mo
dal' inside of [project]/ | aliased to 
relative 
'./components/posts/post-form-modal' inside 
of [project]/


Import traces:
  Client Component Browser:
    ./src/app/(dashboard)/posts/page.tsx 
[Client Component Browser]
    ./src/app/(dashboard)/posts/page.tsx 
[Server Component]

  Client Component SSR:
    ./src/app/(dashboard)/posts/page.tsx 
[Client Component SSR]
    ./src/app/(dashboard)/posts/page.tsx 
[Server Component]

https://nextjs.org/docs/messages/module-not-f
ound


./src/app/(dashboard)/posts/page.tsx:7:1
Module not found: Can't resolve 
'@/components/posts/post-table'
[0m [90m  5 |[39m [36mimport[39m { 
[33mLuLoader[39m[33m,[39m 
[33mLuFilter[39m[33m,[39m 
[33mLuSearch[39m[33m,[39m [33mLuX[39m 
} [36mfrom[39m 
[32m'react-icons/lu'[39m[33m;[39m
 [90m  6 |[39m [36mimport[39m { cn } 
[36mfrom[39m 
[32m'@/lib/utils'[39m[33m;[39m
[31m[1m>[22m[39m[90m  7 |[39m 
[36mimport[39m { 
[33mPostTable[39m[33m,[39m type 
[33mPost[39m } [36mfrom[39m [32m'@/compo
nents/posts/post-table'[39m[33m;[39m
 [90m    |[39m [31m[1m^[22m[39m[31m[1
m^[22m[39m[31m[1m^[22m[39m[31m[1m^[2
2m[39m[31m[1m^[22m[39m[31m[1m^[22m[3
9m[31m[1m^[22m[39m[31m[1m^[22m[39m[3
1m[1m^[22m[39m[31m[1m^[22m[39m[31m[1
m^[22m[39m[31m[1m^[22m[39m[31m[1m^[2
2m[39m[31m[1m^[22m[39m[31m[1m^[22m[3
9m[31m[1m^[22m[39m[31m[1m^[22m[39m[3
1m[1m^[22m[39m[31m[1m^[22m[39m[31m[1
m^[22m[39m[31m[1m^[22m[39m[31m[1m^[2
2m[39m[31m[1m^[22m[39m[31m[1m^[22m[3
9m[31m[1m^[22m[39m[31m[1m^[22m[39m[3
1m[1m^[22m[39m[31m[1m^[22m[39m[31m[1
m^[22m[39m[31m[1m^[22m[39m[31m[1m^[2
2m[39m[31m[1m^[22m[39m[31m[1m^[22m[3
9m[31m[1m^[22m[39m[31m[1m^[22m[39m[3
1m[1m^[22m[39m[31m[1m^[22m[39m[31m[1
m^[22m[39m[31m[1m^[22m[39m[31m[1m^[2
2m[39m[31m[1m^[22m[39m[31m[1m^[22m[3
9m[31m[1m^[22m[39m[31m[1m^[22m[39m[3
1m[1m^[22m[39m[31m[1m^[22m[39m[31m[1
m^[22m[39m[31m[1m^[22m[39m[31m[1m^[2
2m[39m[31m[1m^[22m[39m[31m[1m^[22m[3
9m[31m[1m^[22m[39m[31m[1m^[22m[39m[3
1m[1m^[22m[39m[31m[1m^[22m[39m[31m[1
m^[22m[39m[31m[1m^[22m[39m[31m[1m^[2
2m[39m[31m[1m^[22m[39m[31m[1m^[22m[3
9m[31m[1m^[22m[39m[31m[1m^[22m[39m[3
1m[1m^[22m[39m[31m[1m^[22m[39m[31m[1
m^[22m[39m[31m[1m^[22m[39m[31m[1m^[2
2m[39m[31m[1m^[22m[39m[31m[1m^[22m[3
9m
 [90m  8 |[39m [36mimport[39m { 
[33mPostFormModal[39m } [36mfrom[39m [32
m'@/components/posts/post-form-modal'[39m[3
3m;[39m
 [90m  9 |[39m [36mimport[39m { 
[33mPaginationControls[39m } 
[36mfrom[39m [32m'@/components/ui/paginati
on-controls'[39m[33m;[39m
 [90m 10 |[39m [36mimport[39m type { 
[33mPostActionResponse[39m[33m,[39m 
[33mPostListData[39m } [36mfrom[39m 
[32m'./actions'[39m[33m;[39m[0m

Import map: aliased to relative 
'./src/components/posts/post-table' inside 
of [project]/ | aliased to relative './admin-
template/components/posts/post-table' inside 
of [project]/ | aliased to relative 
'./components/posts/post-table' inside of 
[project]/


Import traces:
  Client Component Browser:
    ./src/app/(dashboard)/posts/page.tsx 
[Client Component Browser]
    ./src/app/(dashboard)/posts/page.tsx 
[Server Component]

  Client Component SSR:
    ./src/app/(dashboard)/posts/page.tsx 
[Client Component SSR]
    ./src/app/(dashboard)/posts/page.tsx 
[Server Component]

https://nextjs.org/docs/messages/module-not-f
ound


./src/app/(dashboard)/users/page-client.tsx:9
:1
Module not found: Can't resolve 
'@/components/users/user-form-modal'
[0m [90m  7 |[39m [36mimport[39m { cn } 
[36mfrom[39m 
[32m'@/lib/utils'[39m[33m;[39m
 [90m  8 |[39m [36mimport[39m { 
[33mUserTable[39m } [36mfrom[39m [32m'@/
components/users/user-table'[39m[33m;[39m
[31m[1m>[22m[39m[90m  9 |[39m 
[36mimport[39m { [33mUserFormModal[39m } 
[36mfrom[39m [32m'@/components/users/user-
form-modal'[39m[33m;[39m
 [90m    |[39m [31m[1m^[22m[39m[31m[1
m^[22m[39m[31m[1m^[22m[39m[31m[1m^[2
2m[39m[31m[1m^[22m[39m[31m[1m^[22m[3
9m[31m[1m^[22m[39m[31m[1m^[22m[39m[3
1m[1m^[22m[39m[31m[1m^[22m[39m[31m[1
m^[22m[39m[31m[1m^[22m[39m[31m[1m^[2
2m[39m[31m[1m^[22m[39m[31m[1m^[22m[3
9m[31m[1m^[22m[39m[31m[1m^[22m[39m[3
1m[1m^[22m[39m[31m[1m^[22m[39m[31m[1
m^[22m[39m[31m[1m^[22m[39m[31m[1m^[2
2m[39m[31m[1m^[22m[39m[31m[1m^[22m[3
9m[31m[1m^[22m[39m[31m[1m^[22m[39m[3
1m[1m^[22m[39m[31m[1m^[22m[39m[31m[1
m^[22m[39m[31m[1m^[22m[39m[31m[1m^[2
2m[39m[31m[1m^[22m[39m[31m[1m^[22m[3
9m[31m[1m^[22m[39m[31m[1m^[22m[39m[3
1m[1m^[22m[39m[31m[1m^[22m[39m[31m[1
m^[22m[39m[31m[1m^[22m[39m[31m[1m^[2
2m[39m[31m[1m^[22m[39m[31m[1m^[22m[3
9m[31m[1m^[22m[39m[31m[1m^[22m[39m[3
1m[1m^[22m[39m[31m[1m^[22m[39m[31m[1
m^[22m[39m[31m[1m^[22m[39m[31m[1m^[2
2m[39m[31m[1m^[22m[39m[31m[1m^[22m[3
9m[31m[1m^[22m[39m[31m[1m^[22m[39m[3
1m[1m^[22m[39m[31m[1m^[22m[39m[31m[1
m^[22m[39m[31m[1m^[22m[39m[31m[1m^[2
2m[39m[31m[1m^[22m[39m[31m[1m^[22m[3
9m[31m[1m^[22m[39m[31m[1m^[22m[39m[3
1m[1m^[22m[39m[31m[1m^[22m[39m[31m[1
m^[22m[39m[31m[1m^[22m[39m[31m[1m^[2
2m[39m
 [90m 10 |[39m [36mimport[39m { 
[33mTextRoll[39m } [36mfrom[39m [32m'@/c
omponents/core/text-roll'[39m[33m;[39m
 [90m 11 |[39m [36mimport[39m { 
[33mPaginationControls[39m } 
[36mfrom[39m [32m'@/components/ui/paginati
on-controls'[39m[33m;[39m
 [90m 12 |[39m [36mimport[39m type { 
[33mUserData[39m } [36mfrom[39m 
[32m'./actions'[39m[33m;[39m[0m

Import map: aliased to relative 
'./src/components/users/user-form-modal' 
inside of [project]/ | aliased to relative '.
/admin-template/components/users/user-form-mo
dal' inside of [project]/ | aliased to 
relative 
'./components/users/user-form-modal' inside 
of [project]/


Import trace:
  Server Component:
    
./src/app/(dashboard)/users/page-client.tsx
    ./src/app/(dashboard)/users/page.tsx

https://nextjs.org/docs/messages/module-not-f
ound


./src/app/(dashboard)/users/page-client.tsx:8
:1
Module not found: Can't resolve 
'@/components/users/user-table'
[0m [90m  6 |[39m [36mimport[39m { 
useRouter[33m,[39m useSearchParams } 
[36mfrom[39m 
[32m'next/navigation'[39m[33m;[39m
 [90m  7 |[39m [36mimport[39m { cn } 
[36mfrom[39m 
[32m'@/lib/utils'[39m[33m;[39m
[31m[1m>[22m[39m[90m  8 |[39m 
[36mimport[39m { [33mUserTable[39m } 
[36mfrom[39m [32m'@/components/users/user-
table'[39m[33m;[39m
 [90m    |[39m [31m[1m^[22m[39m[31m[1
m^[22m[39m[31m[1m^[22m[39m[31m[1m^[2
2m[39m[31m[1m^[22m[39m[31m[1m^[22m[3
9m[31m[1m^[22m[39m[31m[1m^[22m[39m[3
1m[1m^[22m[39m[31m[1m^[22m[39m[31m[1
m^[22m[39m[31m[1m^[22m[39m[31m[1m^[2
2m[39m[31m[1m^[22m[39m[31m[1m^[22m[3
9m[31m[1m^[22m[39m[31m[1m^[22m[39m[3
1m[1m^[22m[39m[31m[1m^[22m[39m[31m[1
m^[22m[39m[31m[1m^[22m[39m[31m[1m^[2
2m[39m[31m[1m^[22m[39m[31m[1m^[22m[3
9m[31m[1m^[22m[39m[31m[1m^[22m[39m[3
1m[1m^[22m[39m[31m[1m^[22m[39m[31m[1
m^[22m[39m[31m[1m^[22m[39m[31m[1m^[2
2m[39m[31m[1m^[22m[39m[31m[1m^[22m[3
9m[31m[1m^[22m[39m[31m[1m^[22m[39m[3
1m[1m^[22m[39m[31m[1m^[22m[39m[31m[1
m^[22m[39m[31m[1m^[22m[39m[31m[1m^[2
2m[39m[31m[1m^[22m[39m[31m[1m^[22m[3
9m[31m[1m^[22m[39m[31m[1m^[22m[39m[3
1m[1m^[22m[39m[31m[1m^[22m[39m[31m[1
m^[22m[39m[31m[1m^[22m[39m[31m[1m^[2
2m[39m[31m[1m^[22m[39m[31m[1m^[22m[3
9m[31m[1m^[22m[39m[31m[1m^[22m[39m[3
1m[1m^[22m[39m[31m[1m^[22m[39m[31m[1
m^[22m[39m[31m[1m^[22m[39m[31m[1m^[2
2m[39m
 [90m  9 |[39m [36mimport[39m { 
[33mUserFormModal[39m } [36mfrom[39m [32
m'@/components/users/user-form-modal'[39m[3
3m;[39m
 [90m 10 |[39m [36mimport[39m { 
[33mTextRoll[39m } [36mfrom[39m [32m'@/c
omponents/core/text-roll'[39m[33m;[39m
 [90m 11 |[39m [36mimport[39m { 
[33mPaginationControls[39m } 
[36mfrom[39m [32m'@/components/ui/paginati
on-controls'[39m[33m;[39m[0m

Import map: aliased to relative 
'./src/components/users/user-table' inside 
of [project]/ | aliased to relative './admin-
template/components/users/user-table' inside 
of [project]/ | aliased to relative 
'./components/users/user-table' inside of 
[project]/


Import trace:
  Server Component:
    
./src/app/(dashboard)/users/page-client.tsx
    ./src/app/(dashboard)/users/page.tsx

https://nextjs.org/docs/messages/module-not-f
ound


./src/lib/db.ts:1:1
Module not found: Can't resolve 
'@/generated/client'
[0m[31m[1m>[22m[39m[90m 1 |[39m 
[36mimport[39m { [33mPrismaClient[39m } 
[36mfrom[39m 
[32m'@/generated/client'[39m[33m;[39m
 [90m   |[39m [31m[1m^[22m[39m[31m[1m
^[22m[39m[31m[1m^[22m[39m[31m[1m^[22
m[39m[31m[1m^[22m[39m[31m[1m^[22m[39
m[31m[1m^[22m[39m[31m[1m^[22m[39m[31
m[1m^[22m[39m[31m[1m^[22m[39m[31m[1m
^[22m[39m[31m[1m^[22m[39m[31m[1m^[22
m[39m[31m[1m^[22m[39m[31m[1m^[22m[39
m[31m[1m^[22m[39m[31m[1m^[22m[39m[31
m[1m^[22m[39m[31m[1m^[22m[39m[31m[1m
^[22m[39m[31m[1m^[22m[39m[31m[1m^[22
m[39m[31m[1m^[22m[39m[31m[1m^[22m[39
m[31m[1m^[22m[39m[31m[1m^[22m[39m[31
m[1m^[22m[39m[31m[1m^[22m[39m[31m[1m
^[22m[39m[31m[1m^[22m[39m[31m[1m^[22
m[39m[31m[1m^[22m[39m[31m[1m^[22m[39
m[31m[1m^[22m[39m[31m[1m^[22m[39m[31
m[1m^[22m[39m[31m[1m^[22m[39m[31m[1m
^[22m[39m[31m[1m^[22m[39m[31m[1m^[22
m[39m[31m[1m^[22m[39m[31m[1m^[22m[39
m[31m[1m^[22m[39m[31m[1m^[22m[39m[31
m[1m^[22m[39m[31m[1m^[22m[39m[31m[1m
^[22m[39m[31m[1m^[22m[39m[31m[1m^[22
m[39m[31m[1m^[22m[39m
 [90m 2 |[39m
 [90m 3 |[39m [36mconst[39m 
globalForPrisma [33m=[39m global 
[36mas[39m unknown [36mas[39m { 
prisma[33m:[39m [33mPrismaClient[39m 
}[33m;[39m
 [90m 4 |[39m[0m

Import map: aliased to relative 
'./src/generated/client' inside of 
[project]/ | aliased to relative 
'./admin-template/generated/client' inside 
of [project]/ | aliased to relative 
'./generated/client' inside of [project]/


Import traces:
  #1 [Server Component]:
    ./src/lib/db.ts
    
./src/app/(dashboard)/audit-logs/actions.ts

  #2 [Server Component]:
    ./src/lib/db.ts
    
./src/app/(dashboard)/categories/actions.ts
    ./src/app/(dashboard)/categories/page.tsx

https://nextjs.org/docs/messages/module-not-f
ound


./src/app/auth/callback/route.ts:3:1
Module not found: Can't resolve 
'@/utils/supabase/server'
[0m [90m 1 |[39m [36mimport[39m { type 
[33mEmailOtpType[39m } [36mfrom[39m 
[32m'@supabase/supabase-js'[39m
 [90m 2 |[39m [36mimport[39m { type 
[33mNextRequest[39m[33m,[39m 
[33mNextResponse[39m } [36mfrom[39m 
[32m'next/server'[39m
[31m[1m>[22m[39m[90m 3 |[39m 
[36mimport[39m { createClient } 
[36mfrom[39m 
[32m'@/utils/supabase/server'[39m
 [90m   |[39m [31m[1m^[22m[39m[31m[1m
^[22m[39m[31m[1m^[22m[39m[31m[1m^[22
m[39m[31m[1m^[22m[39m[31m[1m^[22m[39
m[31m[1m^[22m[39m[31m[1m^[22m[39m[31
m[1m^[22m[39m[31m[1m^[22m[39m[31m[1m
^[22m[39m[31m[1m^[22m[39m[31m[1m^[22
m[39m[31m[1m^[22m[39m[31m[1m^[22m[39
m[31m[1m^[22m[39m[31m[1m^[22m[39m[31
m[1m^[22m[39m[31m[1m^[22m[39m[31m[1m
^[22m[39m[31m[1m^[22m[39m[31m[1m^[22
m[39m[31m[1m^[22m[39m[31m[1m^[22m[39
m[31m[1m^[22m[39m[31m[1m^[22m[39m[31
m[1m^[22m[39m[31m[1m^[22m[39m[31m[1m
^[22m[39m[31m[1m^[22m[39m[31m[1m^[22
m[39m[31m[1m^[22m[39m[31m[1m^[22m[39
m[31m[1m^[22m[39m[31m[1m^[22m[39m[31
m[1m^[22m[39m[31m[1m^[22m[39m[31m[1m
^[22m[39m[31m[1m^[22m[39m[31m[1m^[22
m[39m[31m[1m^[22m[39m[31m[1m^[22m[39
m[31m[1m^[22m[39m[31m[1m^[22m[39m[31
m[1m^[22m[39m[31m[1m^[22m[39m[31m[1m
^[22m[39m[31m[1m^[22m[39m[31m[1m^[22
m[39m[31m[1m^[22m[39m[31m[1m^[22m[39
m[31m[1m^[22m[39m[31m[1m^[22m[39m[31
m[1m^[22m[39m
 [90m 4 |[39m
 [90m 5 |[39m [36mexport[39m 
[36masync[39m [36mfunction[39m 
[33mGET[39m(request[33m:[39m 
[33mNextRequest[39m) {
 [90m 6 |[39m     [36mconst[39m { 
searchParams } [33m=[39m [36mnew[39m 
[33mURL[39m(request[33m.[39murl)[0m

Import map: aliased to relative 
'./src/utils/supabase/server' inside of 
[project]/ | aliased to relative 
'./admin-template/utils/supabase/server' 
inside of [project]/ | aliased to relative 
'./utils/supabase/server' inside of 
[project]/


https://nextjs.org/docs/messages/module-not-f
ound


./src/lib/firebase-client.ts:1:1
Module not found: Can't resolve 
'firebase/app'
[0m[31m[1m>[22m[39m[90m 1 |[39m 
[36mimport[39m { initializeApp[33m,[39m 
getApps[33m,[39m getApp } [36mfrom[39m 
[32m'firebase/app'[39m[33m;[39m
 [90m   |[39m [31m[1m^[22m[39m[31m[1m
^[22m[39m[31m[1m^[22m[39m[31m[1m^[22
m[39m[31m[1m^[22m[39m[31m[1m^[22m[39
m[31m[1m^[22m[39m[31m[1m^[22m[39m[31
m[1m^[22m[39m[31m[1m^[22m[39m[31m[1m
^[22m[39m[31m[1m^[22m[39m[31m[1m^[22
m[39m[31m[1m^[22m[39m[31m[1m^[22m[39
m[31m[1m^[22m[39m[31m[1m^[22m[39m[31
m[1m^[22m[39m[31m[1m^[22m[39m[31m[1m
^[22m[39m[31m[1m^[22m[39m[31m[1m^[22
m[39m[31m[1m^[22m[39m[31m[1m^[22m[39
m[31m[1m^[22m[39m[31m[1m^[22m[39m[31
m[1m^[22m[39m[31m[1m^[22m[39m[31m[1m
^[22m[39m[31m[1m^[22m[39m[31m[1m^[22
m[39m[31m[1m^[22m[39m[31m[1m^[22m[39
m[31m[1m^[22m[39m[31m[1m^[22m[39m[31
m[1m^[22m[39m[31m[1m^[22m[39m[31m[1m
^[22m[39m[31m[1m^[22m[39m[31m[1m^[22
m[39m[31m[1m^[22m[39m[31m[1m^[22m[39
m[31m[1m^[22m[39m[31m[1m^[22m[39m[31
m[1m^[22m[39m[31m[1m^[22m[39m[31m[1m
^[22m[39m[31m[1m^[22m[39m[31m[1m^[22
m[39m[31m[1m^[22m[39m[31m[1m^[22m[39
m[31m[1m^[22m[39m[31m[1m^[22m[39m[31
m[1m^[22m[39m[31m[1m^[22m[39m[31m[1m
^[22m[39m[31m[1m^[22m[39m[31m[1m^[22
m[39m[31m[1m^[22m[39m[31m[1m^[22m[39
m[31m[1m^[22m[39m[31m[1m^[22m[39m
 [90m 2 |[39m [36mimport[39m { 
getStorage } [36mfrom[39m 
[32m'firebase/storage'[39m[33m;[39m
 [90m 3 |[39m
 [90m 4 |[39m [90m// Configura├º├úo do 
Firebase (client-side)[39m[0m



Import traces:
  Client Component Browser:
    ./src/lib/firebase-client.ts [Client 
Component Browser]
    ./src/lib/firebase-upload.ts [Client 
Component Browser]
    ./src/components/admin/forms/file-upload-
form.tsx [Client Component Browser]
    ./src/components/admin/dashboard/action-b
uttons.tsx [Client Component Browser]
    
./src/app/(admin)/admin/dashboard/page.tsx 
[Client Component Browser]
    
./src/app/(admin)/admin/dashboard/page.tsx 
[Server Component]

  Client Component SSR:
    ./src/lib/firebase-client.ts [Client 
Component SSR]
    ./src/lib/firebase-upload.ts [Client 
Component SSR]
    ./src/components/admin/forms/file-upload-
form.tsx [Client Component SSR]
    ./src/components/admin/dashboard/action-b
uttons.tsx [Client Component SSR]
    
./src/app/(admin)/admin/dashboard/page.tsx 
[Client Component SSR]
    
./src/app/(admin)/admin/dashboard/page.tsx 
[Server Component]

https://nextjs.org/docs/messages/module-not-f
ound


./src/lib/firebase-client.ts:2:1
Module not found: Can't resolve 
'firebase/storage'
[0m [90m 1 |[39m [36mimport[39m { 
initializeApp[33m,[39m getApps[33m,[39m 
getApp } [36mfrom[39m 
[32m'firebase/app'[39m[33m;[39m
[31m[1m>[22m[39m[90m 2 |[39m 
[36mimport[39m { getStorage } 
[36mfrom[39m 
[32m'firebase/storage'[39m[33m;[39m
 [90m   |[39m [31m[1m^[22m[39m[31m[1m
^[22m[39m[31m[1m^[22m[39m[31m[1m^[22
m[39m[31m[1m^[22m[39m[31m[1m^[22m[39
m[31m[1m^[22m[39m[31m[1m^[22m[39m[31
m[1m^[22m[39m[31m[1m^[22m[39m[31m[1m
^[22m[39m[31m[1m^[22m[39m[31m[1m^[22
m[39m[31m[1m^[22m[39m[31m[1m^[22m[39
m[31m[1m^[22m[39m[31m[1m^[22m[39m[31
m[1m^[22m[39m[31m[1m^[22m[39m[31m[1m
^[22m[39m[31m[1m^[22m[39m[31m[1m^[22
m[39m[31m[1m^[22m[39m[31m[1m^[22m[39
m[31m[1m^[22m[39m[31m[1m^[22m[39m[31
m[1m^[22m[39m[31m[1m^[22m[39m[31m[1m
^[22m[39m[31m[1m^[22m[39m[31m[1m^[22
m[39m[31m[1m^[22m[39m[31m[1m^[22m[39
m[31m[1m^[22m[39m[31m[1m^[22m[39m[31
m[1m^[22m[39m[31m[1m^[22m[39m[31m[1m
^[22m[39m[31m[1m^[22m[39m[31m[1m^[22
m[39m[31m[1m^[22m[39m[31m[1m^[22m[39
m[31m[1m^[22m[39m[31m[1m^[22m[39m[31
m[1m^[22m[39m[31m[1m^[22m[39m
 [90m 3 |[39m
 [90m 4 |[39m [90m// Configura├º├úo do 
Firebase (client-side)[39m
 [90m 5 |[39m [36mconst[39m 
firebaseConfig [33m=[39m {[0m



Import traces:
  Client Component Browser:
    ./src/lib/firebase-client.ts [Client 
Component Browser]
    ./src/lib/firebase-upload.ts [Client 
Component Browser]
    ./src/components/admin/forms/file-upload-
form.tsx [Client Component Browser]
    ./src/components/admin/dashboard/action-b
uttons.tsx [Client Component Browser]
    
./src/app/(admin)/admin/dashboard/page.tsx 
[Client Component Browser]
    
./src/app/(admin)/admin/dashboard/page.tsx 
[Server Component]

  Client Component SSR:
    ./src/lib/firebase-client.ts [Client 
Component SSR]
    ./src/lib/firebase-upload.ts [Client 
Component SSR]
    ./src/components/admin/forms/file-upload-
form.tsx [Client Component SSR]
    ./src/components/admin/dashboard/action-b
uttons.tsx [Client Component SSR]
    
./src/app/(admin)/admin/dashboard/page.tsx 
[Client Component SSR]
    
./src/app/(admin)/admin/dashboard/page.tsx 
[Server Component]

https://nextjs.org/docs/messages/module-not-f
ound


./src/lib/firebase-upload.ts:1:1
Module not found: Can't resolve 
'firebase/storage'
[0m[31m[1m>[22m[39m[90m 1 |[39m 
[36mimport[39m { ref[33m,[39m 
uploadBytesResumable[33m,[39m 
getDownloadURL } [36mfrom[39m 
[32m'firebase/storage'[39m[33m;[39m
 [90m   |[39m [31m[1m^[22m[39m[31m[1m
^[22m[39m[31m[1m^[22m[39m[31m[1m^[22
m[39m[31m[1m^[22m[39m[31m[1m^[22m[39
m[31m[1m^[22m[39m[31m[1m^[22m[39m[31
m[1m^[22m[39m[31m[1m^[22m[39m[31m[1m
^[22m[39m[31m[1m^[22m[39m[31m[1m^[22
m[39m[31m[1m^[22m[39m[31m[1m^[22m[39
m[31m[1m^[22m[39m[31m[1m^[22m[39m[31
m[1m^[22m[39m[31m[1m^[22m[39m[31m[1m
^[22m[39m[31m[1m^[22m[39m[31m[1m^[22
m[39m[31m[1m^[22m[39m[31m[1m^[22m[39
m[31m[1m^[22m[39m[31m[1m^[22m[39m[31
m[1m^[22m[39m[31m[1m^[22m[39m[31m[1m
^[22m[39m[31m[1m^[22m[39m[31m[1m^[22
m[39m[31m[1m^[22m[39m[31m[1m^[22m[39
m[31m[1m^[22m[39m[31m[1m^[22m[39m[31
m[1m^[22m[39m[31m[1m^[22m[39m[31m[1m
^[22m[39m[31m[1m^[22m[39m[31m[1m^[22
m[39m[31m[1m^[22m[39m[31m[1m^[22m[39
m[31m[1m^[22m[39m[31m[1m^[22m[39m[31
m[1m^[22m[39m[31m[1m^[22m[39m[31m[1m
^[22m[39m[31m[1m^[22m[39m[31m[1m^[22
m[39m[31m[1m^[22m[39m[31m[1m^[22m[39
m[31m[1m^[22m[39m[31m[1m^[22m[39m[31
m[1m^[22m[39m[31m[1m^[22m[39m[31m[1m
^[22m[39m[31m[1m^[22m[39m[31m[1m^[22
m[39m[31m[1m^[22m[39m[31m[1m^[22m[39
m[31m[1m^[22m[39m[31m[1m^[22m[39m[31
m[1m^[22m[39m[31m[1m^[22m[39m[31m[1m
^[22m[39m[31m[1m^[22m[39m[31m[1m^[22
m[39m[31m[1m^[22m[39m[31m[1m^[22m[39
m[31m[1m^[22m[39m[31m[1m^[22m[39m[31
m[1m^[22m[39m[31m[1m^[22m[39m[31m[1m
^[22m[39m[31m[1m^[22m[39m[31m[1m^[22
m[39m[31m[1m^[22m[39m
 [90m 2 |[39m [36mimport[39m { storage } 
[36mfrom[39m 
[32m'./firebase-client'[39m[33m;[39m
 [90m 3 |[39m
 [90m 4 |[39m [90m// Prefixo do app para 
isolamento de dados no Storage 
compartilhado[39m[0m



Import traces:
  Client Component Browser:
    ./src/lib/firebase-upload.ts [Client 
Component Browser]
    ./src/components/admin/forms/file-upload-
form.tsx [Client Component Browser]
    ./src/components/admin/dashboard/action-b
uttons.tsx [Client Component Browser]
    
./src/app/(admin)/admin/dashboard/page.tsx 
[Client Component Browser]
    
./src/app/(admin)/admin/dashboard/page.tsx 
[Server Component]

  Client Component SSR:
    ./src/lib/firebase-upload.ts [Client 
Component SSR]
    ./src/components/admin/forms/file-upload-
form.tsx [Client Component SSR]
    ./src/components/admin/dashboard/action-b
uttons.tsx [Client Component SSR]
    
./src/app/(admin)/admin/dashboard/page.tsx 
[Client Component SSR]
    
./src/app/(admin)/admin/dashboard/page.tsx 
[Server Component]

https://nextjs.org/docs/messages/module-not-f
ound


./src/lib/actions/safe-action.ts:1:1
Module not found: Can't resolve 
'next-safe-action'
[0m[31m[1m>[22m[39m[90m 1 |[39m 
[36mimport[39m { createSafeActionClient } 
[36mfrom[39m 
[32m'next-safe-action'[39m[33m;[39m
 [90m   |[39m [31m[1m^[22m[39m[31m[1m
^[22m[39m[31m[1m^[22m[39m[31m[1m^[22
m[39m[31m[1m^[22m[39m[31m[1m^[22m[39
m[31m[1m^[22m[39m[31m[1m^[22m[39m[31
m[1m^[22m[39m[31m[1m^[22m[39m[31m[1m
^[22m[39m[31m[1m^[22m[39m[31m[1m^[22
m[39m[31m[1m^[22m[39m[31m[1m^[22m[39
m[31m[1m^[22m[39m[31m[1m^[22m[39m[31
m[1m^[22m[39m[31m[1m^[22m[39m[31m[1m
^[22m[39m[31m[1m^[22m[39m[31m[1m^[22
m[39m[31m[1m^[22m[39m[31m[1m^[22m[39
m[31m[1m^[22m[39m[31m[1m^[22m[39m[31
m[1m^[22m[39m[31m[1m^[22m[39m[31m[1m
^[22m[39m[31m[1m^[22m[39m[31m[1m^[22
m[39m[31m[1m^[22m[39m[31m[1m^[22m[39
m[31m[1m^[22m[39m[31m[1m^[22m[39m[31
m[1m^[22m[39m[31m[1m^[22m[39m[31m[1m
^[22m[39m[31m[1m^[22m[39m[31m[1m^[22
m[39m[31m[1m^[22m[39m[31m[1m^[22m[39
m[31m[1m^[22m[39m[31m[1m^[22m[39m[31
m[1m^[22m[39m[31m[1m^[22m[39m[31m[1m
^[22m[39m[31m[1m^[22m[39m[31m[1m^[22
m[39m[31m[1m^[22m[39m[31m[1m^[22m[39
m[31m[1m^[22m[39m[31m[1m^[22m[39m[31
m[1m^[22m[39m[31m[1m^[22m[39m[31m[1m
^[22m[39m[31m[1m^[22m[39m[31m[1m^[22
m[39m
 [90m 2 |[39m
 [90m 3 |[39m [36mexport[39m type 
[33mActionStatus[39m [33m=[39m 
[32m'success'[39m [33m|[39m 
[32m'error'[39m[33m;[39m
 [90m 4 |[39m[0m



Import traces:
  #1 [Server Component]:
    ./src/lib/actions/safe-action.ts
    
./src/app/(dashboard)/audit-logs/actions.ts

  #2 [Server Component]:
    ./src/lib/actions/safe-action.ts
    
./src/app/(dashboard)/accordions/actions.ts
    ./src/app/(dashboard)/accordions/page.tsx

https://nextjs.org/docs/messages/module-not-f
ound


./src/app/(admin)/admin/logs/page.tsx:2:1
Export LogsPage doesn't exist in target 
module
[0m [90m 1 |[39m [36mimport[39m { 
[33mSuspense[39m } [36mfrom[39m 
[32m'react'[39m[33m;[39m
[31m[1m>[22m[39m[90m 2 |[39m 
[36mimport[39m { [33mLogsPage[39m } 
[36mfrom[39m [32m'@/components/admin/logs/
logs-page'[39m[33m;[39m
 [90m   |[39m [31m[1m^[22m[39m[31m[1m
^[22m[39m[31m[1m^[22m[39m[31m[1m^[22
m[39m[31m[1m^[22m[39m[31m[1m^[22m[39
m[31m[1m^[22m[39m[31m[1m^[22m[39m[31
m[1m^[22m[39m[31m[1m^[22m[39m[31m[1m
^[22m[39m[31m[1m^[22m[39m[31m[1m^[22
m[39m[31m[1m^[22m[39m[31m[1m^[22m[39
m[31m[1m^[22m[39m[31m[1m^[22m[39m[31
m[1m^[22m[39m[31m[1m^[22m[39m[31m[1m
^[22m[39m[31m[1m^[22m[39m[31m[1m^[22
m[39m[31m[1m^[22m[39m[31m[1m^[22m[39
m[31m[1m^[22m[39m[31m[1m^[22m[39m[31
m[1m^[22m[39m[31m[1m^[22m[39m[31m[1m
^[22m[39m[31m[1m^[22m[39m[31m[1m^[22
m[39m[31m[1m^[22m[39m[31m[1m^[22m[39
m[31m[1m^[22m[39m[31m[1m^[22m[39m[31
m[1m^[22m[39m[31m[1m^[22m[39m[31m[1m
^[22m[39m[31m[1m^[22m[39m[31m[1m^[22
m[39m[31m[1m^[22m[39m[31m[1m^[22m[39
m[31m[1m^[22m[39m[31m[1m^[22m[39m[31
m[1m^[22m[39m[31m[1m^[22m[39m[31m[1m
^[22m[39m[31m[1m^[22m[39m[31m[1m^[22
m[39m[31m[1m^[22m[39m[31m[1m^[22m[39
m[31m[1m^[22m[39m[31m[1m^[22m[39m[31
m[1m^[22m[39m[31m[1m^[22m[39m[31m[1m
^[22m[39m[31m[1m^[22m[39m[31m[1m^[22
m[39m[31m[1m^[22m[39m[31m[1m^[22m[39
m[31m[1m^[22m[39m
 [90m 3 |[39m [36mimport[39m { 
[33mSkeleton[39m } [36mfrom[39m [32m'@/c
omponents/ui/skeleton'[39m[33m;[39m
 [90m 4 |[39m
 [90m 5 |[39m [36mexport[39m 
[36mconst[39m metadata [33m=[39m {[0m

The export LogsPage was not found in module [
project]/src/components/admin/logs/logs-page.
tsx [app-rsc] (ecmascript).
Did you mean to import default?
All exports of the module are statically 
known (It doesn't have dynamic exports). So 
it's known statically that the requested 
export doesn't exist.


./src/components/admin/forms/file-upload-form
.tsx:12:1
Export uploadToFirebase doesn't exist in 
target module
[0m [90m 10 |[39m [36mimport[39m { 
useEffect[33m,[39m useState } 
[36mfrom[39m [32m"react"[39m[33m;[39m
 [90m 11 |[39m [36mimport[39m { 
categoriesService[33m,[39m type 
[33mCategory[39m } [36mfrom[39m [32m"@/l
ib/services/categories"[39m[33m;[39m
[31m[1m>[22m[39m[90m 12 |[39m 
[36mimport[39m { uploadToFirebase } 
[36mfrom[39m 
[32m"@/lib/firebase-upload"[39m[33m;[39m
 [90m    |[39m [31m[1m^[22m[39m[31m[1
m^[22m[39m[31m[1m^[22m[39m[31m[1m^[2
2m[39m[31m[1m^[22m[39m[31m[1m^[22m[3
9m[31m[1m^[22m[39m[31m[1m^[22m[39m[3
1m[1m^[22m[39m[31m[1m^[22m[39m[31m[1
m^[22m[39m[31m[1m^[22m[39m[31m[1m^[2
2m[39m[31m[1m^[22m[39m[31m[1m^[22m[3
9m[31m[1m^[22m[39m[31m[1m^[22m[39m[3
1m[1m^[22m[39m[31m[1m^[22m[39m[31m[1
m^[22m[39m[31m[1m^[22m[39m[31m[1m^[2
2m[39m[31m[1m^[22m[39m[31m[1m^[22m[3
9m[31m[1m^[22m[39m[31m[1m^[22m[39m[3
1m[1m^[22m[39m[31m[1m^[22m[39m[31m[1
m^[22m[39m[31m[1m^[22m[39m[31m[1m^[2
2m[39m[31m[1m^[22m[39m[31m[1m^[22m[3
9m[31m[1m^[22m[39m[31m[1m^[22m[39m[3
1m[1m^[22m[39m[31m[1m^[22m[39m[31m[1
m^[22m[39m[31m[1m^[22m[39m[31m[1m^[2
2m[39m[31m[1m^[22m[39m[31m[1m^[22m[3
9m[31m[1m^[22m[39m[31m[1m^[22m[39m[3
1m[1m^[22m[39m[31m[1m^[22m[39m[31m[1
m^[22m[39m[31m[1m^[22m[39m[31m[1m^[2
2m[39m[31m[1m^[22m[39m[31m[1m^[22m[3
9m[31m[1m^[22m[39m[31m[1m^[22m[39m[3
1m[1m^[22m[39m[31m[1m^[22m[39m[31m[1
m^[22m[39m[31m[1m^[22m[39m
 [90m 13 |[39m [36mimport[39m { 
isVideoFile } [36mfrom[39m [32m"@/lib/clie
nt-video-thumbnail"[39m[33m;[39m
 [90m 14 |[39m [36mimport[39m { 
[33mUpload[39m[33m,[39m [33mImage[39m 
[36mas[39m [33mImageIcon[39m[33m,[39m 
[33mFileUp[39m } [36mfrom[39m 
[32m"lucide-react"[39m[33m;[39m
 [90m 15 |[39m [36mimport[39m { 
[33mBadge[39m } [36mfrom[39m [32m"@/comp
onents/ui/badge"[39m[33m;[39m[0m

The export uploadToFirebase was not found in 
module [project]/src/lib/firebase-upload.ts 
[app-client] (ecmascript).
Did you mean to import 
uploadToFirebaseWithProgress?
All exports of the module are statically 
known (It doesn't have dynamic exports). So 
it's known statically that the requested 
export doesn't exist.

Import traces:
  Client Component Browser:
    ./src/components/admin/forms/file-upload-
form.tsx [Client Component Browser]
    ./src/components/admin/dashboard/action-b
uttons.tsx [Client Component Browser]
    
./src/app/(admin)/admin/dashboard/page.tsx 
[Client Component Browser]
    
./src/app/(admin)/admin/dashboard/page.tsx 
[Server Component]

  Client Component SSR:
    ./src/components/admin/forms/file-upload-
form.tsx [Client Component SSR]
    ./src/components/admin/dashboard/action-b
uttons.tsx [Client Component SSR]
    
./src/app/(admin)/admin/dashboard/page.tsx 
[Client Component SSR]
    
./src/app/(admin)/admin/dashboard/page.tsx 
[Server Component]


./src/components/admin/forms/file-upload-form
.tsx:12:1
Export uploadToFirebase doesn't exist in 
target module
[0m [90m 10 |[39m [36mimport[39m { 
useEffect[33m,[39m useState } 
[36mfrom[39m [32m"react"[39m[33m;[39m
 [90m 11 |[39m [36mimport[39m { 
categoriesService[33m,[39m type 
[33mCategory[39m } [36mfrom[39m [32m"@/l
ib/services/categories"[39m[33m;[39m
[31m[1m>[22m[39m[90m 12 |[39m 
[36mimport[39m { uploadToFirebase } 
[36mfrom[39m 
[32m"@/lib/firebase-upload"[39m[33m;[39m
 [90m    |[39m [31m[1m^[22m[39m[31m[1
m^[22m[39m[31m[1m^[22m[39m[31m[1m^[2
2m[39m[31m[1m^[22m[39m[31m[1m^[22m[3
9m[31m[1m^[22m[39m[31m[1m^[22m[39m[3
1m[1m^[22m[39m[31m[1m^[22m[39m[31m[1
m^[22m[39m[31m[1m^[22m[39m[31m[1m^[2
2m[39m[31m[1m^[22m[39m[31m[1m^[22m[3
9m[31m[1m^[22m[39m[31m[1m^[22m[39m[3
1m[1m^[22m[39m[31m[1m^[22m[39m[31m[1
m^[22m[39m[31m[1m^[22m[39m[31m[1m^[2
2m[39m[31m[1m^[22m[39m[31m[1m^[22m[3
9m[31m[1m^[22m[39m[31m[1m^[22m[39m[3
1m[1m^[22m[39m[31m[1m^[22m[39m[31m[1
m^[22m[39m[31m[1m^[22m[39m[31m[1m^[2
2m[39m[31m[1m^[22m[39m[31m[1m^[22m[3
9m[31m[1m^[22m[39m[31m[1m^[22m[39m[3
1m[1m^[22m[39m[31m[1m^[22m[39m[31m[1
m^[22m[39m[31m[1m^[22m[39m[31m[1m^[2
2m[39m[31m[1m^[22m[39m[31m[1m^[22m[3
9m[31m[1m^[22m[39m[31m[1m^[22m[39m[3
1m[1m^[22m[39m[31m[1m^[22m[39m[31m[1
m^[22m[39m[31m[1m^[22m[39m[31m[1m^[2
2m[39m[31m[1m^[22m[39m[31m[1m^[22m[3
9m[31m[1m^[22m[39m[31m[1m^[22m[39m[3
1m[1m^[22m[39m[31m[1m^[22m[39m[31m[1
m^[22m[39m[31m[1m^[22m[39m
 [90m 13 |[39m [36mimport[39m { 
isVideoFile } [36mfrom[39m [32m"@/lib/clie
nt-video-thumbnail"[39m[33m;[39m
 [90m 14 |[39m [36mimport[39m { 
[33mUpload[39m[33m,[39m [33mImage[39m 
[36mas[39m [33mImageIcon[39m[33m,[39m 
[33mFileUp[39m } [36mfrom[39m 
[32m"lucide-react"[39m[33m;[39m
 [90m 15 |[39m [36mimport[39m { 
[33mBadge[39m } [36mfrom[39m [32m"@/comp
onents/ui/badge"[39m[33m;[39m[0m

The export uploadToFirebase was not found in 
module [project]/src/lib/firebase-upload.ts 
[app-ssr] (ecmascript).
Did you mean to import 
uploadToFirebaseWithProgress?
All exports of the module are statically 
known (It doesn't have dynamic exports). So 
it's known statically that the requested 
export doesn't exist.

Import traces:
  Client Component Browser:
    ./src/components/admin/forms/file-upload-
form.tsx [Client Component Browser]
    ./src/components/admin/dashboard/action-b
uttons.tsx [Client Component Browser]
    
./src/app/(admin)/admin/dashboard/page.tsx 
[Client Component Browser]
    
./src/app/(admin)/admin/dashboard/page.tsx 
[Server Component]

  Client Component SSR:
    ./src/components/admin/forms/file-upload-
form.tsx [Client Component SSR]
    ./src/components/admin/dashboard/action-b
uttons.tsx [Client Component SSR]
    
./src/app/(admin)/admin/dashboard/page.tsx 
[Client Component SSR]
    
./src/app/(admin)/admin/dashboard/page.tsx 
[Server Component]


    at <unknown> (./src/app/(dashboard)/pages
/[id]/page.tsx:7:1)
    at <unknown> (https://nextjs.org/docs/mes
sages/module-not-found)
    at <unknown> (./src/app/(dashboard)/pages
/new/page.tsx:7:1)
    at <unknown> (https://nextjs.org/docs/mes
sages/module-not-found)
    at <unknown> 
(./src/app/(dashboard)/pages/page.tsx:11:1)
    at <unknown> (https://nextjs.org/docs/mes
sages/module-not-found)
    at <unknown> 
(./src/app/(dashboard)/backups/page.tsx:1:1)
    at <unknown> (https://nextjs.org/docs/mes
sages/module-not-found)
    at <unknown> 
(./src/app/(dashboard)/backups/page.tsx:2:1)
    at <unknown> (https://nextjs.org/docs/mes
sages/module-not-found)
    at <unknown> (./src/app/(dashboard)/posts
/[id]/page.tsx:7:1)
    at <unknown> (https://nextjs.org/docs/mes
sages/module-not-found)
    at <unknown> (./src/app/(dashboard)/accor
dions/page-client.tsx:17:1)
    at <unknown> (https://nextjs.org/docs/mes
sages/module-not-found)
    at <unknown> (./src/app/(dashboard)/accor
dions/page-client.tsx:18:1)
    at <unknown> (https://nextjs.org/docs/mes
sages/module-not-found)
    at <unknown> (./src/app/(dashboard)/accor
dions/page-client.tsx:16:1)
    at <unknown> (https://nextjs.org/docs/mes
sages/module-not-found)
    at <unknown> (./src/app/(dashboard)/audit
-logs/page.tsx:6:1)
    at <unknown> (https://nextjs.org/docs/mes
sages/module-not-found)
    at <unknown> (./src/app/(dashboard)/audit
-logs/page.tsx:5:1)
    at <unknown> (https://nextjs.org/docs/mes
sages/module-not-found)
    at <unknown> (./src/app/(dashboard)/categ
ories/categories-hierarchy-client.tsx:6:1)
    at <unknown> (https://nextjs.org/docs/mes
sages/module-not-found)
    at <unknown> (./src/app/(dashboard)/categ
ories/categories-hierarchy-client.tsx:5:1)
    at <unknown> (https://nextjs.org/docs/mes
sages/module-not-found)
    at <unknown> (./src/app/(dashboard)/comme
nts/page.tsx:13:1)
    at <unknown> (https://nextjs.org/docs/mes
sages/module-not-found)
    at <unknown> (./src/app/(dashboard)/comme
nts/page.tsx:15:1)
    at <unknown> (https://nextjs.org/docs/mes
sages/module-not-found)
    at <unknown> (./src/app/(dashboard)/comme
nts/page.tsx:14:1)
    at <unknown> (https://nextjs.org/docs/mes
sages/module-not-found)
    at <unknown> (./src/app/(dashboard)/accor
dions/page.tsx:3:1)
    at <unknown> (https://nextjs.org/docs/mes
sages/module-not-found)
    at <unknown> (./src/app/(dashboard)/audit
-logs/page.tsx:7:1)
    at <unknown> (https://nextjs.org/docs/mes
sages/module-not-found)
    at <unknown> (./src/app/(dashboard)/categ
ories/page.tsx:3:1)
    at <unknown> (https://nextjs.org/docs/mes
sages/module-not-found)
    at <unknown> (./src/app/(dashboard)/comme
nts/page.tsx:12:1)
    at <unknown> (https://nextjs.org/docs/mes
sages/module-not-found)
    at <unknown> (./src/app/(dashboard)/cta-p
opups/page.tsx:5:1)
    at <unknown> (https://nextjs.org/docs/mes
sages/module-not-found)
    at <unknown> (./src/app/(dashboard)/image
-galleries/page.tsx:6:1)
    at <unknown> (https://nextjs.org/docs/mes
sages/module-not-found)
    at <unknown> 
(./src/app/(dashboard)/media/page.tsx:5:1)
    at <unknown> (https://nextjs.org/docs/mes
sages/module-not-found)
    at <unknown> 
(./src/app/(dashboard)/menus/page.tsx:4:1)
    at <unknown> (https://nextjs.org/docs/mes
sages/module-not-found)
    at <unknown> 
(./src/app/(dashboard)/pages/page.tsx:8:1)
    at <unknown> (https://nextjs.org/docs/mes
sages/module-not-found)
    at <unknown> 
(./src/app/(dashboard)/posts/page.tsx:13:1)
    at <unknown> (https://nextjs.org/docs/mes
sages/module-not-found)
    at <unknown> (./src/app/(dashboard)/users
/page-client.tsx:10:1)
    at <unknown> (https://nextjs.org/docs/mes
sages/module-not-found)
    at <unknown> (./src/app/(dashboard)/cta-p
opups/page-client.tsx:9:1)
    at <unknown> (https://nextjs.org/docs/mes
sages/module-not-found)
    at <unknown> (./src/app/(dashboard)/cta-p
opups/page-client.tsx:10:1)
    at <unknown> (https://nextjs.org/docs/mes
sages/module-not-found)
    at <unknown> (./src/app/(dashboard)/cta-p
opups/page-client.tsx:8:1)
    at <unknown> (https://nextjs.org/docs/mes
sages/module-not-found)
    at <unknown> (./src/app/(dashboard)/image
-galleries/page-client.tsx:556:1)
    at <unknown> (https://nextjs.org/docs/mes
sages/module-not-found)
    at <unknown> (./src/app/(dashboard)/image
-galleries/page-client.tsx:19:1)
    at <unknown> (https://nextjs.org/docs/mes
sages/module-not-found)
    at <unknown> (./src/app/(dashboard)/image
-galleries/page-client.tsx:18:1)
    at <unknown> (https://nextjs.org/docs/mes
sages/module-not-found)
    at <unknown> (./src/app/(dashboard)/media
/media-library-client.tsx:23:1)
    at <unknown> (https://nextjs.org/docs/mes
sages/module-not-found)
    at <unknown> (./src/app/(dashboard)/media
/media-library-client.tsx:21:1)
    at <unknown> (https://nextjs.org/docs/mes
sages/module-not-found)
    at <unknown> (./src/app/(dashboard)/media
/media-library-client.tsx:22:1)
    at <unknown> (https://nextjs.org/docs/mes
sages/module-not-found)
    at <unknown> (./src/app/(dashboard)/menus
/[id]/page.tsx:6:1)
    at <unknown> (https://nextjs.org/docs/mes
sages/module-not-found)
    at <unknown> (./src/app/(dashboard)/menus
/menus-client.tsx:14:1)
    at <unknown> (https://nextjs.org/docs/mes
sages/module-not-found)
    at <unknown> (./src/app/(dashboard)/menus
/menus-client.tsx:15:1)
    at <unknown> (https://nextjs.org/docs/mes
sages/module-not-found)
    at <unknown> (./src/app/(dashboard)/menus
/menus-client.tsx:16:1)
    at <unknown> (https://nextjs.org/docs/mes
sages/module-not-found)
    at <unknown> (./src/app/(dashboard)/pages
/[id]/page.tsx:6:1)
    at <unknown> (https://nextjs.org/docs/mes
sages/module-not-found)
    at <unknown> (./src/app/(dashboard)/pages
/new/page.tsx:6:1)
    at <unknown> (https://nextjs.org/docs/mes
sages/module-not-found)
    at <unknown> 
(./src/app/(dashboard)/pages/page.tsx:10:1)
    at <unknown> (https://nextjs.org/docs/mes
sages/module-not-found)
    at <unknown> 
(./src/app/(dashboard)/pages/page.tsx:7:1)
    at <unknown> (https://nextjs.org/docs/mes
sages/module-not-found)
    at <unknown> (./src/app/(dashboard)/posts
/[id]/page.tsx:9:1)
    at <unknown> (https://nextjs.org/docs/mes
sages/module-not-found)
    at <unknown> (./src/app/(dashboard)/posts
/[id]/page.tsx:6:1)
    at <unknown> (https://nextjs.org/docs/mes
sages/module-not-found)
    at <unknown> 
(./src/app/(dashboard)/posts/page.tsx:8:1)
    at <unknown> (https://nextjs.org/docs/mes
sages/module-not-found)
    at <unknown> 
(./src/app/(dashboard)/posts/page.tsx:7:1)
    at <unknown> (https://nextjs.org/docs/mes
sages/module-not-found)
    at <unknown> (./src/app/(dashboard)/users
/page-client.tsx:9:1)
    at <unknown> (https://nextjs.org/docs/mes
sages/module-not-found)
    at <unknown> (./src/app/(dashboard)/users
/page-client.tsx:8:1)
    at <unknown> (https://nextjs.org/docs/mes
sages/module-not-found)
    at <unknown> (./src/lib/db.ts:1:1)
    at <unknown> (https://nextjs.org/docs/mes
sages/module-not-found)
    at <unknown> 
(./src/app/auth/callback/route.ts:3:1)
    at <unknown> (https://nextjs.org/docs/mes
sages/module-not-found)
    at <unknown> 
(./src/lib/firebase-client.ts:1:1)
    at <unknown> (https://nextjs.org/docs/mes
sages/module-not-found)
    at <unknown> 
(./src/lib/firebase-client.ts:2:1)
    at <unknown> (https://nextjs.org/docs/mes
sages/module-not-found)
    at <unknown> 
(./src/lib/firebase-upload.ts:1:1)
    at <unknown> (https://nextjs.org/docs/mes
sages/module-not-found)
    at <unknown> 
(./src/lib/actions/safe-action.ts:1:1)
    at <unknown> (https://nextjs.org/docs/mes
sages/module-not-found)
    at <unknown> 
(./src/app/(admin)/admin/logs/page.tsx:2:1)
    at <unknown> (./src/components/admin/form
s/file-upload-form.tsx:12:1)
    at <unknown> (./src/components/admin/form
s/file-upload-form.tsx:12:1)
ÔÇëELIFECYCLEÔÇë Command failed with exit code 1.
